Archive member included because of file (symbol)

startup/libea_startup_thumb.a(consol.o)
                              main.o (simplePrintf)
startup/libea_startup_thumb.a(framework.o)
                              main.o (eaInit)
startup/libea_startup_thumb.a(startup.o)
                              (_startup)
irq_code/irqUart.a(irqUart.o)
                              uart.o (disIrq)
pre_emptive_os/pre_emptive_os.a(kernel.o)
                              main.o (osInit)
pre_emptive_os/pre_emptive_os.a(prioqueue.o)
                              pre_emptive_os/pre_emptive_os.a(kernel.o) (initPrioQueue)
pre_emptive_os/pre_emptive_os.a(count_sem.o)
                              uart.o (osSemInit)
pre_emptive_os/pre_emptive_os.a(timer.o)
                              pre_emptive_os/pre_emptive_os.a(kernel.o) (timerTick)
pre_emptive_os/pre_emptive_os.a(stack_usage.o)
                              pre_emptive_os/pre_emptive_os.a(kernel.o) (createStackPattern)
pre_emptive_os/pre_emptive_os.a(a7hal.o)
                              pre_emptive_os/pre_emptive_os.a(kernel.o) (stkFrameInit_oshal)
pre_emptive_os/pre_emptive_os.a(a7hal_a.o)
                              pre_emptive_os/pre_emptive_os.a(kernel.o) (startHighProc_oshal)
pre_emptive_os/pre_emptive_os.a(event.o)
                              pre_emptive_os/pre_emptive_os.a(count_sem.o) (eventInit)
/cygdrive/c/Embedded/GNUARM/bin/../lib/gcc/arm-elf/4.1.1/interwork/libgcc.a(_udivsi3.o)
                              exampleGame.o (__udivsi3)
/cygdrive/c/Embedded/GNUARM/bin/../lib/gcc/arm-elf/4.1.1/interwork/libgcc.a(_divsi3.o)
                              pre_emptive_os/pre_emptive_os.a(stack_usage.o) (__divsi3)
/cygdrive/c/Embedded/GNUARM/bin/../lib/gcc/arm-elf/4.1.1/interwork/libgcc.a(_umodsi3.o)
                              exampleGame.o (__umodsi3)
/cygdrive/c/Embedded/GNUARM/bin/../lib/gcc/arm-elf/4.1.1/interwork/libgcc.a(_modsi3.o)
                              exampleGame.o (__modsi3)
/cygdrive/c/Embedded/GNUARM/bin/../lib/gcc/arm-elf/4.1.1/interwork/libgcc.a(_dvmd_tls.o)
                              /cygdrive/c/Embedded/GNUARM/bin/../lib/gcc/arm-elf/4.1.1/interwork/libgcc.a(_udivsi3.o) (__div0)
/cygdrive/c/Embedded/GNUARM/bin/../lib/gcc/arm-elf/4.1.1/interwork/libgcc.a(_call_via_rX.o)
                              pre_emptive_os/pre_emptive_os.a(timer.o) (_call_via_r4)
/cygdrive/c/Embedded/GNUARM/bin/../lib/gcc/arm-elf/4.1.1/../../../../arm-elf/lib/interwork/libc.a(atoi.o)
                              startup/libea_startup_thumb.a(consol.o) (atoi)
/cygdrive/c/Embedded/GNUARM/bin/../lib/gcc/arm-elf/4.1.1/../../../../arm-elf/lib/interwork/libc.a(memcpy.o)
                              hw.o (memcpy)
/cygdrive/c/Embedded/GNUARM/bin/../lib/gcc/arm-elf/4.1.1/../../../../arm-elf/lib/interwork/libc.a(rand.o)
                              exampleGame.o (srand)
/cygdrive/c/Embedded/GNUARM/bin/../lib/gcc/arm-elf/4.1.1/../../../../arm-elf/lib/interwork/libc.a(strlen.o)
                              startup/libea_startup_thumb.a(consol.o) (strlen)
/cygdrive/c/Embedded/GNUARM/bin/../lib/gcc/arm-elf/4.1.1/../../../../arm-elf/lib/interwork/libc.a(strtol.o)
                              /cygdrive/c/Embedded/GNUARM/bin/../lib/gcc/arm-elf/4.1.1/../../../../arm-elf/lib/interwork/libc.a(atoi.o) (_strtol_r)
/cygdrive/c/Embedded/GNUARM/bin/../lib/gcc/arm-elf/4.1.1/../../../../arm-elf/lib/interwork/libc.a(ctype_.o)
                              /cygdrive/c/Embedded/GNUARM/bin/../lib/gcc/arm-elf/4.1.1/../../../../arm-elf/lib/interwork/libc.a(strtol.o) (__ctype_ptr)
/cygdrive/c/Embedded/GNUARM/bin/../lib/gcc/arm-elf/4.1.1/../../../../arm-elf/lib/interwork/libc.a(impure.o)
                              /cygdrive/c/Embedded/GNUARM/bin/../lib/gcc/arm-elf/4.1.1/../../../../arm-elf/lib/interwork/libc.a(rand.o) (_impure_ptr)

Allocating common symbols
Common symbol       size              file

uart1RxBuf          0x400             uart.o
receiveSem          0x1c              uart.o
ms                  0x4               main.o
ver1_1              0x1               hw.o
pHeapEnd            0x4               startup/libea_startup_thumb.a(framework.o)
pHeapStart          0x4               startup/libea_startup_thumb.a(framework.o)
uart1TxBuf          0x100             uart.o
ver1_0              0x1               hw.o
processControlBlocks
                    0xc8              pre_emptive_os/pre_emptive_os.a(kernel.o)

Discarded input sections

 .stabstr       0x00000000        0x0 startup/libea_startup_thumb.a(startup.o)
 .stabstr       0x00000000        0x0 pre_emptive_os/pre_emptive_os.a(a7hal_a.o)

Memory Configuration

Name             Origin             Length             Attributes
FLASH            0x00000000         0x00020000         xr
RAM              0x40000000         0x00004000         rw
*default*        0x00000000         0xffffffff

Linker script and memory map

LOAD main.o
LOAD lcd.o
LOAD key.o
LOAD select.o
LOAD uart.o
LOAD exampleGame.o
LOAD eeprom.o
LOAD i2c.o
LOAD tetris.o
LOAD hw.o
LOAD startup/libea_startup_thumb.a
LOAD irq_code/irqUart.a
LOAD gcc_files/libm.a
LOAD pre_emptive_os/pre_emptive_os.a
START GROUP
LOAD /cygdrive/c/Embedded/GNUARM/bin/../lib/gcc/arm-elf/4.1.1/interwork/libgcc.a
LOAD /cygdrive/c/Embedded/GNUARM/bin/../lib/gcc/arm-elf/4.1.1/../../../../arm-elf/lib/interwork/libc.a
END GROUP

.text           0x00000000     0x4518
 *startup.o(.text)
 .text          0x00000000      0x1d8 startup/libea_startup_thumb.a(startup.o)
                0x00000000                _startup
 *(.text)
 .text          0x000001d8      0x2fc main.o
                0x000001d8                appTick
                0x000001e8                main
 .text          0x000004d4      0x570 lcd.o
                0x000004d4                lcdColor
                0x000006a0                lcdWindow
                0x000008e0                lcdClrscr
                0x000007a8                lcdRectBrd
                0x00000624                lcdPutchar
                0x000008bc                lcdContrast
                0x00000934                lcdOff
                0x00000950                lcdInit
                0x000006f8                lcdIcon
                0x0000055c                lcdData
                0x000004e8                lcdWrdata
                0x00000858                lcdRect
                0x000004f8                lcdWrcmd
                0x00000688                lcdPuts
                0x000006d0                lcdGotoxy
 .text          0x00000a44      0x1e0 key.o
                0x00000a54                checkKey2
                0x00000aa0                sampleKey
                0x00000a60                initKeyProc
                0x00000a44                checkKey
 .text          0x00000c24      0x160 select.o
                0x00000c94                drawMenu
 .text          0x00000d84      0x280 uart.o
                0x00000e34                uart1SendChar
                0x00000eb8                uart1SendChars
                0x00000efc                uart1SendString
                0x00000ee0                uart1SendCh
                0x00000f14                initUart1
                0x00000dec                uart1GetChSem
                0x00000d84                uart1GetChar
                0x00000e18                uart1GetCh
 .text          0x00001004      0x53c exampleGame.o
                0x000013d4                playExample
 .text          0x00001540      0x378 eeprom.o
                0x000016d4                lm75Read
                0x000015e0                pca9532
                0x00001754                eepromWrite
                0x00001860                eepromPoll
                0x000017e0                eepromPageRead
                0x00001540                eepromStartRead
 .text          0x000018b8      0x3e0 i2c.o
                0x00001a7c                i2cInit
                0x00001af0                getI2cLock
                0x00001b58                i2cRead
                0x000019f4                i2cWriteWithWait
                0x000018d0                i2cStart
                0x0000191c                i2cStop
                0x000018b8                i2cCheckStatus
                0x00001970                i2cGetChar
                0x00001b0c                i2cRepeatStart
                0x00001bf8                i2cWrite
                0x000019c8                i2cWaitTransmit
                0x00001a24                i2cMyWrite
                0x00001944                i2cPutChar
                0x00001ad8                releaseI2cLock
 .text          0x00001c98      0x1cc tetris.o
                0x00001d40                logKeys
                0x00001d8c                playTetris
                0x00001d10                bzzbzz
                0x00001c98                delayMS
 .text          0x00001e64      0x44c hw.o
                0x00001ec8                sendToLCD
                0x00002108                resetBT
                0x00001e64                setBuzzer
                0x00001f44                initSpiForLcd
                0x000021f4                immediateIoInit
                0x00002184                resetLCD
                0x0000204c                setLED
                0x00001f9c                getKeys
                0x00001e88                selectLCD
 .text          0x000022b0      0x680 startup/libea_startup_thumb.a(consol.o)
                0x0000276c                consolGetIntNum
                0x000023a8                consolSendCh
                0x00002574                consolGetString
                0x00002418                consolSendNumber
                0x00002530                consolGetCh
                0x00002388                consolSendChar
                0x000025ec                simplePrintf
                0x000023ec                consolSendString
                0x0000284c                consolScanf
                0x00002550                consolGetChar
                0x00002334                consolInit
 .text          0x00002930      0x2bc startup/libea_startup_thumb.a(framework.o)
                0x00002a58                eaInit
                0x000029a8                lowLevelInit
                0x00002930                exceptionHandlerInit
 .text          0x00002bec      0x2bc irq_code/irqUart.a(irqUart.o)
                0x00002c14                uart1ISR
                0x00002c0c                restoreIrq
                0x00002bec                disIrq
 .text          0x00002ea8      0x4f8 pre_emptive_os/pre_emptive_os.a(kernel.o)
                0x00003224                osTick
                0x000032e8                rmvFromRdyList
                0x00003044                osGetHighPrioProc
                0x00003304                osSuspend
                0x00002f58                osInit
                0x00003338                osDeleteProcess
                0x00002f84                osISREnter
                0x00003060                schedule
                0x00002fa8                osCreateProcess
                0x000031a4                addToRdyList
                0x00002ef4                addToTimeList
                0x000031b8                osResume
                0x00002ea8                osPid
                0x00003368                osSleep
                0x000030cc                osISRExit
                0x00003134                osStart
                0x00003160                rmvFromTimeList
                0x00003280                osStartProcess
 .text          0x000033a0      0x124 pre_emptive_os/pre_emptive_os.a(prioqueue.o)
                0x000033a0                initPrioQueue
                0x00003408                rmvFromPrioQueue
                0x000033c0                addToPrioQueue
                0x000034a4                isEmptyPrioQueue
                0x0000346c                getHighPrioQueue
 .text          0x000034c4      0x144 pre_emptive_os/pre_emptive_os.a(count_sem.o)
                0x00003564                osSemGive
                0x000035c8                osSemTryTake
                0x000034c4                osSemInit
                0x000034d8                osSemTake
 .text          0x00003608      0x218 pre_emptive_os/pre_emptive_os.a(timer.o)
                0x00003608                timerTick
                0x0000377c                osInitTimers
                0x00003718                osDeleteTimer
                0x000036ec                osCreateTimer
 .text          0x00003820       0xa4 pre_emptive_os/pre_emptive_os.a(stack_usage.o)
                0x00003820                osStackUsage
                0x00003864                createStackPattern
                0x00003884                checkStackLimit
 .text          0x000038c4      0x1ec pre_emptive_os/pre_emptive_os.a(a7hal.o)
                0x000038fc                stkFrameInit_oshal
                0x000038c4                timerIsr_oshal
                0x000039dc                halRestoreInterrupts_oshal
                0x000039e4                initTimer_oshal
                0x000039cc                halEnableInterrupts_oshal
                0x00003a7c                handleIRQs_oshal
                0x000039ac                halDisableInterrupts_oshal
 .text          0x00003ab0       0xc4 pre_emptive_os/pre_emptive_os.a(a7hal_a.o)
                0x00003abc                startHighProc_oshal
                0x00003ae4                ctxSwitchIsr_oshal
                0x00003ac4                ctxSwitch_oshal
                0x00003b04                generalIRQ_oshal
 .text          0x00003b74       0xd8 pre_emptive_os/pre_emptive_os.a(event.o)
                0x00003b84                eventWait
                0x00003b74                eventInit
                0x00003bec                eventIsEmpty
                0x00003bbc                eventWaitReturn
                0x00003bfc                eventSignal
 .text          0x00003c4c      0x114 /cygdrive/c/Embedded/GNUARM/bin/../lib/gcc/arm-elf/4.1.1/interwork/libgcc.a(_udivsi3.o)
                0x00003c4c                __udivsi3
                0x00003c4c                __aeabi_uidiv
                0x00003d48                __aeabi_uidivmod
 .text          0x00003d60      0x144 /cygdrive/c/Embedded/GNUARM/bin/../lib/gcc/arm-elf/4.1.1/interwork/libgcc.a(_divsi3.o)
                0x00003d60                __aeabi_idiv
                0x00003d60                __divsi3
                0x00003e8c                __aeabi_idivmod
 .text          0x00003ea4       0xd0 /cygdrive/c/Embedded/GNUARM/bin/../lib/gcc/arm-elf/4.1.1/interwork/libgcc.a(_umodsi3.o)
                0x00003ea4                __umodsi3
 .text          0x00003f74       0xe8 /cygdrive/c/Embedded/GNUARM/bin/../lib/gcc/arm-elf/4.1.1/interwork/libgcc.a(_modsi3.o)
                0x00003f74                __modsi3
 .text          0x0000405c        0x4 /cygdrive/c/Embedded/GNUARM/bin/../lib/gcc/arm-elf/4.1.1/interwork/libgcc.a(_dvmd_tls.o)
                0x0000405c                __aeabi_ldiv0
                0x0000405c                __div0
                0x0000405c                __aeabi_idiv0
 .text          0x00004060       0x3c /cygdrive/c/Embedded/GNUARM/bin/../lib/gcc/arm-elf/4.1.1/interwork/libgcc.a(_call_via_rX.o)
                0x00004068                _call_via_r2
                0x00004078                _call_via_r6
                0x00004074                _call_via_r5
                0x0000406c                _call_via_r3
                0x0000408c                _call_via_fp
                0x00004080                _call_via_r8
                0x0000407c                _call_via_r7
                0x00004060                _call_via_r0
                0x00004088                _call_via_sl
                0x00004094                _call_via_sp
                0x00004084                _call_via_r9
                0x00004070                _call_via_r4
                0x00004064                _call_via_r1
                0x00004090                _call_via_ip
                0x00004098                _call_via_lr
 .text          0x0000409c       0x30 /cygdrive/c/Embedded/GNUARM/bin/../lib/gcc/arm-elf/4.1.1/../../../../arm-elf/lib/interwork/libc.a(atoi.o)
                0x0000409c                _atoi_r
                0x000040b4                atoi
 .text          0x000040cc       0x9c /cygdrive/c/Embedded/GNUARM/bin/../lib/gcc/arm-elf/4.1.1/../../../../arm-elf/lib/interwork/libc.a(memcpy.o)
                0x000040cc                memcpy
 .text          0x00004168       0x7c /cygdrive/c/Embedded/GNUARM/bin/../lib/gcc/arm-elf/4.1.1/../../../../arm-elf/lib/interwork/libc.a(rand.o)
                0x00004184                rand
                0x00004168                srand
 .text          0x000041e4       0x90 /cygdrive/c/Embedded/GNUARM/bin/../lib/gcc/arm-elf/4.1.1/../../../../arm-elf/lib/interwork/libc.a(strlen.o)
                0x000041e4                strlen
 .text          0x00004274      0x1f0 /cygdrive/c/Embedded/GNUARM/bin/../lib/gcc/arm-elf/4.1.1/../../../../arm-elf/lib/interwork/libc.a(strtol.o)
                0x00004438                strtol
                0x00004274                _strtol_r
 .text          0x00004464        0x0 /cygdrive/c/Embedded/GNUARM/bin/../lib/gcc/arm-elf/4.1.1/../../../../arm-elf/lib/interwork/libc.a(ctype_.o)
 .text          0x00004464        0x0 /cygdrive/c/Embedded/GNUARM/bin/../lib/gcc/arm-elf/4.1.1/../../../../arm-elf/lib/interwork/libc.a(impure.o)
 *(.glue_7)
 .glue_7        0x00004464        0x0 main.o
 .glue_7        0x00004464        0x0 lcd.o
 .glue_7        0x00004464        0x0 key.o
 .glue_7        0x00004464        0x0 select.o
 .glue_7        0x00004464        0x0 uart.o
 .glue_7        0x00004464        0x0 exampleGame.o
 .glue_7        0x00004464        0x0 eeprom.o
 .glue_7        0x00004464        0x0 i2c.o
 .glue_7        0x00004464        0x0 tetris.o
 .glue_7        0x00004464        0x0 hw.o
 .glue_7        0x00004464        0x0 startup/libea_startup_thumb.a(consol.o)
 .glue_7        0x00004464        0x0 startup/libea_startup_thumb.a(framework.o)
 .glue_7        0x00004464        0x0 startup/libea_startup_thumb.a(startup.o)
 .glue_7        0x00004464        0x0 irq_code/irqUart.a(irqUart.o)
 .glue_7        0x00004464        0x0 pre_emptive_os/pre_emptive_os.a(kernel.o)
 .glue_7        0x00004464        0x0 pre_emptive_os/pre_emptive_os.a(prioqueue.o)
 .glue_7        0x00004464        0x0 pre_emptive_os/pre_emptive_os.a(count_sem.o)
 .glue_7        0x00004464        0x0 pre_emptive_os/pre_emptive_os.a(timer.o)
 .glue_7        0x00004464        0x0 pre_emptive_os/pre_emptive_os.a(stack_usage.o)
 .glue_7        0x00004464        0x0 pre_emptive_os/pre_emptive_os.a(a7hal.o)
 .glue_7        0x00004464        0x0 pre_emptive_os/pre_emptive_os.a(a7hal_a.o)
 .glue_7        0x00004464        0x0 pre_emptive_os/pre_emptive_os.a(event.o)
 .glue_7        0x00004464        0x0 /cygdrive/c/Embedded/GNUARM/bin/../lib/gcc/arm-elf/4.1.1/interwork/libgcc.a(_udivsi3.o)
 .glue_7        0x00004464        0x0 /cygdrive/c/Embedded/GNUARM/bin/../lib/gcc/arm-elf/4.1.1/interwork/libgcc.a(_divsi3.o)
 .glue_7        0x00004464        0x0 /cygdrive/c/Embedded/GNUARM/bin/../lib/gcc/arm-elf/4.1.1/interwork/libgcc.a(_umodsi3.o)
 .glue_7        0x00004464        0x0 /cygdrive/c/Embedded/GNUARM/bin/../lib/gcc/arm-elf/4.1.1/interwork/libgcc.a(_modsi3.o)
 .glue_7        0x00004464        0x0 /cygdrive/c/Embedded/GNUARM/bin/../lib/gcc/arm-elf/4.1.1/interwork/libgcc.a(_dvmd_tls.o)
 .glue_7        0x00004464        0x0 /cygdrive/c/Embedded/GNUARM/bin/../lib/gcc/arm-elf/4.1.1/interwork/libgcc.a(_call_via_rX.o)
 .glue_7        0x00004464        0x0 /cygdrive/c/Embedded/GNUARM/bin/../lib/gcc/arm-elf/4.1.1/../../../../arm-elf/lib/interwork/libc.a(atoi.o)
 .glue_7        0x00004464        0x0 /cygdrive/c/Embedded/GNUARM/bin/../lib/gcc/arm-elf/4.1.1/../../../../arm-elf/lib/interwork/libc.a(memcpy.o)
 .glue_7        0x00004464        0x0 /cygdrive/c/Embedded/GNUARM/bin/../lib/gcc/arm-elf/4.1.1/../../../../arm-elf/lib/interwork/libc.a(rand.o)
 .glue_7        0x00004464        0x0 /cygdrive/c/Embedded/GNUARM/bin/../lib/gcc/arm-elf/4.1.1/../../../../arm-elf/lib/interwork/libc.a(strlen.o)
 .glue_7        0x00004464        0x0 /cygdrive/c/Embedded/GNUARM/bin/../lib/gcc/arm-elf/4.1.1/../../../../arm-elf/lib/interwork/libc.a(strtol.o)
 .glue_7        0x00004464        0x0 /cygdrive/c/Embedded/GNUARM/bin/../lib/gcc/arm-elf/4.1.1/../../../../arm-elf/lib/interwork/libc.a(ctype_.o)
 .glue_7        0x00004464       0x24 /cygdrive/c/Embedded/GNUARM/bin/../lib/gcc/arm-elf/4.1.1/../../../../arm-elf/lib/interwork/libc.a(impure.o)
                0x0000447c                __osISRExit_from_arm
                0x00004470                __osTick_from_arm
                0x00004464                __osSemGive_from_arm
 *(.glue_7t)
 .glue_7t       0x00004488        0x0 main.o
 .glue_7t       0x00004488        0x0 lcd.o
 .glue_7t       0x00004488        0x0 key.o
 .glue_7t       0x00004488        0x0 select.o
 .glue_7t       0x00004488        0x0 uart.o
 .glue_7t       0x00004488        0x0 exampleGame.o
 .glue_7t       0x00004488        0x0 eeprom.o
 .glue_7t       0x00004488        0x0 i2c.o
 .glue_7t       0x00004488        0x0 tetris.o
 .glue_7t       0x00004488        0x0 hw.o
 .glue_7t       0x00004488        0x0 startup/libea_startup_thumb.a(consol.o)
 .glue_7t       0x00004488        0x0 startup/libea_startup_thumb.a(framework.o)
 .glue_7t       0x00004488        0x0 startup/libea_startup_thumb.a(startup.o)
 .glue_7t       0x00004488        0x0 irq_code/irqUart.a(irqUart.o)
 .glue_7t       0x00004488        0x0 pre_emptive_os/pre_emptive_os.a(kernel.o)
 .glue_7t       0x00004488        0x0 pre_emptive_os/pre_emptive_os.a(prioqueue.o)
 .glue_7t       0x00004488        0x0 pre_emptive_os/pre_emptive_os.a(count_sem.o)
 .glue_7t       0x00004488        0x0 pre_emptive_os/pre_emptive_os.a(timer.o)
 .glue_7t       0x00004488        0x0 pre_emptive_os/pre_emptive_os.a(stack_usage.o)
 .glue_7t       0x00004488        0x0 pre_emptive_os/pre_emptive_os.a(a7hal.o)
 .glue_7t       0x00004488        0x0 pre_emptive_os/pre_emptive_os.a(a7hal_a.o)
 .glue_7t       0x00004488        0x0 pre_emptive_os/pre_emptive_os.a(event.o)
 .glue_7t       0x00004488        0x0 /cygdrive/c/Embedded/GNUARM/bin/../lib/gcc/arm-elf/4.1.1/interwork/libgcc.a(_udivsi3.o)
 .glue_7t       0x00004488        0x0 /cygdrive/c/Embedded/GNUARM/bin/../lib/gcc/arm-elf/4.1.1/interwork/libgcc.a(_divsi3.o)
 .glue_7t       0x00004488        0x0 /cygdrive/c/Embedded/GNUARM/bin/../lib/gcc/arm-elf/4.1.1/interwork/libgcc.a(_umodsi3.o)
 .glue_7t       0x00004488        0x0 /cygdrive/c/Embedded/GNUARM/bin/../lib/gcc/arm-elf/4.1.1/interwork/libgcc.a(_modsi3.o)
 .glue_7t       0x00004488        0x0 /cygdrive/c/Embedded/GNUARM/bin/../lib/gcc/arm-elf/4.1.1/interwork/libgcc.a(_dvmd_tls.o)
 .glue_7t       0x00004488        0x0 /cygdrive/c/Embedded/GNUARM/bin/../lib/gcc/arm-elf/4.1.1/interwork/libgcc.a(_call_via_rX.o)
 .glue_7t       0x00004488        0x0 /cygdrive/c/Embedded/GNUARM/bin/../lib/gcc/arm-elf/4.1.1/../../../../arm-elf/lib/interwork/libc.a(atoi.o)
 .glue_7t       0x00004488        0x0 /cygdrive/c/Embedded/GNUARM/bin/../lib/gcc/arm-elf/4.1.1/../../../../arm-elf/lib/interwork/libc.a(memcpy.o)
 .glue_7t       0x00004488        0x0 /cygdrive/c/Embedded/GNUARM/bin/../lib/gcc/arm-elf/4.1.1/../../../../arm-elf/lib/interwork/libc.a(rand.o)
 .glue_7t       0x00004488        0x0 /cygdrive/c/Embedded/GNUARM/bin/../lib/gcc/arm-elf/4.1.1/../../../../arm-elf/lib/interwork/libc.a(strlen.o)
 .glue_7t       0x00004488        0x0 /cygdrive/c/Embedded/GNUARM/bin/../lib/gcc/arm-elf/4.1.1/../../../../arm-elf/lib/interwork/libc.a(strtol.o)
 .glue_7t       0x00004488        0x0 /cygdrive/c/Embedded/GNUARM/bin/../lib/gcc/arm-elf/4.1.1/../../../../arm-elf/lib/interwork/libc.a(ctype_.o)
 .glue_7t       0x00004488       0x90 /cygdrive/c/Embedded/GNUARM/bin/../lib/gcc/arm-elf/4.1.1/../../../../arm-elf/lib/interwork/libc.a(impure.o)
                0x000044b4                ____modsi3_change_to_arm
                0x000044e0                __halRestoreInterrupts_oshal_from_thumb
                0x000044a4                __restoreIrq_change_to_arm
                0x000044d0                __memcpy_from_thumb
                0x000044f0                __ctxSwitch_oshal_from_thumb
                0x000044ec                __stkFrameInit_oshal_change_to_arm
                0x000044c8                __srand_from_thumb
                0x00004504                __initTimer_oshal_change_to_arm
                0x00004508                __startHighProc_oshal_from_thumb
                0x000044c4                ____umodsi3_change_to_arm
                0x000044b0                ____modsi3_from_thumb
                0x000044bc                ____udivsi3_change_to_arm
                0x0000450c                __startHighProc_oshal_change_to_arm
                0x000044f8                __ctxSwitchIsr_oshal_from_thumb
                0x0000449c                __disIrq_change_to_arm
                0x00004498                __disIrq_from_thumb
                0x000044e4                __halRestoreInterrupts_oshal_change_to_arm
                0x00004494                __simplePrintf_change_to_arm
                0x000044cc                __srand_change_to_arm
                0x000044c0                ____umodsi3_from_thumb
                0x00004510                ____divsi3_from_thumb
                0x000044f4                __ctxSwitch_oshal_change_to_arm
                0x000044e8                __stkFrameInit_oshal_from_thumb
                0x000044b8                ____udivsi3_from_thumb
                0x00004488                __eaInit_from_thumb
                0x00004490                __simplePrintf_from_thumb
                0x00004500                __initTimer_oshal_from_thumb
                0x0000448c                __eaInit_change_to_arm
                0x000044fc                __ctxSwitchIsr_oshal_change_to_arm
                0x000044a8                __rand_from_thumb
                0x000044dc                __halDisableInterrupts_oshal_change_to_arm
                0x000044d8                __halDisableInterrupts_oshal_from_thumb
                0x000044a0                __restoreIrq_from_thumb
                0x000044d4                __memcpy_change_to_arm
                0x00004514                ____divsi3_change_to_arm
                0x000044ac                __rand_change_to_arm
                0x00004518                . = ALIGN (0x4)

.rodata         0x00004518      0xc14
 *(.rodata)
 .rodata        0x00004518      0x55c lcd.o
                0x00004518                charMap
 .rodata        0x00004a74       0x4c exampleGame.o
 .rodata        0x00004ac0       0x11 hw.o
 *fill*         0x00004ad1        0x3 00
 .rodata        0x00004ad4       0x10 startup/libea_startup_thumb.a(consol.o)
 .rodata        0x00004ae4      0x101 /cygdrive/c/Embedded/GNUARM/bin/../lib/gcc/arm-elf/4.1.1/../../../../arm-elf/lib/interwork/libc.a(ctype_.o)
                0x00004ae4                _ctype_
 *fill*         0x00004be5        0x3 00
 .rodata        0x00004be8        0x4 /cygdrive/c/Embedded/GNUARM/bin/../lib/gcc/arm-elf/4.1.1/../../../../arm-elf/lib/interwork/libc.a(impure.o)
                0x00004be8                _global_impure_ptr
 *(.rodata*)
 .rodata.str1.4
                0x00004bec      0x35f main.o
                                0x360 (size before relaxing)
 *fill*         0x00004f4b        0x1 00
 .rodata.str1.4
                0x00004f4c       0x45 exampleGame.o
                                 0x48 (size before relaxing)
 *fill*         0x00004f91        0x3 00
 .rodata.str1.4
                0x00004f94       0xa1 tetris.o
                                 0xa4 (size before relaxing)
 *fill*         0x00005035        0x3 00
 .rodata.str1.4
                0x00005038       0x18 startup/libea_startup_thumb.a(consol.o)
 .rodata.str1.4
                0x00005050       0xd8 startup/libea_startup_thumb.a(framework.o)
 .rodata.str1.4
                0x00005128        0x4 /cygdrive/c/Embedded/GNUARM/bin/../lib/gcc/arm-elf/4.1.1/../../../../arm-elf/lib/interwork/libc.a(impure.o)
                0x0000512c                . = ALIGN (0x4)
                0x0000512c                _etext = .
                0x0000512c                PROVIDE (etext, .)

.data           0x40000080      0x540 load address 0x0000512c
                0x40000080                _data = .
 *(.data)
 .data          0x40000080        0x1 main.o
 .data          0x40000081        0x0 lcd.o
 .data          0x40000081        0x5 key.o
 .data          0x40000086        0x0 select.o
 .data          0x40000086        0x0 uart.o
 .data          0x40000086      0x130 exampleGame.o
                0x40000086                figures
 .data          0x400001b6        0x0 eeprom.o
 .data          0x400001b6        0x0 i2c.o
 .data          0x400001b6        0x0 tetris.o
 .data          0x400001b6        0x0 hw.o
 .data          0x400001b6        0x0 startup/libea_startup_thumb.a(consol.o)
 .data          0x400001b6        0x0 startup/libea_startup_thumb.a(framework.o)
 .data          0x400001b6        0x0 startup/libea_startup_thumb.a(startup.o)
 .data          0x400001b6        0x0 irq_code/irqUart.a(irqUart.o)
 .data          0x400001b6        0x0 pre_emptive_os/pre_emptive_os.a(kernel.o)
 .data          0x400001b6        0x0 pre_emptive_os/pre_emptive_os.a(prioqueue.o)
 .data          0x400001b6        0x0 pre_emptive_os/pre_emptive_os.a(count_sem.o)
 .data          0x400001b6        0x0 pre_emptive_os/pre_emptive_os.a(timer.o)
 .data          0x400001b6        0x0 pre_emptive_os/pre_emptive_os.a(stack_usage.o)
 .data          0x400001b6        0x0 pre_emptive_os/pre_emptive_os.a(a7hal.o)
 .data          0x400001b6        0x0 pre_emptive_os/pre_emptive_os.a(a7hal_a.o)
 .data          0x400001b6        0x0 pre_emptive_os/pre_emptive_os.a(event.o)
 .data          0x400001b6        0x0 /cygdrive/c/Embedded/GNUARM/bin/../lib/gcc/arm-elf/4.1.1/interwork/libgcc.a(_udivsi3.o)
 .data          0x400001b6        0x0 /cygdrive/c/Embedded/GNUARM/bin/../lib/gcc/arm-elf/4.1.1/interwork/libgcc.a(_divsi3.o)
 .data          0x400001b6        0x0 /cygdrive/c/Embedded/GNUARM/bin/../lib/gcc/arm-elf/4.1.1/interwork/libgcc.a(_umodsi3.o)
 .data          0x400001b6        0x0 /cygdrive/c/Embedded/GNUARM/bin/../lib/gcc/arm-elf/4.1.1/interwork/libgcc.a(_modsi3.o)
 .data          0x400001b6        0x0 /cygdrive/c/Embedded/GNUARM/bin/../lib/gcc/arm-elf/4.1.1/interwork/libgcc.a(_dvmd_tls.o)
 .data          0x400001b6        0x0 /cygdrive/c/Embedded/GNUARM/bin/../lib/gcc/arm-elf/4.1.1/interwork/libgcc.a(_call_via_rX.o)
 .data          0x400001b6        0x0 /cygdrive/c/Embedded/GNUARM/bin/../lib/gcc/arm-elf/4.1.1/../../../../arm-elf/lib/interwork/libc.a(atoi.o)
 .data          0x400001b6        0x0 /cygdrive/c/Embedded/GNUARM/bin/../lib/gcc/arm-elf/4.1.1/../../../../arm-elf/lib/interwork/libc.a(memcpy.o)
 .data          0x400001b6        0x0 /cygdrive/c/Embedded/GNUARM/bin/../lib/gcc/arm-elf/4.1.1/../../../../arm-elf/lib/interwork/libc.a(rand.o)
 .data          0x400001b6        0x0 /cygdrive/c/Embedded/GNUARM/bin/../lib/gcc/arm-elf/4.1.1/../../../../arm-elf/lib/interwork/libc.a(strlen.o)
 .data          0x400001b6        0x0 /cygdrive/c/Embedded/GNUARM/bin/../lib/gcc/arm-elf/4.1.1/../../../../arm-elf/lib/interwork/libc.a(strtol.o)
 *fill*         0x400001b6        0x2 00
 .data          0x400001b8        0x4 /cygdrive/c/Embedded/GNUARM/bin/../lib/gcc/arm-elf/4.1.1/../../../../arm-elf/lib/interwork/libc.a(ctype_.o)
                0x400001b8                __ctype_ptr
 .data          0x400001bc      0x404 /cygdrive/c/Embedded/GNUARM/bin/../lib/gcc/arm-elf/4.1.1/../../../../arm-elf/lib/interwork/libc.a(impure.o)
                0x400001bc                _impure_ptr
                0x400005c0                . = ALIGN (0x4)
                0x400005c0                _edata = .
                0x400005c0                PROVIDE (edata, .)

.bss            0x400005c0     0x1320
                0x400005c0                _bss = .
                0x400005c0                __bss_start = .
                0x400005c0                __bss_start__ = .
 *(.bss)
 .bss           0x400005c0      0x57a main.o
 .bss           0x40000b3a        0x5 lcd.o
 .bss           0x40000b3f      0x134 key.o
 *fill*         0x40000c73        0x1 00
 .bss           0x40000c74       0x34 select.o
 .bss           0x40000ca8       0x18 uart.o
                0x40000cb0                uart1TxRunning
                0x40000ca8                uart1TxHead
                0x40000cac                uart1TxTail
                0x40000cb4                uart1RxHead
                0x40000cbc                uart1RxInBuff
                0x40000cb8                uart1RxTail
 .bss           0x40000cc0      0x298 exampleGame.o
 .bss           0x40000f58        0x0 eeprom.o
 .bss           0x40000f58       0x1c i2c.o
 .bss           0x40000f74        0x0 tetris.o
 .bss           0x40000f74        0x2 hw.o
 .bss           0x40000f76        0x0 startup/libea_startup_thumb.a(consol.o)
 .bss           0x40000f76        0x0 startup/libea_startup_thumb.a(framework.o)
 .bss           0x40000f76        0x0 startup/libea_startup_thumb.a(startup.o)
 .bss           0x40000f76        0x0 irq_code/irqUart.a(irqUart.o)
 *fill*         0x40000f76        0x2 00
 .bss           0x40000f78       0x2c pre_emptive_os/pre_emptive_os.a(kernel.o)
                0x40000f78                osLockNesting
                0x40000f7c                pNxtToRun
                0x40000f80                pRunProc
                0x40000f79                isrNesting
 .bss           0x40000fa4        0x0 pre_emptive_os/pre_emptive_os.a(prioqueue.o)
 .bss           0x40000fa4        0x0 pre_emptive_os/pre_emptive_os.a(count_sem.o)
 .bss           0x40000fa4      0x348 pre_emptive_os/pre_emptive_os.a(timer.o)
 .bss           0x400012ec        0x0 pre_emptive_os/pre_emptive_os.a(stack_usage.o)
 .bss           0x400012ec        0x0 pre_emptive_os/pre_emptive_os.a(a7hal.o)
 .bss           0x400012ec        0x0 pre_emptive_os/pre_emptive_os.a(a7hal_a.o)
 .bss           0x400012ec        0x0 pre_emptive_os/pre_emptive_os.a(event.o)
 .bss           0x400012ec        0x0 /cygdrive/c/Embedded/GNUARM/bin/../lib/gcc/arm-elf/4.1.1/interwork/libgcc.a(_udivsi3.o)
 .bss           0x400012ec        0x0 /cygdrive/c/Embedded/GNUARM/bin/../lib/gcc/arm-elf/4.1.1/interwork/libgcc.a(_divsi3.o)
 .bss           0x400012ec        0x0 /cygdrive/c/Embedded/GNUARM/bin/../lib/gcc/arm-elf/4.1.1/interwork/libgcc.a(_umodsi3.o)
 .bss           0x400012ec        0x0 /cygdrive/c/Embedded/GNUARM/bin/../lib/gcc/arm-elf/4.1.1/interwork/libgcc.a(_modsi3.o)
 .bss           0x400012ec        0x0 /cygdrive/c/Embedded/GNUARM/bin/../lib/gcc/arm-elf/4.1.1/interwork/libgcc.a(_dvmd_tls.o)
 .bss           0x400012ec        0x0 /cygdrive/c/Embedded/GNUARM/bin/../lib/gcc/arm-elf/4.1.1/interwork/libgcc.a(_call_via_rX.o)
 .bss           0x400012ec        0x0 /cygdrive/c/Embedded/GNUARM/bin/../lib/gcc/arm-elf/4.1.1/../../../../arm-elf/lib/interwork/libc.a(atoi.o)
 .bss           0x400012ec        0x0 /cygdrive/c/Embedded/GNUARM/bin/../lib/gcc/arm-elf/4.1.1/../../../../arm-elf/lib/interwork/libc.a(memcpy.o)
 .bss           0x400012ec        0x0 /cygdrive/c/Embedded/GNUARM/bin/../lib/gcc/arm-elf/4.1.1/../../../../arm-elf/lib/interwork/libc.a(rand.o)
 .bss           0x400012ec        0x0 /cygdrive/c/Embedded/GNUARM/bin/../lib/gcc/arm-elf/4.1.1/../../../../arm-elf/lib/interwork/libc.a(strlen.o)
 .bss           0x400012ec        0x0 /cygdrive/c/Embedded/GNUARM/bin/../lib/gcc/arm-elf/4.1.1/../../../../arm-elf/lib/interwork/libc.a(strtol.o)
 .bss           0x400012ec        0x0 /cygdrive/c/Embedded/GNUARM/bin/../lib/gcc/arm-elf/4.1.1/../../../../arm-elf/lib/interwork/libc.a(ctype_.o)
 .bss           0x400012ec        0x0 /cygdrive/c/Embedded/GNUARM/bin/../lib/gcc/arm-elf/4.1.1/../../../../arm-elf/lib/interwork/libc.a(impure.o)
 *(COMMON)
 COMMON         0x400012ec        0x4 main.o
                0x400012ec                ms
 COMMON         0x400012f0      0x51c uart.o
                0x400012f0                uart1RxBuf
                0x400016f0                receiveSem
                0x4000170c                uart1TxBuf
 COMMON         0x4000180c        0x2 hw.o
                0x4000180c                ver1_1
                0x4000180d                ver1_0
 *fill*         0x4000180e        0x2 00
 COMMON         0x40001810        0x8 startup/libea_startup_thumb.a(framework.o)
                0x40001810                pHeapEnd
                0x40001814                pHeapStart
 COMMON         0x40001818       0xc8 pre_emptive_os/pre_emptive_os.a(kernel.o)
                0x40001818                processControlBlocks
                0x400018e0                . = ALIGN (0x4)
                0x400018e0                . = ALIGN (0x4)
                0x400018e0                __bss_end = .
                0x400018e0                __bss_end__ = .
                0x400018e0                _end = .
                0x400018e0                PROVIDE (end, .)

.stab           0x00000000      0x600
 *(.stab)
 .stab          0x00000000      0x3c0 startup/libea_startup_thumb.a(startup.o)
 .stab          0x000003c0      0x240 pre_emptive_os/pre_emptive_os.a(a7hal_a.o)
                                0x24c (size before relaxing)

.stabstr        0x00000000       0x9b
 *(.stabstr)
 .stabstr       0x00000000       0x9b startup/libea_startup_thumb.a(startup.o)

.stab.excl
 *(.stab.excl)

.stab.exclstr
 *(.stab.exclstr)

.stab.index
 *(.stab.index)

.stab.indexstr
 *(.stab.indexstr)

.comment        0x00000000      0x1e6
 *(.comment)
 .comment       0x00000000       0x12 main.o
 .comment       0x00000012       0x12 lcd.o
 .comment       0x00000024       0x12 key.o
 .comment       0x00000036       0x12 select.o
 .comment       0x00000048       0x12 uart.o
 .comment       0x0000005a       0x12 exampleGame.o
 .comment       0x0000006c       0x12 eeprom.o
 .comment       0x0000007e       0x12 i2c.o
 .comment       0x00000090       0x12 tetris.o
 .comment       0x000000a2       0x12 hw.o
 .comment       0x000000b4       0x12 startup/libea_startup_thumb.a(consol.o)
 .comment       0x000000c6       0x12 startup/libea_startup_thumb.a(framework.o)
 .comment       0x000000d8       0x12 irq_code/irqUart.a(irqUart.o)
 .comment       0x000000ea       0x12 pre_emptive_os/pre_emptive_os.a(kernel.o)
 .comment       0x000000fc       0x12 pre_emptive_os/pre_emptive_os.a(prioqueue.o)
 .comment       0x0000010e       0x12 pre_emptive_os/pre_emptive_os.a(count_sem.o)
 .comment       0x00000120       0x12 pre_emptive_os/pre_emptive_os.a(timer.o)
 .comment       0x00000132       0x12 pre_emptive_os/pre_emptive_os.a(stack_usage.o)
 .comment       0x00000144       0x12 pre_emptive_os/pre_emptive_os.a(a7hal.o)
 .comment       0x00000156       0x12 pre_emptive_os/pre_emptive_os.a(event.o)
 .comment       0x00000168       0x12 /cygdrive/c/Embedded/GNUARM/bin/../lib/gcc/arm-elf/4.1.1/../../../../arm-elf/lib/interwork/libc.a(atoi.o)
 .comment       0x0000017a       0x12 /cygdrive/c/Embedded/GNUARM/bin/../lib/gcc/arm-elf/4.1.1/../../../../arm-elf/lib/interwork/libc.a(memcpy.o)
 .comment       0x0000018c       0x12 /cygdrive/c/Embedded/GNUARM/bin/../lib/gcc/arm-elf/4.1.1/../../../../arm-elf/lib/interwork/libc.a(rand.o)
 .comment       0x0000019e       0x12 /cygdrive/c/Embedded/GNUARM/bin/../lib/gcc/arm-elf/4.1.1/../../../../arm-elf/lib/interwork/libc.a(strlen.o)
 .comment       0x000001b0       0x12 /cygdrive/c/Embedded/GNUARM/bin/../lib/gcc/arm-elf/4.1.1/../../../../arm-elf/lib/interwork/libc.a(strtol.o)
 .comment       0x000001c2       0x12 /cygdrive/c/Embedded/GNUARM/bin/../lib/gcc/arm-elf/4.1.1/../../../../arm-elf/lib/interwork/libc.a(ctype_.o)
 .comment       0x000001d4       0x12 /cygdrive/c/Embedded/GNUARM/bin/../lib/gcc/arm-elf/4.1.1/../../../../arm-elf/lib/interwork/libc.a(impure.o)

.debug
 *(.debug)

.line
 *(.line)

.debug_srcinfo
 *(.debug_srcinfo)

.debug_sfnames
 *(.debug_sfnames)

.debug_aranges  0x00000000      0x3e0
 *(.debug_aranges)
 .debug_aranges
                0x00000000       0x20 main.o
 .debug_aranges
                0x00000020       0x20 lcd.o
 .debug_aranges
                0x00000040       0x20 key.o
 .debug_aranges
                0x00000060       0x20 select.o
 .debug_aranges
                0x00000080       0x20 uart.o
 .debug_aranges
                0x000000a0       0x20 exampleGame.o
 .debug_aranges
                0x000000c0       0x20 eeprom.o
 .debug_aranges
                0x000000e0       0x20 i2c.o
 .debug_aranges
                0x00000100       0x20 tetris.o
 .debug_aranges
                0x00000120       0x20 hw.o
 .debug_aranges
                0x00000140       0x20 startup/libea_startup_thumb.a(consol.o)
 .debug_aranges
                0x00000160       0x20 startup/libea_startup_thumb.a(framework.o)
 .debug_aranges
                0x00000180       0x20 irq_code/irqUart.a(irqUart.o)
 .debug_aranges
                0x000001a0       0x20 pre_emptive_os/pre_emptive_os.a(kernel.o)
 .debug_aranges
                0x000001c0       0x20 pre_emptive_os/pre_emptive_os.a(prioqueue.o)
 .debug_aranges
                0x000001e0       0x20 pre_emptive_os/pre_emptive_os.a(count_sem.o)
 .debug_aranges
                0x00000200       0x20 pre_emptive_os/pre_emptive_os.a(timer.o)
 .debug_aranges
                0x00000220       0x20 pre_emptive_os/pre_emptive_os.a(stack_usage.o)
 .debug_aranges
                0x00000240       0x20 pre_emptive_os/pre_emptive_os.a(a7hal.o)
 .debug_aranges
                0x00000260       0x20 pre_emptive_os/pre_emptive_os.a(event.o)
 .debug_aranges
                0x00000280       0x20 /cygdrive/c/Embedded/GNUARM/bin/../lib/gcc/arm-elf/4.1.1/interwork/libgcc.a(_udivsi3.o)
 .debug_aranges
                0x000002a0       0x20 /cygdrive/c/Embedded/GNUARM/bin/../lib/gcc/arm-elf/4.1.1/interwork/libgcc.a(_divsi3.o)
 .debug_aranges
                0x000002c0       0x20 /cygdrive/c/Embedded/GNUARM/bin/../lib/gcc/arm-elf/4.1.1/interwork/libgcc.a(_umodsi3.o)
 .debug_aranges
                0x000002e0       0x20 /cygdrive/c/Embedded/GNUARM/bin/../lib/gcc/arm-elf/4.1.1/interwork/libgcc.a(_modsi3.o)
 .debug_aranges
                0x00000300       0x20 /cygdrive/c/Embedded/GNUARM/bin/../lib/gcc/arm-elf/4.1.1/interwork/libgcc.a(_dvmd_tls.o)
 .debug_aranges
                0x00000320       0x20 /cygdrive/c/Embedded/GNUARM/bin/../lib/gcc/arm-elf/4.1.1/interwork/libgcc.a(_call_via_rX.o)
 .debug_aranges
                0x00000340       0x20 /cygdrive/c/Embedded/GNUARM/bin/../lib/gcc/arm-elf/4.1.1/../../../../arm-elf/lib/interwork/libc.a(atoi.o)
 .debug_aranges
                0x00000360       0x20 /cygdrive/c/Embedded/GNUARM/bin/../lib/gcc/arm-elf/4.1.1/../../../../arm-elf/lib/interwork/libc.a(memcpy.o)
 .debug_aranges
                0x00000380       0x20 /cygdrive/c/Embedded/GNUARM/bin/../lib/gcc/arm-elf/4.1.1/../../../../arm-elf/lib/interwork/libc.a(rand.o)
 .debug_aranges
                0x000003a0       0x20 /cygdrive/c/Embedded/GNUARM/bin/../lib/gcc/arm-elf/4.1.1/../../../../arm-elf/lib/interwork/libc.a(strlen.o)
 .debug_aranges
                0x000003c0       0x20 /cygdrive/c/Embedded/GNUARM/bin/../lib/gcc/arm-elf/4.1.1/../../../../arm-elf/lib/interwork/libc.a(strtol.o)

.debug_pubnames
                0x00000000      0xbba
 *(.debug_pubnames)
 .debug_pubnames
                0x00000000       0x2e main.o
 .debug_pubnames
                0x0000002e       0xe5 lcd.o
 .debug_pubnames
                0x00000113       0x4b key.o
 .debug_pubnames
                0x0000015e       0x1f select.o
 .debug_pubnames
                0x0000017d      0x12d uart.o
 .debug_pubnames
                0x000002aa       0x2e exampleGame.o
 .debug_pubnames
                0x000002d8       0x71 eeprom.o
 .debug_pubnames
                0x00000349       0xee i2c.o
 .debug_pubnames
                0x00000437       0x44 tetris.o
 .debug_pubnames
                0x0000047b       0xa8 hw.o
 .debug_pubnames
                0x00000523       0xda startup/libea_startup_thumb.a(consol.o)
 .debug_pubnames
                0x000005fd       0x63 startup/libea_startup_thumb.a(framework.o)
 .debug_pubnames
                0x00000660       0x39 irq_code/irqUart.a(irqUart.o)
 .debug_pubnames
                0x00000699      0x17f pre_emptive_os/pre_emptive_os.a(kernel.o)
 .debug_pubnames
                0x00000818       0x76 pre_emptive_os/pre_emptive_os.a(prioqueue.o)
 .debug_pubnames
                0x0000088e       0x4d pre_emptive_os/pre_emptive_os.a(count_sem.o)
 .debug_pubnames
                0x000008db       0x55 pre_emptive_os/pre_emptive_os.a(timer.o)
 .debug_pubnames
                0x00000930       0x4e pre_emptive_os/pre_emptive_os.a(stack_usage.o)
 .debug_pubnames
                0x0000097e       0xc1 pre_emptive_os/pre_emptive_os.a(a7hal.o)
 .debug_pubnames
                0x00000a3f       0x63 pre_emptive_os/pre_emptive_os.a(event.o)
 .debug_pubnames
                0x00000aa2       0x27 /cygdrive/c/Embedded/GNUARM/bin/../lib/gcc/arm-elf/4.1.1/../../../../arm-elf/lib/interwork/libc.a(atoi.o)
 .debug_pubnames
                0x00000ac9       0x1d /cygdrive/c/Embedded/GNUARM/bin/../lib/gcc/arm-elf/4.1.1/../../../../arm-elf/lib/interwork/libc.a(memcpy.o)
 .debug_pubnames
                0x00000ae6       0x25 /cygdrive/c/Embedded/GNUARM/bin/../lib/gcc/arm-elf/4.1.1/../../../../arm-elf/lib/interwork/libc.a(rand.o)
 .debug_pubnames
                0x00000b0b       0x1d /cygdrive/c/Embedded/GNUARM/bin/../lib/gcc/arm-elf/4.1.1/../../../../arm-elf/lib/interwork/libc.a(strlen.o)
 .debug_pubnames
                0x00000b28       0x2b /cygdrive/c/Embedded/GNUARM/bin/../lib/gcc/arm-elf/4.1.1/../../../../arm-elf/lib/interwork/libc.a(strtol.o)
 .debug_pubnames
                0x00000b53       0x2e /cygdrive/c/Embedded/GNUARM/bin/../lib/gcc/arm-elf/4.1.1/../../../../arm-elf/lib/interwork/libc.a(ctype_.o)
 .debug_pubnames
                0x00000b81       0x39 /cygdrive/c/Embedded/GNUARM/bin/../lib/gcc/arm-elf/4.1.1/../../../../arm-elf/lib/interwork/libc.a(impure.o)

.debug_info     0x00000000     0x72d5
 *(.debug_info .gnu.linkonce.wi.*)
 .debug_info    0x00000000      0x279 main.o
 .debug_info    0x00000279      0x58f lcd.o
 .debug_info    0x00000808      0x23b key.o
 .debug_info    0x00000a43      0x203 select.o
 .debug_info    0x00000c46      0x499 uart.o
 .debug_info    0x000010df      0x62f exampleGame.o
 .debug_info    0x0000170e      0x30f eeprom.o
 .debug_info    0x00001a1d      0x648 i2c.o
 .debug_info    0x00002065      0x252 tetris.o
 .debug_info    0x000022b7      0x2d7 hw.o
 .debug_info    0x0000258e      0x584 startup/libea_startup_thumb.a(consol.o)
 .debug_info    0x00002b12      0x1e4 startup/libea_startup_thumb.a(framework.o)
 .debug_info    0x00002cf6      0x35b irq_code/irqUart.a(irqUart.o)
 .debug_info    0x00003051      0x5fe pre_emptive_os/pre_emptive_os.a(kernel.o)
 .debug_info    0x0000364f      0x2e8 pre_emptive_os/pre_emptive_os.a(prioqueue.o)
 .debug_info    0x00003937      0x32b pre_emptive_os/pre_emptive_os.a(count_sem.o)
 .debug_info    0x00003c62      0x4b8 pre_emptive_os/pre_emptive_os.a(timer.o)
 .debug_info    0x0000411a      0x2cf pre_emptive_os/pre_emptive_os.a(stack_usage.o)
 .debug_info    0x000043e9      0x189 pre_emptive_os/pre_emptive_os.a(a7hal.o)
 .debug_info    0x00004572      0x2ee pre_emptive_os/pre_emptive_os.a(event.o)
 .debug_info    0x00004860       0x68 /cygdrive/c/Embedded/GNUARM/bin/../lib/gcc/arm-elf/4.1.1/interwork/libgcc.a(_udivsi3.o)
 .debug_info    0x000048c8       0x68 /cygdrive/c/Embedded/GNUARM/bin/../lib/gcc/arm-elf/4.1.1/interwork/libgcc.a(_divsi3.o)
 .debug_info    0x00004930       0x68 /cygdrive/c/Embedded/GNUARM/bin/../lib/gcc/arm-elf/4.1.1/interwork/libgcc.a(_umodsi3.o)
 .debug_info    0x00004998       0x68 /cygdrive/c/Embedded/GNUARM/bin/../lib/gcc/arm-elf/4.1.1/interwork/libgcc.a(_modsi3.o)
 .debug_info    0x00004a00       0x68 /cygdrive/c/Embedded/GNUARM/bin/../lib/gcc/arm-elf/4.1.1/interwork/libgcc.a(_dvmd_tls.o)
 .debug_info    0x00004a68       0x68 /cygdrive/c/Embedded/GNUARM/bin/../lib/gcc/arm-elf/4.1.1/interwork/libgcc.a(_call_via_rX.o)
 .debug_info    0x00004ad0      0x949 /cygdrive/c/Embedded/GNUARM/bin/../lib/gcc/arm-elf/4.1.1/../../../../arm-elf/lib/interwork/libc.a(atoi.o)
 .debug_info    0x00005419      0x10a /cygdrive/c/Embedded/GNUARM/bin/../lib/gcc/arm-elf/4.1.1/../../../../arm-elf/lib/interwork/libc.a(memcpy.o)
 .debug_info    0x00005523      0x934 /cygdrive/c/Embedded/GNUARM/bin/../lib/gcc/arm-elf/4.1.1/../../../../arm-elf/lib/interwork/libc.a(rand.o)
 .debug_info    0x00005e57       0xd4 /cygdrive/c/Embedded/GNUARM/bin/../lib/gcc/arm-elf/4.1.1/../../../../arm-elf/lib/interwork/libc.a(strlen.o)
 .debug_info    0x00005f2b      0xa0f /cygdrive/c/Embedded/GNUARM/bin/../lib/gcc/arm-elf/4.1.1/../../../../arm-elf/lib/interwork/libc.a(strtol.o)
 .debug_info    0x0000693a       0x79 /cygdrive/c/Embedded/GNUARM/bin/../lib/gcc/arm-elf/4.1.1/../../../../arm-elf/lib/interwork/libc.a(ctype_.o)
 .debug_info    0x000069b3      0x922 /cygdrive/c/Embedded/GNUARM/bin/../lib/gcc/arm-elf/4.1.1/../../../../arm-elf/lib/interwork/libc.a(impure.o)

.debug_abbrev   0x00000000     0x232d
 *(.debug_abbrev)
 .debug_abbrev  0x00000000      0x14e main.o
 .debug_abbrev  0x0000014e      0x1bf lcd.o
 .debug_abbrev  0x0000030d      0x120 key.o
 .debug_abbrev  0x0000042d       0xe5 select.o
 .debug_abbrev  0x00000512      0x132 uart.o
 .debug_abbrev  0x00000644      0x25e exampleGame.o
 .debug_abbrev  0x000008a2       0xfd eeprom.o
 .debug_abbrev  0x0000099f      0x1fa i2c.o
 .debug_abbrev  0x00000b99      0x10c tetris.o
 .debug_abbrev  0x00000ca5      0x13c hw.o
 .debug_abbrev  0x00000de1      0x2a4 startup/libea_startup_thumb.a(consol.o)
 .debug_abbrev  0x00001085       0xd0 startup/libea_startup_thumb.a(framework.o)
 .debug_abbrev  0x00001155      0x13e irq_code/irqUart.a(irqUart.o)
 .debug_abbrev  0x00001293      0x1b8 pre_emptive_os/pre_emptive_os.a(kernel.o)
 .debug_abbrev  0x0000144b      0x11e pre_emptive_os/pre_emptive_os.a(prioqueue.o)
 .debug_abbrev  0x00001569      0x101 pre_emptive_os/pre_emptive_os.a(count_sem.o)
 .debug_abbrev  0x0000166a      0x154 pre_emptive_os/pre_emptive_os.a(timer.o)
 .debug_abbrev  0x000017be      0x170 pre_emptive_os/pre_emptive_os.a(stack_usage.o)
 .debug_abbrev  0x0000192e       0xf2 pre_emptive_os/pre_emptive_os.a(a7hal.o)
 .debug_abbrev  0x00001a20      0x103 pre_emptive_os/pre_emptive_os.a(event.o)
 .debug_abbrev  0x00001b23       0x14 /cygdrive/c/Embedded/GNUARM/bin/../lib/gcc/arm-elf/4.1.1/interwork/libgcc.a(_udivsi3.o)
 .debug_abbrev  0x00001b37       0x14 /cygdrive/c/Embedded/GNUARM/bin/../lib/gcc/arm-elf/4.1.1/interwork/libgcc.a(_divsi3.o)
 .debug_abbrev  0x00001b4b       0x14 /cygdrive/c/Embedded/GNUARM/bin/../lib/gcc/arm-elf/4.1.1/interwork/libgcc.a(_umodsi3.o)
 .debug_abbrev  0x00001b5f       0x14 /cygdrive/c/Embedded/GNUARM/bin/../lib/gcc/arm-elf/4.1.1/interwork/libgcc.a(_modsi3.o)
 .debug_abbrev  0x00001b73       0x14 /cygdrive/c/Embedded/GNUARM/bin/../lib/gcc/arm-elf/4.1.1/interwork/libgcc.a(_dvmd_tls.o)
 .debug_abbrev  0x00001b87       0x14 /cygdrive/c/Embedded/GNUARM/bin/../lib/gcc/arm-elf/4.1.1/interwork/libgcc.a(_call_via_rX.o)
 .debug_abbrev  0x00001b9b      0x176 /cygdrive/c/Embedded/GNUARM/bin/../lib/gcc/arm-elf/4.1.1/../../../../arm-elf/lib/interwork/libc.a(atoi.o)
 .debug_abbrev  0x00001d11       0xa6 /cygdrive/c/Embedded/GNUARM/bin/../lib/gcc/arm-elf/4.1.1/../../../../arm-elf/lib/interwork/libc.a(memcpy.o)
 .debug_abbrev  0x00001db7      0x185 /cygdrive/c/Embedded/GNUARM/bin/../lib/gcc/arm-elf/4.1.1/../../../../arm-elf/lib/interwork/libc.a(rand.o)
 .debug_abbrev  0x00001f3c       0x8b /cygdrive/c/Embedded/GNUARM/bin/../lib/gcc/arm-elf/4.1.1/../../../../arm-elf/lib/interwork/libc.a(strlen.o)
 .debug_abbrev  0x00001fc7      0x1bd /cygdrive/c/Embedded/GNUARM/bin/../lib/gcc/arm-elf/4.1.1/../../../../arm-elf/lib/interwork/libc.a(strtol.o)
 .debug_abbrev  0x00002184       0x52 /cygdrive/c/Embedded/GNUARM/bin/../lib/gcc/arm-elf/4.1.1/../../../../arm-elf/lib/interwork/libc.a(ctype_.o)
 .debug_abbrev  0x000021d6      0x157 /cygdrive/c/Embedded/GNUARM/bin/../lib/gcc/arm-elf/4.1.1/../../../../arm-elf/lib/interwork/libc.a(impure.o)

.debug_line     0x00000000     0x1cbb
 *(.debug_line)
 .debug_line    0x00000000       0xeb main.o
 .debug_line    0x000000eb      0x183 lcd.o
 .debug_line    0x0000026e       0xb8 key.o
 .debug_line    0x00000326       0xa6 select.o
 .debug_line    0x000003cc      0x112 uart.o
 .debug_line    0x000004de      0x15b exampleGame.o
 .debug_line    0x00000639      0x135 eeprom.o
 .debug_line    0x0000076e      0x162 i2c.o
 .debug_line    0x000008d0       0xc2 tetris.o
 .debug_line    0x00000992      0x12f hw.o
 .debug_line    0x00000ac1      0x193 startup/libea_startup_thumb.a(consol.o)
 .debug_line    0x00000c54       0xd7 startup/libea_startup_thumb.a(framework.o)
 .debug_line    0x00000d2b       0xd2 irq_code/irqUart.a(irqUart.o)
 .debug_line    0x00000dfd      0x177 pre_emptive_os/pre_emptive_os.a(kernel.o)
 .debug_line    0x00000f74       0xbb pre_emptive_os/pre_emptive_os.a(prioqueue.o)
 .debug_line    0x0000102f       0xd9 pre_emptive_os/pre_emptive_os.a(count_sem.o)
 .debug_line    0x00001108      0x109 pre_emptive_os/pre_emptive_os.a(timer.o)
 .debug_line    0x00001211       0x97 pre_emptive_os/pre_emptive_os.a(stack_usage.o)
 .debug_line    0x000012a8       0x8c pre_emptive_os/pre_emptive_os.a(a7hal.o)
 .debug_line    0x00001334       0xaf pre_emptive_os/pre_emptive_os.a(event.o)
 .debug_line    0x000013e3       0x84 /cygdrive/c/Embedded/GNUARM/bin/../lib/gcc/arm-elf/4.1.1/interwork/libgcc.a(_udivsi3.o)
 .debug_line    0x00001467       0x90 /cygdrive/c/Embedded/GNUARM/bin/../lib/gcc/arm-elf/4.1.1/interwork/libgcc.a(_divsi3.o)
 .debug_line    0x000014f7       0x6e /cygdrive/c/Embedded/GNUARM/bin/../lib/gcc/arm-elf/4.1.1/interwork/libgcc.a(_umodsi3.o)
 .debug_line    0x00001565       0x74 /cygdrive/c/Embedded/GNUARM/bin/../lib/gcc/arm-elf/4.1.1/interwork/libgcc.a(_modsi3.o)
 .debug_line    0x000015d9       0x5d /cygdrive/c/Embedded/GNUARM/bin/../lib/gcc/arm-elf/4.1.1/interwork/libgcc.a(_dvmd_tls.o)
 .debug_line    0x00001636       0x6b /cygdrive/c/Embedded/GNUARM/bin/../lib/gcc/arm-elf/4.1.1/interwork/libgcc.a(_call_via_rX.o)
 .debug_line    0x000016a1       0xf9 /cygdrive/c/Embedded/GNUARM/bin/../lib/gcc/arm-elf/4.1.1/../../../../arm-elf/lib/interwork/libc.a(atoi.o)
 .debug_line    0x0000179a       0xc8 /cygdrive/c/Embedded/GNUARM/bin/../lib/gcc/arm-elf/4.1.1/../../../../arm-elf/lib/interwork/libc.a(memcpy.o)
 .debug_line    0x00001862       0xf9 /cygdrive/c/Embedded/GNUARM/bin/../lib/gcc/arm-elf/4.1.1/../../../../arm-elf/lib/interwork/libc.a(rand.o)
 .debug_line    0x0000195b       0xaf /cygdrive/c/Embedded/GNUARM/bin/../lib/gcc/arm-elf/4.1.1/../../../../arm-elf/lib/interwork/libc.a(strlen.o)
 .debug_line    0x00001a0a      0x173 /cygdrive/c/Embedded/GNUARM/bin/../lib/gcc/arm-elf/4.1.1/../../../../arm-elf/lib/interwork/libc.a(strtol.o)
 .debug_line    0x00001b7d       0x5b /cygdrive/c/Embedded/GNUARM/bin/../lib/gcc/arm-elf/4.1.1/../../../../arm-elf/lib/interwork/libc.a(ctype_.o)
 .debug_line    0x00001bd8       0xe3 /cygdrive/c/Embedded/GNUARM/bin/../lib/gcc/arm-elf/4.1.1/../../../../arm-elf/lib/interwork/libc.a(impure.o)

.debug_frame    0x00000000     0x11a8
 *(.debug_frame)
 .debug_frame   0x00000000       0xa4 main.o
 .debug_frame   0x000000a4      0x1b8 lcd.o
 .debug_frame   0x0000025c       0x80 key.o
 .debug_frame   0x000002dc       0x54 select.o
 .debug_frame   0x00000330       0xe8 uart.o
 .debug_frame   0x00000418       0xac exampleGame.o
 .debug_frame   0x000004c4       0xc4 eeprom.o
 .debug_frame   0x00000588      0x140 i2c.o
 .debug_frame   0x000006c8       0x74 tetris.o
 .debug_frame   0x0000073c       0xf8 hw.o
 .debug_frame   0x00000834      0x150 startup/libea_startup_thumb.a(consol.o)
 .debug_frame   0x00000984       0xd8 startup/libea_startup_thumb.a(framework.o)
 .debug_frame   0x00000a5c       0x4c irq_code/irqUart.a(irqUart.o)
 .debug_frame   0x00000aa8      0x1e8 pre_emptive_os/pre_emptive_os.a(kernel.o)
 .debug_frame   0x00000c90       0x8c pre_emptive_os/pre_emptive_os.a(prioqueue.o)
 .debug_frame   0x00000d1c       0x84 pre_emptive_os/pre_emptive_os.a(count_sem.o)
 .debug_frame   0x00000da0       0xb8 pre_emptive_os/pre_emptive_os.a(timer.o)
 .debug_frame   0x00000e58       0x58 pre_emptive_os/pre_emptive_os.a(stack_usage.o)
 .debug_frame   0x00000eb0       0xa0 pre_emptive_os/pre_emptive_os.a(a7hal.o)
 .debug_frame   0x00000f50       0x94 pre_emptive_os/pre_emptive_os.a(event.o)
 .debug_frame   0x00000fe4       0x2c /cygdrive/c/Embedded/GNUARM/bin/../lib/gcc/arm-elf/4.1.1/interwork/libgcc.a(_udivsi3.o)
 .debug_frame   0x00001010       0x2c /cygdrive/c/Embedded/GNUARM/bin/../lib/gcc/arm-elf/4.1.1/interwork/libgcc.a(_divsi3.o)
 .debug_frame   0x0000103c       0x2c /cygdrive/c/Embedded/GNUARM/bin/../lib/gcc/arm-elf/4.1.1/interwork/libgcc.a(_umodsi3.o)
 .debug_frame   0x00001068       0x2c /cygdrive/c/Embedded/GNUARM/bin/../lib/gcc/arm-elf/4.1.1/interwork/libgcc.a(_modsi3.o)
 .debug_frame   0x00001094       0x40 /cygdrive/c/Embedded/GNUARM/bin/../lib/gcc/arm-elf/4.1.1/../../../../arm-elf/lib/interwork/libc.a(atoi.o)
 .debug_frame   0x000010d4       0x28 /cygdrive/c/Embedded/GNUARM/bin/../lib/gcc/arm-elf/4.1.1/../../../../arm-elf/lib/interwork/libc.a(memcpy.o)
 .debug_frame   0x000010fc       0x3c /cygdrive/c/Embedded/GNUARM/bin/../lib/gcc/arm-elf/4.1.1/../../../../arm-elf/lib/interwork/libc.a(rand.o)
 .debug_frame   0x00001138       0x20 /cygdrive/c/Embedded/GNUARM/bin/../lib/gcc/arm-elf/4.1.1/../../../../arm-elf/lib/interwork/libc.a(strlen.o)
 .debug_frame   0x00001158       0x50 /cygdrive/c/Embedded/GNUARM/bin/../lib/gcc/arm-elf/4.1.1/../../../../arm-elf/lib/interwork/libc.a(strtol.o)

.debug_str      0x00000000     0x1941
 *(.debug_str)
 .debug_str     0x00000000      0x11f main.o
                                0x158 (size before relaxing)
 .debug_str     0x0000011f      0x142 lcd.o
                                0x1da (size before relaxing)
 .debug_str     0x00000261      0x102 key.o
                                0x19c (size before relaxing)
 .debug_str     0x00000363       0x9e select.o
                                0x194 (size before relaxing)
 .debug_str     0x00000401      0x219 uart.o
                                0x2d2 (size before relaxing)
 .debug_str     0x0000061a       0xf1 exampleGame.o
                                0x266 (size before relaxing)
 .debug_str     0x0000070b       0x87 eeprom.o
                                0x119 (size before relaxing)
 .debug_str     0x00000792       0xb1 i2c.o
                                0x263 (size before relaxing)
 .debug_str     0x00000843       0x58 tetris.o
                                0x1bd (size before relaxing)
 .debug_str     0x0000089b       0xf7 hw.o
                                0x1a7 (size before relaxing)
 .debug_str     0x00000992      0x187 startup/libea_startup_thumb.a(consol.o)
                                0x247 (size before relaxing)
 .debug_str     0x00000b19       0xdd startup/libea_startup_thumb.a(framework.o)
                                0x143 (size before relaxing)
 .debug_str     0x00000bf6       0x8d irq_code/irqUart.a(irqUart.o)
                                0x26e (size before relaxing)
 .debug_str     0x00000c83      0x22c pre_emptive_os/pre_emptive_os.a(kernel.o)
                                0x359 (size before relaxing)
 .debug_str     0x00000eaf       0x7d pre_emptive_os/pre_emptive_os.a(prioqueue.o)
                                0x241 (size before relaxing)
 .debug_str     0x00000f2c       0x51 pre_emptive_os/pre_emptive_os.a(count_sem.o)
                                0x256 (size before relaxing)
 .debug_str     0x00000f7d       0xe2 pre_emptive_os/pre_emptive_os.a(timer.o)
                                0x2f2 (size before relaxing)
 .debug_str     0x0000105f       0x70 pre_emptive_os/pre_emptive_os.a(stack_usage.o)
                                0x226 (size before relaxing)
 .debug_str     0x000010cf      0x153 pre_emptive_os/pre_emptive_os.a(a7hal.o)
                                0x1d8 (size before relaxing)
 .debug_str     0x00001222       0x51 pre_emptive_os/pre_emptive_os.a(event.o)
                                0x260 (size before relaxing)
 .debug_str     0x00001273      0x409 /cygdrive/c/Embedded/GNUARM/bin/../lib/gcc/arm-elf/4.1.1/../../../../arm-elf/lib/interwork/libc.a(atoi.o)
                                0x49e (size before relaxing)
 .debug_str     0x0000167c       0xaa /cygdrive/c/Embedded/GNUARM/bin/../lib/gcc/arm-elf/4.1.1/../../../../arm-elf/lib/interwork/libc.a(memcpy.o)
                                 0xd6 (size before relaxing)
 .debug_str     0x00001726       0x40 /cygdrive/c/Embedded/GNUARM/bin/../lib/gcc/arm-elf/4.1.1/../../../../arm-elf/lib/interwork/libc.a(rand.o)
                                0x4ad (size before relaxing)
 .debug_str     0x00001766       0x56 /cygdrive/c/Embedded/GNUARM/bin/../lib/gcc/arm-elf/4.1.1/../../../../arm-elf/lib/interwork/libc.a(strlen.o)
                                0x11f (size before relaxing)
 .debug_str     0x000017bc       0x78 /cygdrive/c/Embedded/GNUARM/bin/../lib/gcc/arm-elf/4.1.1/../../../../arm-elf/lib/interwork/libc.a(strtol.o)
                                0x4e0 (size before relaxing)
 .debug_str     0x00001834       0x7b /cygdrive/c/Embedded/GNUARM/bin/../lib/gcc/arm-elf/4.1.1/../../../../arm-elf/lib/interwork/libc.a(ctype_.o)
                                 0xaa (size before relaxing)
 .debug_str     0x000018af       0x92 /cygdrive/c/Embedded/GNUARM/bin/../lib/gcc/arm-elf/4.1.1/../../../../arm-elf/lib/interwork/libc.a(impure.o)
                                0x4bc (size before relaxing)

.debug_loc      0x00000000     0x2867
 *(.debug_loc)
 .debug_loc     0x00000000      0x14d main.o
 .debug_loc     0x0000014d      0x783 lcd.o
 .debug_loc     0x000008d0       0x9a key.o
 .debug_loc     0x0000096a       0x9d select.o
 .debug_loc     0x00000a07      0x274 uart.o
 .debug_loc     0x00000c7b      0x3f4 exampleGame.o
 .debug_loc     0x0000106f      0x451 eeprom.o
 .debug_loc     0x000014c0      0x47b i2c.o
 .debug_loc     0x0000193b      0x122 tetris.o
 .debug_loc     0x00001a5d      0x21b hw.o
 .debug_loc     0x00001c78      0x5ee startup/libea_startup_thumb.a(consol.o)
 .debug_loc     0x00002266      0x193 startup/libea_startup_thumb.a(framework.o)
 .debug_loc     0x000023f9       0x8a irq_code/irqUart.a(irqUart.o)
 .debug_loc     0x00002483       0x77 /cygdrive/c/Embedded/GNUARM/bin/../lib/gcc/arm-elf/4.1.1/../../../../arm-elf/lib/interwork/libc.a(atoi.o)
 .debug_loc     0x000024fa       0xfc /cygdrive/c/Embedded/GNUARM/bin/../lib/gcc/arm-elf/4.1.1/../../../../arm-elf/lib/interwork/libc.a(memcpy.o)
 .debug_loc     0x000025f6       0x1f /cygdrive/c/Embedded/GNUARM/bin/../lib/gcc/arm-elf/4.1.1/../../../../arm-elf/lib/interwork/libc.a(rand.o)
 .debug_loc     0x00002615       0x47 /cygdrive/c/Embedded/GNUARM/bin/../lib/gcc/arm-elf/4.1.1/../../../../arm-elf/lib/interwork/libc.a(strlen.o)
 .debug_loc     0x0000265c      0x20b /cygdrive/c/Embedded/GNUARM/bin/../lib/gcc/arm-elf/4.1.1/../../../../arm-elf/lib/interwork/libc.a(strtol.o)

.debug_macinfo
 *(.debug_macinfo)

.debug_weaknames
 *(.debug_weaknames)

.debug_funcnames
 *(.debug_funcnames)

.debug_typenames
 *(.debug_typenames)

.debug_varnames
 *(.debug_varnames)
OUTPUT(lpc2104_color_lcd_v1.9.elf elf32-littlearm)

Cross Reference Table

Symbol                                            File
____divsi3_change_to_arm                          /cygdrive/c/Embedded/GNUARM/bin/../lib/gcc/arm-elf/4.1.1/../../../../arm-elf/lib/interwork/libc.a(impure.o)
____divsi3_from_thumb                             /cygdrive/c/Embedded/GNUARM/bin/../lib/gcc/arm-elf/4.1.1/../../../../arm-elf/lib/interwork/libc.a(impure.o)
____modsi3_change_to_arm                          /cygdrive/c/Embedded/GNUARM/bin/../lib/gcc/arm-elf/4.1.1/../../../../arm-elf/lib/interwork/libc.a(impure.o)
____modsi3_from_thumb                             /cygdrive/c/Embedded/GNUARM/bin/../lib/gcc/arm-elf/4.1.1/../../../../arm-elf/lib/interwork/libc.a(impure.o)
____udivsi3_change_to_arm                         /cygdrive/c/Embedded/GNUARM/bin/../lib/gcc/arm-elf/4.1.1/../../../../arm-elf/lib/interwork/libc.a(impure.o)
____udivsi3_from_thumb                            /cygdrive/c/Embedded/GNUARM/bin/../lib/gcc/arm-elf/4.1.1/../../../../arm-elf/lib/interwork/libc.a(impure.o)
____umodsi3_change_to_arm                         /cygdrive/c/Embedded/GNUARM/bin/../lib/gcc/arm-elf/4.1.1/../../../../arm-elf/lib/interwork/libc.a(impure.o)
____umodsi3_from_thumb                            /cygdrive/c/Embedded/GNUARM/bin/../lib/gcc/arm-elf/4.1.1/../../../../arm-elf/lib/interwork/libc.a(impure.o)
__aeabi_idiv                                      /cygdrive/c/Embedded/GNUARM/bin/../lib/gcc/arm-elf/4.1.1/interwork/libgcc.a(_divsi3.o)
__aeabi_idiv0                                     /cygdrive/c/Embedded/GNUARM/bin/../lib/gcc/arm-elf/4.1.1/interwork/libgcc.a(_dvmd_tls.o)
__aeabi_idivmod                                   /cygdrive/c/Embedded/GNUARM/bin/../lib/gcc/arm-elf/4.1.1/interwork/libgcc.a(_divsi3.o)
__aeabi_ldiv0                                     /cygdrive/c/Embedded/GNUARM/bin/../lib/gcc/arm-elf/4.1.1/interwork/libgcc.a(_dvmd_tls.o)
__aeabi_uidiv                                     /cygdrive/c/Embedded/GNUARM/bin/../lib/gcc/arm-elf/4.1.1/interwork/libgcc.a(_udivsi3.o)
__aeabi_uidivmod                                  /cygdrive/c/Embedded/GNUARM/bin/../lib/gcc/arm-elf/4.1.1/interwork/libgcc.a(_udivsi3.o)
__bss_end__                                       startup/libea_startup_thumb.a(startup.o)
__bss_start__                                     startup/libea_startup_thumb.a(startup.o)
__ctxSwitchIsr_oshal_change_to_arm                /cygdrive/c/Embedded/GNUARM/bin/../lib/gcc/arm-elf/4.1.1/../../../../arm-elf/lib/interwork/libc.a(impure.o)
__ctxSwitchIsr_oshal_from_thumb                   /cygdrive/c/Embedded/GNUARM/bin/../lib/gcc/arm-elf/4.1.1/../../../../arm-elf/lib/interwork/libc.a(impure.o)
__ctxSwitch_oshal_change_to_arm                   /cygdrive/c/Embedded/GNUARM/bin/../lib/gcc/arm-elf/4.1.1/../../../../arm-elf/lib/interwork/libc.a(impure.o)
__ctxSwitch_oshal_from_thumb                      /cygdrive/c/Embedded/GNUARM/bin/../lib/gcc/arm-elf/4.1.1/../../../../arm-elf/lib/interwork/libc.a(impure.o)
__ctype_ptr                                       /cygdrive/c/Embedded/GNUARM/bin/../lib/gcc/arm-elf/4.1.1/../../../../arm-elf/lib/interwork/libc.a(ctype_.o)
                                                  /cygdrive/c/Embedded/GNUARM/bin/../lib/gcc/arm-elf/4.1.1/../../../../arm-elf/lib/interwork/libc.a(strtol.o)
__disIrq_change_to_arm                            /cygdrive/c/Embedded/GNUARM/bin/../lib/gcc/arm-elf/4.1.1/../../../../arm-elf/lib/interwork/libc.a(impure.o)
__disIrq_from_thumb                               /cygdrive/c/Embedded/GNUARM/bin/../lib/gcc/arm-elf/4.1.1/../../../../arm-elf/lib/interwork/libc.a(impure.o)
__div0                                            /cygdrive/c/Embedded/GNUARM/bin/../lib/gcc/arm-elf/4.1.1/interwork/libgcc.a(_dvmd_tls.o)
                                                  /cygdrive/c/Embedded/GNUARM/bin/../lib/gcc/arm-elf/4.1.1/interwork/libgcc.a(_modsi3.o)
                                                  /cygdrive/c/Embedded/GNUARM/bin/../lib/gcc/arm-elf/4.1.1/interwork/libgcc.a(_umodsi3.o)
                                                  /cygdrive/c/Embedded/GNUARM/bin/../lib/gcc/arm-elf/4.1.1/interwork/libgcc.a(_divsi3.o)
                                                  /cygdrive/c/Embedded/GNUARM/bin/../lib/gcc/arm-elf/4.1.1/interwork/libgcc.a(_udivsi3.o)
__divsi3                                          /cygdrive/c/Embedded/GNUARM/bin/../lib/gcc/arm-elf/4.1.1/interwork/libgcc.a(_divsi3.o)
                                                  pre_emptive_os/pre_emptive_os.a(stack_usage.o)
__eaInit_change_to_arm                            /cygdrive/c/Embedded/GNUARM/bin/../lib/gcc/arm-elf/4.1.1/../../../../arm-elf/lib/interwork/libc.a(impure.o)
__eaInit_from_thumb                               /cygdrive/c/Embedded/GNUARM/bin/../lib/gcc/arm-elf/4.1.1/../../../../arm-elf/lib/interwork/libc.a(impure.o)
__halDisableInterrupts_oshal_change_to_arm        /cygdrive/c/Embedded/GNUARM/bin/../lib/gcc/arm-elf/4.1.1/../../../../arm-elf/lib/interwork/libc.a(impure.o)
__halDisableInterrupts_oshal_from_thumb           /cygdrive/c/Embedded/GNUARM/bin/../lib/gcc/arm-elf/4.1.1/../../../../arm-elf/lib/interwork/libc.a(impure.o)
__halRestoreInterrupts_oshal_change_to_arm        /cygdrive/c/Embedded/GNUARM/bin/../lib/gcc/arm-elf/4.1.1/../../../../arm-elf/lib/interwork/libc.a(impure.o)
__halRestoreInterrupts_oshal_from_thumb           /cygdrive/c/Embedded/GNUARM/bin/../lib/gcc/arm-elf/4.1.1/../../../../arm-elf/lib/interwork/libc.a(impure.o)
__initTimer_oshal_change_to_arm                   /cygdrive/c/Embedded/GNUARM/bin/../lib/gcc/arm-elf/4.1.1/../../../../arm-elf/lib/interwork/libc.a(impure.o)
__initTimer_oshal_from_thumb                      /cygdrive/c/Embedded/GNUARM/bin/../lib/gcc/arm-elf/4.1.1/../../../../arm-elf/lib/interwork/libc.a(impure.o)
__memcpy_change_to_arm                            /cygdrive/c/Embedded/GNUARM/bin/../lib/gcc/arm-elf/4.1.1/../../../../arm-elf/lib/interwork/libc.a(impure.o)
__memcpy_from_thumb                               /cygdrive/c/Embedded/GNUARM/bin/../lib/gcc/arm-elf/4.1.1/../../../../arm-elf/lib/interwork/libc.a(impure.o)
__modsi3                                          /cygdrive/c/Embedded/GNUARM/bin/../lib/gcc/arm-elf/4.1.1/interwork/libgcc.a(_modsi3.o)
                                                  exampleGame.o
__osISRExit_from_arm                              /cygdrive/c/Embedded/GNUARM/bin/../lib/gcc/arm-elf/4.1.1/../../../../arm-elf/lib/interwork/libc.a(impure.o)
__osSemGive_from_arm                              /cygdrive/c/Embedded/GNUARM/bin/../lib/gcc/arm-elf/4.1.1/../../../../arm-elf/lib/interwork/libc.a(impure.o)
__osTick_from_arm                                 /cygdrive/c/Embedded/GNUARM/bin/../lib/gcc/arm-elf/4.1.1/../../../../arm-elf/lib/interwork/libc.a(impure.o)
__rand_change_to_arm                              /cygdrive/c/Embedded/GNUARM/bin/../lib/gcc/arm-elf/4.1.1/../../../../arm-elf/lib/interwork/libc.a(impure.o)
__rand_from_thumb                                 /cygdrive/c/Embedded/GNUARM/bin/../lib/gcc/arm-elf/4.1.1/../../../../arm-elf/lib/interwork/libc.a(impure.o)
__restoreIrq_change_to_arm                        /cygdrive/c/Embedded/GNUARM/bin/../lib/gcc/arm-elf/4.1.1/../../../../arm-elf/lib/interwork/libc.a(impure.o)
__restoreIrq_from_thumb                           /cygdrive/c/Embedded/GNUARM/bin/../lib/gcc/arm-elf/4.1.1/../../../../arm-elf/lib/interwork/libc.a(impure.o)
__simplePrintf_change_to_arm                      /cygdrive/c/Embedded/GNUARM/bin/../lib/gcc/arm-elf/4.1.1/../../../../arm-elf/lib/interwork/libc.a(impure.o)
__simplePrintf_from_thumb                         /cygdrive/c/Embedded/GNUARM/bin/../lib/gcc/arm-elf/4.1.1/../../../../arm-elf/lib/interwork/libc.a(impure.o)
__srand_change_to_arm                             /cygdrive/c/Embedded/GNUARM/bin/../lib/gcc/arm-elf/4.1.1/../../../../arm-elf/lib/interwork/libc.a(impure.o)
__srand_from_thumb                                /cygdrive/c/Embedded/GNUARM/bin/../lib/gcc/arm-elf/4.1.1/../../../../arm-elf/lib/interwork/libc.a(impure.o)
__startHighProc_oshal_change_to_arm               /cygdrive/c/Embedded/GNUARM/bin/../lib/gcc/arm-elf/4.1.1/../../../../arm-elf/lib/interwork/libc.a(impure.o)
__startHighProc_oshal_from_thumb                  /cygdrive/c/Embedded/GNUARM/bin/../lib/gcc/arm-elf/4.1.1/../../../../arm-elf/lib/interwork/libc.a(impure.o)
__stkFrameInit_oshal_change_to_arm                /cygdrive/c/Embedded/GNUARM/bin/../lib/gcc/arm-elf/4.1.1/../../../../arm-elf/lib/interwork/libc.a(impure.o)
__stkFrameInit_oshal_from_thumb                   /cygdrive/c/Embedded/GNUARM/bin/../lib/gcc/arm-elf/4.1.1/../../../../arm-elf/lib/interwork/libc.a(impure.o)
__udivsi3                                         /cygdrive/c/Embedded/GNUARM/bin/../lib/gcc/arm-elf/4.1.1/interwork/libgcc.a(_udivsi3.o)
                                                  /cygdrive/c/Embedded/GNUARM/bin/../lib/gcc/arm-elf/4.1.1/../../../../arm-elf/lib/interwork/libc.a(strtol.o)
                                                  pre_emptive_os/pre_emptive_os.a(stack_usage.o)
                                                  startup/libea_startup_thumb.a(consol.o)
                                                  exampleGame.o
__umodsi3                                         /cygdrive/c/Embedded/GNUARM/bin/../lib/gcc/arm-elf/4.1.1/interwork/libgcc.a(_umodsi3.o)
                                                  /cygdrive/c/Embedded/GNUARM/bin/../lib/gcc/arm-elf/4.1.1/../../../../arm-elf/lib/interwork/libc.a(strtol.o)
                                                  startup/libea_startup_thumb.a(consol.o)
                                                  exampleGame.o
_atoi_r                                           /cygdrive/c/Embedded/GNUARM/bin/../lib/gcc/arm-elf/4.1.1/../../../../arm-elf/lib/interwork/libc.a(atoi.o)
_call_via_fp                                      /cygdrive/c/Embedded/GNUARM/bin/../lib/gcc/arm-elf/4.1.1/interwork/libgcc.a(_call_via_rX.o)
_call_via_ip                                      /cygdrive/c/Embedded/GNUARM/bin/../lib/gcc/arm-elf/4.1.1/interwork/libgcc.a(_call_via_rX.o)
_call_via_lr                                      /cygdrive/c/Embedded/GNUARM/bin/../lib/gcc/arm-elf/4.1.1/interwork/libgcc.a(_call_via_rX.o)
_call_via_r0                                      /cygdrive/c/Embedded/GNUARM/bin/../lib/gcc/arm-elf/4.1.1/interwork/libgcc.a(_call_via_rX.o)
_call_via_r1                                      /cygdrive/c/Embedded/GNUARM/bin/../lib/gcc/arm-elf/4.1.1/interwork/libgcc.a(_call_via_rX.o)
_call_via_r2                                      /cygdrive/c/Embedded/GNUARM/bin/../lib/gcc/arm-elf/4.1.1/interwork/libgcc.a(_call_via_rX.o)
_call_via_r3                                      /cygdrive/c/Embedded/GNUARM/bin/../lib/gcc/arm-elf/4.1.1/interwork/libgcc.a(_call_via_rX.o)
_call_via_r4                                      /cygdrive/c/Embedded/GNUARM/bin/../lib/gcc/arm-elf/4.1.1/interwork/libgcc.a(_call_via_rX.o)
                                                  pre_emptive_os/pre_emptive_os.a(timer.o)
_call_via_r5                                      /cygdrive/c/Embedded/GNUARM/bin/../lib/gcc/arm-elf/4.1.1/interwork/libgcc.a(_call_via_rX.o)
_call_via_r6                                      /cygdrive/c/Embedded/GNUARM/bin/../lib/gcc/arm-elf/4.1.1/interwork/libgcc.a(_call_via_rX.o)
_call_via_r7                                      /cygdrive/c/Embedded/GNUARM/bin/../lib/gcc/arm-elf/4.1.1/interwork/libgcc.a(_call_via_rX.o)
_call_via_r8                                      /cygdrive/c/Embedded/GNUARM/bin/../lib/gcc/arm-elf/4.1.1/interwork/libgcc.a(_call_via_rX.o)
_call_via_r9                                      /cygdrive/c/Embedded/GNUARM/bin/../lib/gcc/arm-elf/4.1.1/interwork/libgcc.a(_call_via_rX.o)
_call_via_sl                                      /cygdrive/c/Embedded/GNUARM/bin/../lib/gcc/arm-elf/4.1.1/interwork/libgcc.a(_call_via_rX.o)
_call_via_sp                                      /cygdrive/c/Embedded/GNUARM/bin/../lib/gcc/arm-elf/4.1.1/interwork/libgcc.a(_call_via_rX.o)
_ctype_                                           /cygdrive/c/Embedded/GNUARM/bin/../lib/gcc/arm-elf/4.1.1/../../../../arm-elf/lib/interwork/libc.a(ctype_.o)
_data                                             startup/libea_startup_thumb.a(startup.o)
_edata                                            startup/libea_startup_thumb.a(startup.o)
_etext                                            startup/libea_startup_thumb.a(startup.o)
_global_impure_ptr                                /cygdrive/c/Embedded/GNUARM/bin/../lib/gcc/arm-elf/4.1.1/../../../../arm-elf/lib/interwork/libc.a(impure.o)
_impure_ptr                                       /cygdrive/c/Embedded/GNUARM/bin/../lib/gcc/arm-elf/4.1.1/../../../../arm-elf/lib/interwork/libc.a(impure.o)
                                                  /cygdrive/c/Embedded/GNUARM/bin/../lib/gcc/arm-elf/4.1.1/../../../../arm-elf/lib/interwork/libc.a(strtol.o)
                                                  /cygdrive/c/Embedded/GNUARM/bin/../lib/gcc/arm-elf/4.1.1/../../../../arm-elf/lib/interwork/libc.a(rand.o)
_startup                                          startup/libea_startup_thumb.a(startup.o)
_strtol_r                                         /cygdrive/c/Embedded/GNUARM/bin/../lib/gcc/arm-elf/4.1.1/../../../../arm-elf/lib/interwork/libc.a(strtol.o)
                                                  /cygdrive/c/Embedded/GNUARM/bin/../lib/gcc/arm-elf/4.1.1/../../../../arm-elf/lib/interwork/libc.a(atoi.o)
addToPrioQueue                                    pre_emptive_os/pre_emptive_os.a(prioqueue.o)
                                                  pre_emptive_os/pre_emptive_os.a(event.o)
                                                  pre_emptive_os/pre_emptive_os.a(kernel.o)
addToRdyList                                      pre_emptive_os/pre_emptive_os.a(kernel.o)
                                                  pre_emptive_os/pre_emptive_os.a(event.o)
addToTimeList                                     pre_emptive_os/pre_emptive_os.a(kernel.o)
                                                  pre_emptive_os/pre_emptive_os.a(event.o)
appTick                                           main.o
                                                  pre_emptive_os/pre_emptive_os.a(kernel.o)
atoi                                              /cygdrive/c/Embedded/GNUARM/bin/../lib/gcc/arm-elf/4.1.1/../../../../arm-elf/lib/interwork/libc.a(atoi.o)
                                                  startup/libea_startup_thumb.a(consol.o)
bzzbzz                                            tetris.o
charMap                                           lcd.o
checkKey                                          key.o
                                                  tetris.o
                                                  exampleGame.o
                                                  select.o
                                                  main.o
checkKey2                                         key.o
checkStackLimit                                   pre_emptive_os/pre_emptive_os.a(stack_usage.o)
consolGetCh                                       startup/libea_startup_thumb.a(consol.o)
consolGetChar                                     startup/libea_startup_thumb.a(consol.o)
consolGetIntNum                                   startup/libea_startup_thumb.a(consol.o)
consolGetString                                   startup/libea_startup_thumb.a(consol.o)
consolInit                                        startup/libea_startup_thumb.a(consol.o)
                                                  startup/libea_startup_thumb.a(framework.o)
consolScanf                                       startup/libea_startup_thumb.a(consol.o)
consolSendCh                                      startup/libea_startup_thumb.a(consol.o)
consolSendChar                                    startup/libea_startup_thumb.a(consol.o)
[...]
                                                  pre_emptive_os/pre_emptive_os.a(kernel.o)
delayMS                                           tetris.o
disIrq                                            irq_code/irqUart.a(irqUart.o)
                                                  uart.o
drawMenu                                          select.o
                                                  tetris.o
                                                  exampleGame.o
eaInit                                            startup/libea_startup_thumb.a(framework.o)
                                                  main.o
eepromPageRead                                    eeprom.o
eepromPoll                                        eeprom.o
eepromStartRead                                   eeprom.o
eepromWrite                                       eeprom.o
end                                               startup/libea_startup_thumb.a(framework.o)
eventInit                                         pre_emptive_os/pre_emptive_os.a(event.o)
                                                  pre_emptive_os/pre_emptive_os.a(count_sem.o)
eventIsEmpty                                      pre_emptive_os/pre_emptive_os.a(event.o)
                                                  pre_emptive_os/pre_emptive_os.a(count_sem.o)
eventSignal                                       pre_emptive_os/pre_emptive_os.a(event.o)
                                                  pre_emptive_os/pre_emptive_os.a(count_sem.o)
eventWait                                         pre_emptive_os/pre_emptive_os.a(event.o)
                                                  pre_emptive_os/pre_emptive_os.a(count_sem.o)
eventWaitReturn                                   pre_emptive_os/pre_emptive_os.a(event.o)
                                                  pre_emptive_os/pre_emptive_os.a(count_sem.o)
exceptionHandlerInit                              startup/libea_startup_thumb.a(framework.o)
                                                  startup/libea_startup_thumb.a(startup.o)
figures                                           exampleGame.o
generalIRQ_oshal                                  pre_emptive_os/pre_emptive_os.a(a7hal_a.o)
                                                  pre_emptive_os/pre_emptive_os.a(a7hal.o)
getHighPrioQueue                                  pre_emptive_os/pre_emptive_os.a(prioqueue.o)
                                                  pre_emptive_os/pre_emptive_os.a(event.o)
                                                  pre_emptive_os/pre_emptive_os.a(kernel.o)
getI2cLock                                        i2c.o
                                                  eeprom.o
getKeys                                           hw.o
                                                  key.o
halDisableInterrupts_oshal                        pre_emptive_os/pre_emptive_os.a(a7hal.o)
                                                  pre_emptive_os/pre_emptive_os.a(timer.o)
                                                  pre_emptive_os/pre_emptive_os.a(count_sem.o)
                                                  pre_emptive_os/pre_emptive_os.a(kernel.o)
halEnableInterrupts_oshal                         pre_emptive_os/pre_emptive_os.a(a7hal.o)
halRestoreInterrupts_oshal                        pre_emptive_os/pre_emptive_os.a(a7hal.o)
                                                  pre_emptive_os/pre_emptive_os.a(timer.o)
                                                  pre_emptive_os/pre_emptive_os.a(count_sem.o)
                                                  pre_emptive_os/pre_emptive_os.a(kernel.o)
handleIRQs_oshal                                  pre_emptive_os/pre_emptive_os.a(a7hal.o)
                                                  pre_emptive_os/pre_emptive_os.a(a7hal_a.o)
i2cCheckStatus                                    i2c.o
                                                  eeprom.o
i2cGetChar                                        i2c.o
                                                  eeprom.o
i2cInit                                           i2c.o
                                                  hw.o
i2cMyWrite                                        i2c.o
i2cPutChar                                        i2c.o
                                                  eeprom.o
i2cRead                                           i2c.o
i2cRepeatStart                                    i2c.o
                                                  eeprom.o
i2cStart                                          i2c.o
                                                  eeprom.o
i2cStop                                           i2c.o
                                                  eeprom.o
i2cWaitTransmit                                   i2c.o
i2cWrite                                          i2c.o
i2cWriteWithWait                                  i2c.o
                                                  eeprom.o
immediateIoInit                                   hw.o
                                                  main.o
initKeyProc                                       key.o
                                                  main.o
initPrioQueue                                     pre_emptive_os/pre_emptive_os.a(prioqueue.o)
                                                  pre_emptive_os/pre_emptive_os.a(event.o)
                                                  pre_emptive_os/pre_emptive_os.a(kernel.o)
initSpiForLcd                                     hw.o
                                                  lcd.o
initTimer_oshal                                   pre_emptive_os/pre_emptive_os.a(a7hal.o)
                                                  pre_emptive_os/pre_emptive_os.a(kernel.o)
initUart1                                         uart.o
isEmptyPrioQueue                                  pre_emptive_os/pre_emptive_os.a(prioqueue.o)
                                                  pre_emptive_os/pre_emptive_os.a(event.o)
isrNesting                                        pre_emptive_os/pre_emptive_os.a(kernel.o)
                                                  pre_emptive_os/pre_emptive_os.a(event.o)
                                                  pre_emptive_os/pre_emptive_os.a(a7hal_a.o)
                                                  pre_emptive_os/pre_emptive_os.a(count_sem.o)
lcdClrscr                                         lcd.o
                                                  tetris.o
                                                  main.o
lcdColor                                          lcd.o
                                                  exampleGame.o
                                                  select.o
                                                  main.o
lcdContrast                                       lcd.o
                                                  main.o
lcdData                                           lcd.o
lcdGotoxy                                         lcd.o
                                                  exampleGame.o
                                                  select.o
                                                  main.o
lcdIcon                                           lcd.o
lcdInit                                           lcd.o
                                                  main.o
lcdOff                                            lcd.o
lcdPutchar                                        lcd.o
lcdPuts                                           lcd.o
                                                  tetris.o
                                                  exampleGame.o
                                                  select.o
                                                  main.o
lcdRect                                           lcd.o
                                                  exampleGame.o
                                                  select.o
                                                  main.o
lcdRectBrd                                        lcd.o
                                                  exampleGame.o
lcdWindow                                         lcd.o
lcdWrcmd                                          lcd.o
lcdWrdata                                         lcd.o
lm75Read                                          eeprom.o
logKeys                                           tetris.o
lowLevelInit                                      startup/libea_startup_thumb.a(framework.o)
                                                  startup/libea_startup_thumb.a(startup.o)
main                                              main.o
                                                  startup/libea_startup_thumb.a(startup.o)
memcpy                                            /cygdrive/c/Embedded/GNUARM/bin/../lib/gcc/arm-elf/4.1.1/../../../../arm-elf/lib/interwork/libc.a(memcpy.o)
                                                  startup/libea_startup_thumb.a(consol.o)
                                                  hw.o
ms                                                exampleGame.o
                                                  main.o
osCreateProcess                                   pre_emptive_os/pre_emptive_os.a(kernel.o)
                                                  pre_emptive_os/pre_emptive_os.a(timer.o)
                                                  key.o
                                                  main.o
osCreateTimer                                     pre_emptive_os/pre_emptive_os.a(timer.o)
osDeleteProcess                                   pre_emptive_os/pre_emptive_os.a(kernel.o)
                                                  main.o
osDeleteTimer                                     pre_emptive_os/pre_emptive_os.a(timer.o)
osGetHighPrioProc                                 pre_emptive_os/pre_emptive_os.a(kernel.o)
osISREnter                                        pre_emptive_os/pre_emptive_os.a(kernel.o)
osISRExit                                         pre_emptive_os/pre_emptive_os.a(kernel.o)
                                                  pre_emptive_os/pre_emptive_os.a(a7hal_a.o)
osInit                                            pre_emptive_os/pre_emptive_os.a(kernel.o)
                                                  main.o
osInitTimers                                      pre_emptive_os/pre_emptive_os.a(timer.o)
osLockNesting                                     pre_emptive_os/pre_emptive_os.a(kernel.o)
osPid                                             pre_emptive_os/pre_emptive_os.a(kernel.o)
osResume                                          pre_emptive_os/pre_emptive_os.a(kernel.o)
osSemGive                                         pre_emptive_os/pre_emptive_os.a(count_sem.o)
                                                  pre_emptive_os/pre_emptive_os.a(timer.o)
                                                  irq_code/irqUart.a(irqUart.o)
                                                  i2c.o
osSemInit                                         pre_emptive_os/pre_emptive_os.a(count_sem.o)
                                                  pre_emptive_os/pre_emptive_os.a(timer.o)
                                                  i2c.o
                                                  uart.o
osSemTake                                         pre_emptive_os/pre_emptive_os.a(count_sem.o)
                                                  pre_emptive_os/pre_emptive_os.a(timer.o)
                                                  i2c.o
                                                  uart.o
osSemTryTake                                      pre_emptive_os/pre_emptive_os.a(count_sem.o)
osSleep                                           pre_emptive_os/pre_emptive_os.a(kernel.o)
                                                  hw.o
                                                  tetris.o
                                                  exampleGame.o
                                                  select.o
                                                  key.o
                                                  lcd.o
                                                  main.o
osStackUsage                                      pre_emptive_os/pre_emptive_os.a(stack_usage.o)
osStart                                           pre_emptive_os/pre_emptive_os.a(kernel.o)
                                                  main.o
osStartProcess                                    pre_emptive_os/pre_emptive_os.a(kernel.o)
                                                  pre_emptive_os/pre_emptive_os.a(timer.o)
                                                  key.o
                                                  main.o
osSuspend                                         pre_emptive_os/pre_emptive_os.a(kernel.o)
osTick                                            pre_emptive_os/pre_emptive_os.a(kernel.o)
                                                  pre_emptive_os/pre_emptive_os.a(a7hal.o)
pHeapEnd                                          startup/libea_startup_thumb.a(framework.o)
pHeapStart                                        startup/libea_startup_thumb.a(framework.o)
pNxtToRun                                         pre_emptive_os/pre_emptive_os.a(kernel.o)
                                                  pre_emptive_os/pre_emptive_os.a(a7hal_a.o)
pRunProc                                          pre_emptive_os/pre_emptive_os.a(kernel.o)
                                                  pre_emptive_os/pre_emptive_os.a(event.o)
                                                  pre_emptive_os/pre_emptive_os.a(a7hal_a.o)
pca9532                                           eeprom.o
                                                  hw.o
playExample                                       exampleGame.o
playTetris                                        tetris.o
                                                  main.o
processControlBlocks                              pre_emptive_os/pre_emptive_os.a(event.o)
                                                  pre_emptive_os/pre_emptive_os.a(stack_usage.o)
                                                  pre_emptive_os/pre_emptive_os.a(kernel.o)
rand                                              /cygdrive/c/Embedded/GNUARM/bin/../lib/gcc/arm-elf/4.1.1/../../../../arm-elf/lib/interwork/libc.a(rand.o)
                                                  exampleGame.o
receiveSem                                        irq_code/irqUart.a(irqUart.o)
                                                  uart.o
releaseI2cLock                                    i2c.o
                                                  eeprom.o
resetBT                                           hw.o
resetLCD                                          hw.o
                                                  main.o
restoreIrq                                        irq_code/irqUart.a(irqUart.o)
                                                  uart.o
rmvFromPrioQueue                                  pre_emptive_os/pre_emptive_os.a(prioqueue.o)
                                                  pre_emptive_os/pre_emptive_os.a(event.o)
                                                  pre_emptive_os/pre_emptive_os.a(kernel.o)
rmvFromRdyList                                    pre_emptive_os/pre_emptive_os.a(kernel.o)
                                                  pre_emptive_os/pre_emptive_os.a(event.o)
rmvFromTimeList                                   pre_emptive_os/pre_emptive_os.a(kernel.o)
                                                  pre_emptive_os/pre_emptive_os.a(event.o)
sampleKey                                         key.o
schedule                                          pre_emptive_os/pre_emptive_os.a(kernel.o)
                                                  pre_emptive_os/pre_emptive_os.a(event.o)
                                                  pre_emptive_os/pre_emptive_os.a(count_sem.o)
selectLCD                                         hw.o
                                                  lcd.o
sendToLCD                                         hw.o
                                                  lcd.o
setBuzzer                                         hw.o
                                                  tetris.o
                                                  main.o
setLED                                            hw.o
                                                  main.o
simplePrintf                                      startup/libea_startup_thumb.a(consol.o)
                                                  main.o
srand                                             /cygdrive/c/Embedded/GNUARM/bin/../lib/gcc/arm-elf/4.1.1/../../../../arm-elf/lib/interwork/libc.a(rand.o)
                                                  exampleGame.o
startHighProc_oshal                               pre_emptive_os/pre_emptive_os.a(a7hal_a.o)
                                                  pre_emptive_os/pre_emptive_os.a(kernel.o)
stkFrameInit_oshal                                pre_emptive_os/pre_emptive_os.a(a7hal.o)
                                                  pre_emptive_os/pre_emptive_os.a(kernel.o)
strlen                                            /cygdrive/c/Embedded/GNUARM/bin/../lib/gcc/arm-elf/4.1.1/../../../../arm-elf/lib/interwork/libc.a(strlen.o)
                                                  startup/libea_startup_thumb.a(consol.o)
strtol                                            /cygdrive/c/Embedded/GNUARM/bin/../lib/gcc/arm-elf/4.1.1/../../../../arm-elf/lib/interwork/libc.a(strtol.o)
                                                  /cygdrive/c/Embedded/GNUARM/bin/../lib/gcc/arm-elf/4.1.1/../../../../arm-elf/lib/interwork/libc.a(atoi.o)
timerIsr_oshal                                    pre_emptive_os/pre_emptive_os.a(a7hal.o)
timerTick                                         pre_emptive_os/pre_emptive_os.a(timer.o)
                                                  pre_emptive_os/pre_emptive_os.a(kernel.o)
uart1GetCh                                        uart.o
uart1GetChSem                                     uart.o
uart1GetChar                                      uart.o
uart1ISR                                          irq_code/irqUart.a(irqUart.o)
                                                  uart.o
uart1RxBuf                                        irq_code/irqUart.a(irqUart.o)
                                                  uart.o
uart1RxHead                                       uart.o
                                                  irq_code/irqUart.a(irqUart.o)
uart1RxInBuff                                     uart.o
                                                  irq_code/irqUart.a(irqUart.o)
uart1RxTail                                       uart.o
                                                  irq_code/irqUart.a(irqUart.o)
uart1SendCh                                       uart.o
uart1SendChar                                     uart.o
uart1SendChars                                    uart.o
uart1SendString                                   uart.o
uart1TxBuf                                        irq_code/irqUart.a(irqUart.o)
                                                  uart.o
uart1TxHead                                       uart.o
                                                  irq_code/irqUart.a(irqUart.o)
uart1TxRunning                                    uart.o
                                                  irq_code/irqUart.a(irqUart.o)
uart1TxTail                                       uart.o
                                                  irq_code/irqUart.a(irqUart.o)
ver1_0                                            hw.o
                                                  main.o
ver1_1                                            hw.o
                                                  main.o
