Archive member included because of file (symbol)

startup/libea_startup_thumb.a(consol.o)
                              main.o (simplePrintf)
startup/libea_startup_thumb.a(framework.o)
                              main.o (eaInit)
startup/libea_startup_thumb.a(startup.o)
                              (_startup)
irq_code/irqUart.a(irqUart.o)
                              uart.o (disIrq)
pre_emptive_os/pre_emptive_os.a(kernel.o)
                              main.o (osInit)
pre_emptive_os/pre_emptive_os.a(prioqueue.o)
                              pre_emptive_os/pre_emptive_os.a(kernel.o) (initPrioQueue)
pre_emptive_os/pre_emptive_os.a(count_sem.o)
                              uart.o (osSemInit)
pre_emptive_os/pre_emptive_os.a(timer.o)
                              pre_emptive_os/pre_emptive_os.a(kernel.o) (timerTick)
pre_emptive_os/pre_emptive_os.a(stack_usage.o)
                              pre_emptive_os/pre_emptive_os.a(kernel.o) (createStackPattern)
pre_emptive_os/pre_emptive_os.a(a7hal.o)
                              pre_emptive_os/pre_emptive_os.a(kernel.o) (stkFrameInit_oshal)
pre_emptive_os/pre_emptive_os.a(a7hal_a.o)
                              pre_emptive_os/pre_emptive_os.a(kernel.o) (startHighProc_oshal)
pre_emptive_os/pre_emptive_os.a(event.o)
                              pre_emptive_os/pre_emptive_os.a(count_sem.o) (eventInit)
/cygdrive/c/Embedded/GNUARM/bin/../lib/gcc/arm-elf/4.1.1/interwork/libgcc.a(_udivsi3.o)
                              exampleGame.o (__udivsi3)
/cygdrive/c/Embedded/GNUARM/bin/../lib/gcc/arm-elf/4.1.1/interwork/libgcc.a(_divsi3.o)
                              pre_emptive_os/pre_emptive_os.a(stack_usage.o) (__divsi3)
/cygdrive/c/Embedded/GNUARM/bin/../lib/gcc/arm-elf/4.1.1/interwork/libgcc.a(_umodsi3.o)
                              exampleGame.o (__umodsi3)
/cygdrive/c/Embedded/GNUARM/bin/../lib/gcc/arm-elf/4.1.1/interwork/libgcc.a(_modsi3.o)
                              exampleGame.o (__modsi3)
/cygdrive/c/Embedded/GNUARM/bin/../lib/gcc/arm-elf/4.1.1/interwork/libgcc.a(_dvmd_tls.o)
                              /cygdrive/c/Embedded/GNUARM/bin/../lib/gcc/arm-elf/4.1.1/interwork/libgcc.a(_udivsi3.o) (__div0)
/cygdrive/c/Embedded/GNUARM/bin/../lib/gcc/arm-elf/4.1.1/interwork/libgcc.a(_call_via_rX.o)
                              pre_emptive_os/pre_emptive_os.a(timer.o) (_call_via_r4)
/cygdrive/c/Embedded/GNUARM/bin/../lib/gcc/arm-elf/4.1.1/../../../../arm-elf/lib/interwork/libc.a(atoi.o)
                              startup/libea_startup_thumb.a(consol.o) (atoi)
/cygdrive/c/Embedded/GNUARM/bin/../lib/gcc/arm-elf/4.1.1/../../../../arm-elf/lib/interwork/libc.a(memcpy.o)
                              hw.o (memcpy)
/cygdrive/c/Embedded/GNUARM/bin/../lib/gcc/arm-elf/4.1.1/../../../../arm-elf/lib/interwork/libc.a(rand.o)
                              exampleGame.o (srand)
/cygdrive/c/Embedded/GNUARM/bin/../lib/gcc/arm-elf/4.1.1/../../../../arm-elf/lib/interwork/libc.a(strlen.o)
                              startup/libea_startup_thumb.a(consol.o) (strlen)
/cygdrive/c/Embedded/GNUARM/bin/../lib/gcc/arm-elf/4.1.1/../../../../arm-elf/lib/interwork/libc.a(strtol.o)
                              /cygdrive/c/Embedded/GNUARM/bin/../lib/gcc/arm-elf/4.1.1/../../../../arm-elf/lib/interwork/libc.a(atoi.o) (_strtol_r)
/cygdrive/c/Embedded/GNUARM/bin/../lib/gcc/arm-elf/4.1.1/../../../../arm-elf/lib/interwork/libc.a(ctype_.o)
                              /cygdrive/c/Embedded/GNUARM/bin/../lib/gcc/arm-elf/4.1.1/../../../../arm-elf/lib/interwork/libc.a(strtol.o) (__ctype_ptr)
/cygdrive/c/Embedded/GNUARM/bin/../lib/gcc/arm-elf/4.1.1/../../../../arm-elf/lib/interwork/libc.a(impure.o)
                              /cygdrive/c/Embedded/GNUARM/bin/../lib/gcc/arm-elf/4.1.1/../../../../arm-elf/lib/interwork/libc.a(rand.o) (_impure_ptr)

Allocating common symbols
Common symbol       size              file

uart1RxBuf          0x400             uart.o
board               0xd8              tetris.o
receiveSem          0x1c              uart.o
ms                  0x4               main.o
ver1_1              0x1               hw.o
pHeapEnd            0x4               startup/libea_startup_thumb.a(framework.o)
pHeapStart          0x4               startup/libea_startup_thumb.a(framework.o)
activeBlock         0x8               tetris.o
uart1TxBuf          0x100             uart.o
ver1_0              0x1               hw.o
processControlBlocks
                    0xc8              pre_emptive_os/pre_emptive_os.a(kernel.o)

Discarded input sections

 .stabstr       0x00000000        0x0 startup/libea_startup_thumb.a(startup.o)
 .stabstr       0x00000000        0x0 pre_emptive_os/pre_emptive_os.a(a7hal_a.o)

Memory Configuration

Name             Origin             Length             Attributes
FLASH            0x00000000         0x00020000         xr
RAM              0x40000000         0x00004000         rw
*default*        0x00000000         0xffffffff

Linker script and memory map

LOAD main.o
LOAD lcd.o
LOAD key.o
LOAD select.o
LOAD uart.o
LOAD exampleGame.o
LOAD eeprom.o
LOAD i2c.o
LOAD tetris.o
LOAD hw.o
LOAD mainMenu.o
LOAD startup/libea_startup_thumb.a
LOAD irq_code/irqUart.a
LOAD gcc_files/libm.a
LOAD pre_emptive_os/pre_emptive_os.a
START GROUP
LOAD /cygdrive/c/Embedded/GNUARM/bin/../lib/gcc/arm-elf/4.1.1/interwork/libgcc.a
LOAD /cygdrive/c/Embedded/GNUARM/bin/../lib/gcc/arm-elf/4.1.1/../../../../arm-elf/lib/interwork/libc.a
END GROUP

.text           0x00000000     0x467c
 *startup.o(.text)
 .text          0x00000000      0x1d8 startup/libea_startup_thumb.a(startup.o)
                0x00000000                _startup
 *(.text)
 .text          0x000001d8      0x1e8 main.o
                0x000001d8                appTick
                0x000001e8                main
 .text          0x000003c0      0x570 lcd.o
                0x000003c0                lcdColor
                0x0000058c                lcdWindow
                0x000007cc                lcdClrscr
                0x00000694                lcdRectBrd
                0x00000510                lcdPutchar
                0x000007a8                lcdContrast
                0x00000820                lcdOff
                0x0000083c                lcdInit
                0x000005e4                lcdIcon
                0x00000448                lcdData
                0x000003d4                lcdWrdata
                0x00000744                lcdRect
                0x000003e4                lcdWrcmd
                0x00000574                lcdPuts
                0x000005bc                lcdGotoxy
 .text          0x00000930      0x1e0 key.o
                0x00000940                checkKey2
                0x0000098c                sampleKey
                0x0000094c                initKeyProc
                0x00000930                checkKey
 .text          0x00000b10      0x160 select.o
                0x00000b80                drawMenu
 .text          0x00000c70      0x280 uart.o
                0x00000d20                uart1SendChar
                0x00000da4                uart1SendChars
                0x00000de8                uart1SendString
                0x00000dcc                uart1SendCh
                0x00000e00                initUart1
                0x00000cd8                uart1GetChSem
                0x00000c70                uart1GetChar
                0x00000d04                uart1GetCh
 .text          0x00000ef0      0x53c exampleGame.o
                0x000012c0                playExample
 .text          0x0000142c      0x378 eeprom.o
                0x000015c0                lm75Read
                0x000014cc                pca9532
                0x00001640                eepromWrite
                0x0000174c                eepromPoll
                0x000016cc                eepromPageRead
                0x0000142c                eepromStartRead
 .text          0x000017a4      0x3e0 i2c.o
                0x00001968                i2cInit
                0x000019dc                getI2cLock
                0x00001a44                i2cRead
                0x000018e0                i2cWriteWithWait
                0x000017bc                i2cStart
                0x00001808                i2cStop
                0x000017a4                i2cCheckStatus
                0x0000185c                i2cGetChar
                0x000019f8                i2cRepeatStart
                0x00001ae4                i2cWrite
                0x000018b4                i2cWaitTransmit
                0x00001910                i2cMyWrite
                0x00001830                i2cPutChar
                0x000019c4                releaseI2cLock
 .text          0x00001b84      0x360 tetris.o
                0x00001bb4                detectCollisionLeft
                0x00001c50                detectCollisionDown
                0x00001dd8                applyJoystickMovement
                0x00001e10                drawBoard
                0x00001e6c                playTetris
                0x00001b84                isInActiveBlock
                0x00001c04                detectCollisionRight
                0x00001da4                rotateActiveBlock
                0x00001c9c                delayMS
                0x00001d14                moveActiveBlock
                0x00001da8                generateNewActiveBlock
 .text          0x00001ee4      0x44c hw.o
                0x00001f48                sendToLCD
                0x00002188                resetBT
                0x00001ee4                setBuzzer
                0x00001fc4                initSpiForLcd
                0x00002274                immediateIoInit
                0x00002204                resetLCD
                0x000020cc                setLED
                0x0000201c                getKeys
                0x00001f08                selectLCD
 .text          0x00002330       0xe4 mainMenu.o
                0x00002330                drawMainMenu
 .text          0x00002414      0x680 startup/libea_startup_thumb.a(consol.o)
                0x000028d0                consolGetIntNum
                0x0000250c                consolSendCh
                0x000026d8                consolGetString
                0x0000257c                consolSendNumber
                0x00002694                consolGetCh
                0x000024ec                consolSendChar
                0x00002750                simplePrintf
                0x00002550                consolSendString
                0x000029b0                consolScanf
                0x000026b4                consolGetChar
                0x00002498                consolInit
 .text          0x00002a94      0x2bc startup/libea_startup_thumb.a(framework.o)
                0x00002bbc                eaInit
                0x00002b0c                lowLevelInit
                0x00002a94                exceptionHandlerInit
 .text          0x00002d50      0x2bc irq_code/irqUart.a(irqUart.o)
                0x00002d78                uart1ISR
                0x00002d70                restoreIrq
                0x00002d50                disIrq
 .text          0x0000300c      0x4f8 pre_emptive_os/pre_emptive_os.a(kernel.o)
                0x00003388                osTick
                0x0000344c                rmvFromRdyList
                0x000031a8                osGetHighPrioProc
                0x00003468                osSuspend
                0x000030bc                osInit
                0x0000349c                osDeleteProcess
                0x000030e8                osISREnter
                0x000031c4                schedule
                0x0000310c                osCreateProcess
                0x00003308                addToRdyList
                0x00003058                addToTimeList
                0x0000331c                osResume
                0x0000300c                osPid
                0x000034cc                osSleep
                0x00003230                osISRExit
                0x00003298                osStart
                0x000032c4                rmvFromTimeList
                0x000033e4                osStartProcess
 .text          0x00003504      0x124 pre_emptive_os/pre_emptive_os.a(prioqueue.o)
                0x00003504                initPrioQueue
                0x0000356c                rmvFromPrioQueue
                0x00003524                addToPrioQueue
                0x00003608                isEmptyPrioQueue
                0x000035d0                getHighPrioQueue
 .text          0x00003628      0x144 pre_emptive_os/pre_emptive_os.a(count_sem.o)
                0x000036c8                osSemGive
                0x0000372c                osSemTryTake
                0x00003628                osSemInit
                0x0000363c                osSemTake
 .text          0x0000376c      0x218 pre_emptive_os/pre_emptive_os.a(timer.o)
                0x0000376c                timerTick
                0x000038e0                osInitTimers
                0x0000387c                osDeleteTimer
                0x00003850                osCreateTimer
 .text          0x00003984       0xa4 pre_emptive_os/pre_emptive_os.a(stack_usage.o)
                0x00003984                osStackUsage
                0x000039c8                createStackPattern
                0x000039e8                checkStackLimit
 .text          0x00003a28      0x1ec pre_emptive_os/pre_emptive_os.a(a7hal.o)
                0x00003a60                stkFrameInit_oshal
                0x00003a28                timerIsr_oshal
                0x00003b40                halRestoreInterrupts_oshal
                0x00003b48                initTimer_oshal
                0x00003b30                halEnableInterrupts_oshal
                0x00003be0                handleIRQs_oshal
                0x00003b10                halDisableInterrupts_oshal
 .text          0x00003c14       0xc4 pre_emptive_os/pre_emptive_os.a(a7hal_a.o)
                0x00003c20                startHighProc_oshal
                0x00003c48                ctxSwitchIsr_oshal
                0x00003c28                ctxSwitch_oshal
                0x00003c68                generalIRQ_oshal
 .text          0x00003cd8       0xd8 pre_emptive_os/pre_emptive_os.a(event.o)
                0x00003ce8                eventWait
                0x00003cd8                eventInit
                0x00003d50                eventIsEmpty
                0x00003d20                eventWaitReturn
                0x00003d60                eventSignal
 .text          0x00003db0      0x114 /cygdrive/c/Embedded/GNUARM/bin/../lib/gcc/arm-elf/4.1.1/interwork/libgcc.a(_udivsi3.o)
                0x00003db0                __udivsi3
                0x00003db0                __aeabi_uidiv
                0x00003eac                __aeabi_uidivmod
 .text          0x00003ec4      0x144 /cygdrive/c/Embedded/GNUARM/bin/../lib/gcc/arm-elf/4.1.1/interwork/libgcc.a(_divsi3.o)
                0x00003ec4                __aeabi_idiv
                0x00003ec4                __divsi3
                0x00003ff0                __aeabi_idivmod
 .text          0x00004008       0xd0 /cygdrive/c/Embedded/GNUARM/bin/../lib/gcc/arm-elf/4.1.1/interwork/libgcc.a(_umodsi3.o)
                0x00004008                __umodsi3
 .text          0x000040d8       0xe8 /cygdrive/c/Embedded/GNUARM/bin/../lib/gcc/arm-elf/4.1.1/interwork/libgcc.a(_modsi3.o)
                0x000040d8                __modsi3
 .text          0x000041c0        0x4 /cygdrive/c/Embedded/GNUARM/bin/../lib/gcc/arm-elf/4.1.1/interwork/libgcc.a(_dvmd_tls.o)
                0x000041c0                __aeabi_ldiv0
                0x000041c0                __div0
                0x000041c0                __aeabi_idiv0
 .text          0x000041c4       0x3c /cygdrive/c/Embedded/GNUARM/bin/../lib/gcc/arm-elf/4.1.1/interwork/libgcc.a(_call_via_rX.o)
                0x000041cc                _call_via_r2
                0x000041dc                _call_via_r6
                0x000041d8                _call_via_r5
                0x000041d0                _call_via_r3
                0x000041f0                _call_via_fp
                0x000041e4                _call_via_r8
                0x000041e0                _call_via_r7
                0x000041c4                _call_via_r0
                0x000041ec                _call_via_sl
                0x000041f8                _call_via_sp
                0x000041e8                _call_via_r9
                0x000041d4                _call_via_r4
                0x000041c8                _call_via_r1
                0x000041f4                _call_via_ip
                0x000041fc                _call_via_lr
 .text          0x00004200       0x30 /cygdrive/c/Embedded/GNUARM/bin/../lib/gcc/arm-elf/4.1.1/../../../../arm-elf/lib/interwork/libc.a(atoi.o)
                0x00004200                _atoi_r
                0x00004218                atoi
 .text          0x00004230       0x9c /cygdrive/c/Embedded/GNUARM/bin/../lib/gcc/arm-elf/4.1.1/../../../../arm-elf/lib/interwork/libc.a(memcpy.o)
                0x00004230                memcpy
 .text          0x000042cc       0x7c /cygdrive/c/Embedded/GNUARM/bin/../lib/gcc/arm-elf/4.1.1/../../../../arm-elf/lib/interwork/libc.a(rand.o)
                0x000042e8                rand
                0x000042cc                srand
 .text          0x00004348       0x90 /cygdrive/c/Embedded/GNUARM/bin/../lib/gcc/arm-elf/4.1.1/../../../../arm-elf/lib/interwork/libc.a(strlen.o)
                0x00004348                strlen
 .text          0x000043d8      0x1f0 /cygdrive/c/Embedded/GNUARM/bin/../lib/gcc/arm-elf/4.1.1/../../../../arm-elf/lib/interwork/libc.a(strtol.o)
                0x0000459c                strtol
                0x000043d8                _strtol_r
 .text          0x000045c8        0x0 /cygdrive/c/Embedded/GNUARM/bin/../lib/gcc/arm-elf/4.1.1/../../../../arm-elf/lib/interwork/libc.a(ctype_.o)
 .text          0x000045c8        0x0 /cygdrive/c/Embedded/GNUARM/bin/../lib/gcc/arm-elf/4.1.1/../../../../arm-elf/lib/interwork/libc.a(impure.o)
 *(.glue_7)
 .glue_7        0x000045c8        0x0 main.o
 .glue_7        0x000045c8        0x0 lcd.o
 .glue_7        0x000045c8        0x0 key.o
 .glue_7        0x000045c8        0x0 select.o
 .glue_7        0x000045c8        0x0 uart.o
 .glue_7        0x000045c8        0x0 exampleGame.o
 .glue_7        0x000045c8        0x0 eeprom.o
 .glue_7        0x000045c8        0x0 i2c.o
 .glue_7        0x000045c8        0x0 tetris.o
 .glue_7        0x000045c8        0x0 hw.o
 .glue_7        0x000045c8        0x0 mainMenu.o
 .glue_7        0x000045c8        0x0 startup/libea_startup_thumb.a(consol.o)
 .glue_7        0x000045c8        0x0 startup/libea_startup_thumb.a(framework.o)
 .glue_7        0x000045c8        0x0 startup/libea_startup_thumb.a(startup.o)
 .glue_7        0x000045c8        0x0 irq_code/irqUart.a(irqUart.o)
 .glue_7        0x000045c8        0x0 pre_emptive_os/pre_emptive_os.a(kernel.o)
 .glue_7        0x000045c8        0x0 pre_emptive_os/pre_emptive_os.a(prioqueue.o)
 .glue_7        0x000045c8        0x0 pre_emptive_os/pre_emptive_os.a(count_sem.o)
 .glue_7        0x000045c8        0x0 pre_emptive_os/pre_emptive_os.a(timer.o)
 .glue_7        0x000045c8        0x0 pre_emptive_os/pre_emptive_os.a(stack_usage.o)
 .glue_7        0x000045c8        0x0 pre_emptive_os/pre_emptive_os.a(a7hal.o)
 .glue_7        0x000045c8        0x0 pre_emptive_os/pre_emptive_os.a(a7hal_a.o)
 .glue_7        0x000045c8        0x0 pre_emptive_os/pre_emptive_os.a(event.o)
 .glue_7        0x000045c8        0x0 /cygdrive/c/Embedded/GNUARM/bin/../lib/gcc/arm-elf/4.1.1/interwork/libgcc.a(_udivsi3.o)
 .glue_7        0x000045c8        0x0 /cygdrive/c/Embedded/GNUARM/bin/../lib/gcc/arm-elf/4.1.1/interwork/libgcc.a(_divsi3.o)
 .glue_7        0x000045c8        0x0 /cygdrive/c/Embedded/GNUARM/bin/../lib/gcc/arm-elf/4.1.1/interwork/libgcc.a(_umodsi3.o)
 .glue_7        0x000045c8        0x0 /cygdrive/c/Embedded/GNUARM/bin/../lib/gcc/arm-elf/4.1.1/interwork/libgcc.a(_modsi3.o)
 .glue_7        0x000045c8        0x0 /cygdrive/c/Embedded/GNUARM/bin/../lib/gcc/arm-elf/4.1.1/interwork/libgcc.a(_dvmd_tls.o)
 .glue_7        0x000045c8        0x0 /cygdrive/c/Embedded/GNUARM/bin/../lib/gcc/arm-elf/4.1.1/interwork/libgcc.a(_call_via_rX.o)
 .glue_7        0x000045c8        0x0 /cygdrive/c/Embedded/GNUARM/bin/../lib/gcc/arm-elf/4.1.1/../../../../arm-elf/lib/interwork/libc.a(atoi.o)
 .glue_7        0x000045c8        0x0 /cygdrive/c/Embedded/GNUARM/bin/../lib/gcc/arm-elf/4.1.1/../../../../arm-elf/lib/interwork/libc.a(memcpy.o)
 .glue_7        0x000045c8        0x0 /cygdrive/c/Embedded/GNUARM/bin/../lib/gcc/arm-elf/4.1.1/../../../../arm-elf/lib/interwork/libc.a(rand.o)
 .glue_7        0x000045c8        0x0 /cygdrive/c/Embedded/GNUARM/bin/../lib/gcc/arm-elf/4.1.1/../../../../arm-elf/lib/interwork/libc.a(strlen.o)
 .glue_7        0x000045c8        0x0 /cygdrive/c/Embedded/GNUARM/bin/../lib/gcc/arm-elf/4.1.1/../../../../arm-elf/lib/interwork/libc.a(strtol.o)
 .glue_7        0x000045c8        0x0 /cygdrive/c/Embedded/GNUARM/bin/../lib/gcc/arm-elf/4.1.1/../../../../arm-elf/lib/interwork/libc.a(ctype_.o)
 .glue_7        0x000045c8       0x24 /cygdrive/c/Embedded/GNUARM/bin/../lib/gcc/arm-elf/4.1.1/../../../../arm-elf/lib/interwork/libc.a(impure.o)
                0x000045e0                __osISRExit_from_arm
                0x000045d4                __osTick_from_arm
                0x000045c8                __osSemGive_from_arm
 *(.glue_7t)
 .glue_7t       0x000045ec        0x0 main.o
 .glue_7t       0x000045ec        0x0 lcd.o
 .glue_7t       0x000045ec        0x0 key.o
 .glue_7t       0x000045ec        0x0 select.o
 .glue_7t       0x000045ec        0x0 uart.o
 .glue_7t       0x000045ec        0x0 exampleGame.o
 .glue_7t       0x000045ec        0x0 eeprom.o
 .glue_7t       0x000045ec        0x0 i2c.o
 .glue_7t       0x000045ec        0x0 tetris.o
 .glue_7t       0x000045ec        0x0 hw.o
 .glue_7t       0x000045ec        0x0 mainMenu.o
 .glue_7t       0x000045ec        0x0 startup/libea_startup_thumb.a(consol.o)
 .glue_7t       0x000045ec        0x0 startup/libea_startup_thumb.a(framework.o)
 .glue_7t       0x000045ec        0x0 startup/libea_startup_thumb.a(startup.o)
 .glue_7t       0x000045ec        0x0 irq_code/irqUart.a(irqUart.o)
 .glue_7t       0x000045ec        0x0 pre_emptive_os/pre_emptive_os.a(kernel.o)
 .glue_7t       0x000045ec        0x0 pre_emptive_os/pre_emptive_os.a(prioqueue.o)
 .glue_7t       0x000045ec        0x0 pre_emptive_os/pre_emptive_os.a(count_sem.o)
 .glue_7t       0x000045ec        0x0 pre_emptive_os/pre_emptive_os.a(timer.o)
 .glue_7t       0x000045ec        0x0 pre_emptive_os/pre_emptive_os.a(stack_usage.o)
 .glue_7t       0x000045ec        0x0 pre_emptive_os/pre_emptive_os.a(a7hal.o)
 .glue_7t       0x000045ec        0x0 pre_emptive_os/pre_emptive_os.a(a7hal_a.o)
 .glue_7t       0x000045ec        0x0 pre_emptive_os/pre_emptive_os.a(event.o)
 .glue_7t       0x000045ec        0x0 /cygdrive/c/Embedded/GNUARM/bin/../lib/gcc/arm-elf/4.1.1/interwork/libgcc.a(_udivsi3.o)
 .glue_7t       0x000045ec        0x0 /cygdrive/c/Embedded/GNUARM/bin/../lib/gcc/arm-elf/4.1.1/interwork/libgcc.a(_divsi3.o)
 .glue_7t       0x000045ec        0x0 /cygdrive/c/Embedded/GNUARM/bin/../lib/gcc/arm-elf/4.1.1/interwork/libgcc.a(_umodsi3.o)
 .glue_7t       0x000045ec        0x0 /cygdrive/c/Embedded/GNUARM/bin/../lib/gcc/arm-elf/4.1.1/interwork/libgcc.a(_modsi3.o)
 .glue_7t       0x000045ec        0x0 /cygdrive/c/Embedded/GNUARM/bin/../lib/gcc/arm-elf/4.1.1/interwork/libgcc.a(_dvmd_tls.o)
 .glue_7t       0x000045ec        0x0 /cygdrive/c/Embedded/GNUARM/bin/../lib/gcc/arm-elf/4.1.1/interwork/libgcc.a(_call_via_rX.o)
 .glue_7t       0x000045ec        0x0 /cygdrive/c/Embedded/GNUARM/bin/../lib/gcc/arm-elf/4.1.1/../../../../arm-elf/lib/interwork/libc.a(atoi.o)
 .glue_7t       0x000045ec        0x0 /cygdrive/c/Embedded/GNUARM/bin/../lib/gcc/arm-elf/4.1.1/../../../../arm-elf/lib/interwork/libc.a(memcpy.o)
 .glue_7t       0x000045ec        0x0 /cygdrive/c/Embedded/GNUARM/bin/../lib/gcc/arm-elf/4.1.1/../../../../arm-elf/lib/interwork/libc.a(rand.o)
 .glue_7t       0x000045ec        0x0 /cygdrive/c/Embedded/GNUARM/bin/../lib/gcc/arm-elf/4.1.1/../../../../arm-elf/lib/interwork/libc.a(strlen.o)
 .glue_7t       0x000045ec        0x0 /cygdrive/c/Embedded/GNUARM/bin/../lib/gcc/arm-elf/4.1.1/../../../../arm-elf/lib/interwork/libc.a(strtol.o)
 .glue_7t       0x000045ec        0x0 /cygdrive/c/Embedded/GNUARM/bin/../lib/gcc/arm-elf/4.1.1/../../../../arm-elf/lib/interwork/libc.a(ctype_.o)
 .glue_7t       0x000045ec       0x90 /cygdrive/c/Embedded/GNUARM/bin/../lib/gcc/arm-elf/4.1.1/../../../../arm-elf/lib/interwork/libc.a(impure.o)
                0x00004618                ____modsi3_change_to_arm
                0x00004644                __halRestoreInterrupts_oshal_from_thumb
                0x00004608                __restoreIrq_change_to_arm
                0x00004634                __memcpy_from_thumb
                0x00004654                __ctxSwitch_oshal_from_thumb
                0x00004650                __stkFrameInit_oshal_change_to_arm
                0x0000462c                __srand_from_thumb
                0x00004668                __initTimer_oshal_change_to_arm
                0x0000466c                __startHighProc_oshal_from_thumb
                0x00004628                ____umodsi3_change_to_arm
                0x00004614                ____modsi3_from_thumb
                0x00004620                ____udivsi3_change_to_arm
                0x00004670                __startHighProc_oshal_change_to_arm
                0x0000465c                __ctxSwitchIsr_oshal_from_thumb
                0x00004600                __disIrq_change_to_arm
                0x000045fc                __disIrq_from_thumb
                0x00004648                __halRestoreInterrupts_oshal_change_to_arm
                0x000045f8                __simplePrintf_change_to_arm
                0x00004630                __srand_change_to_arm
                0x00004624                ____umodsi3_from_thumb
                0x00004674                ____divsi3_from_thumb
                0x00004658                __ctxSwitch_oshal_change_to_arm
                0x0000464c                __stkFrameInit_oshal_from_thumb
                0x0000461c                ____udivsi3_from_thumb
                0x000045ec                __eaInit_from_thumb
                0x000045f4                __simplePrintf_from_thumb
                0x00004664                __initTimer_oshal_from_thumb
                0x000045f0                __eaInit_change_to_arm
                0x00004660                __ctxSwitchIsr_oshal_change_to_arm
                0x0000460c                __rand_from_thumb
                0x00004640                __halDisableInterrupts_oshal_change_to_arm
                0x0000463c                __halDisableInterrupts_oshal_from_thumb
                0x00004604                __restoreIrq_from_thumb
                0x00004638                __memcpy_change_to_arm
                0x00004678                ____divsi3_change_to_arm
                0x00004610                __rand_change_to_arm
                0x0000467c                . = ALIGN (0x4)

.rodata         0x0000467c      0xbc4
 *(.rodata)
 .rodata        0x0000467c      0x55c lcd.o
                0x0000467c                charMap
 .rodata        0x00004bd8       0x4c exampleGame.o
 .rodata        0x00004c24       0x11 hw.o
 *fill*         0x00004c35        0x3 00
 .rodata        0x00004c38       0x10 startup/libea_startup_thumb.a(consol.o)
 .rodata        0x00004c48      0x101 /cygdrive/c/Embedded/GNUARM/bin/../lib/gcc/arm-elf/4.1.1/../../../../arm-elf/lib/interwork/libc.a(ctype_.o)
                0x00004c48                _ctype_
 *fill*         0x00004d49        0x3 00
 .rodata        0x00004d4c        0x4 /cygdrive/c/Embedded/GNUARM/bin/../lib/gcc/arm-elf/4.1.1/../../../../arm-elf/lib/interwork/libc.a(impure.o)
                0x00004d4c                _global_impure_ptr
 *(.rodata*)
 .rodata.str1.4
                0x00004d50      0x350 main.o
 .rodata.str1.4
                0x000050a0       0x45 exampleGame.o
                                 0x48 (size before relaxing)
 *fill*         0x000050e5        0x3 00
 .rodata.str1.4
                0x000050e8       0x61 mainMenu.o
                                 0x64 (size before relaxing)
 *fill*         0x00005149        0x3 00
 .rodata.str1.4
                0x0000514c       0x18 startup/libea_startup_thumb.a(consol.o)
 .rodata.str1.4
                0x00005164       0xd8 startup/libea_startup_thumb.a(framework.o)
 .rodata.str1.4
                0x0000523c        0x4 /cygdrive/c/Embedded/GNUARM/bin/../lib/gcc/arm-elf/4.1.1/../../../../arm-elf/lib/interwork/libc.a(impure.o)
                0x00005240                . = ALIGN (0x4)
                0x00005240                _etext = .
                0x00005240                PROVIDE (etext, .)

.data           0x40000080      0x540 load address 0x00005240
                0x40000080                _data = .
 *(.data)
 .data          0x40000080        0x0 main.o
 .data          0x40000080        0x0 lcd.o
 .data          0x40000080        0x5 key.o
 .data          0x40000085        0x0 select.o
 .data          0x40000085        0x0 uart.o
 .data          0x40000085      0x130 exampleGame.o
                0x40000085                figures
 .data          0x400001b5        0x0 eeprom.o
 .data          0x400001b5        0x0 i2c.o
 .data          0x400001b5        0x0 tetris.o
 .data          0x400001b5        0x0 hw.o
 .data          0x400001b5        0x0 mainMenu.o
 .data          0x400001b5        0x0 startup/libea_startup_thumb.a(consol.o)
 .data          0x400001b5        0x0 startup/libea_startup_thumb.a(framework.o)
 .data          0x400001b5        0x0 startup/libea_startup_thumb.a(startup.o)
 .data          0x400001b5        0x0 irq_code/irqUart.a(irqUart.o)
 .data          0x400001b5        0x0 pre_emptive_os/pre_emptive_os.a(kernel.o)
 .data          0x400001b5        0x0 pre_emptive_os/pre_emptive_os.a(prioqueue.o)
 .data          0x400001b5        0x0 pre_emptive_os/pre_emptive_os.a(count_sem.o)
 .data          0x400001b5        0x0 pre_emptive_os/pre_emptive_os.a(timer.o)
 .data          0x400001b5        0x0 pre_emptive_os/pre_emptive_os.a(stack_usage.o)
 .data          0x400001b5        0x0 pre_emptive_os/pre_emptive_os.a(a7hal.o)
 .data          0x400001b5        0x0 pre_emptive_os/pre_emptive_os.a(a7hal_a.o)
 .data          0x400001b5        0x0 pre_emptive_os/pre_emptive_os.a(event.o)
 .data          0x400001b5        0x0 /cygdrive/c/Embedded/GNUARM/bin/../lib/gcc/arm-elf/4.1.1/interwork/libgcc.a(_udivsi3.o)
 .data          0x400001b5        0x0 /cygdrive/c/Embedded/GNUARM/bin/../lib/gcc/arm-elf/4.1.1/interwork/libgcc.a(_divsi3.o)
 .data          0x400001b5        0x0 /cygdrive/c/Embedded/GNUARM/bin/../lib/gcc/arm-elf/4.1.1/interwork/libgcc.a(_umodsi3.o)
 .data          0x400001b5        0x0 /cygdrive/c/Embedded/GNUARM/bin/../lib/gcc/arm-elf/4.1.1/interwork/libgcc.a(_modsi3.o)
 .data          0x400001b5        0x0 /cygdrive/c/Embedded/GNUARM/bin/../lib/gcc/arm-elf/4.1.1/interwork/libgcc.a(_dvmd_tls.o)
 .data          0x400001b5        0x0 /cygdrive/c/Embedded/GNUARM/bin/../lib/gcc/arm-elf/4.1.1/interwork/libgcc.a(_call_via_rX.o)
 .data          0x400001b5        0x0 /cygdrive/c/Embedded/GNUARM/bin/../lib/gcc/arm-elf/4.1.1/../../../../arm-elf/lib/interwork/libc.a(atoi.o)
 .data          0x400001b5        0x0 /cygdrive/c/Embedded/GNUARM/bin/../lib/gcc/arm-elf/4.1.1/../../../../arm-elf/lib/interwork/libc.a(memcpy.o)
 .data          0x400001b5        0x0 /cygdrive/c/Embedded/GNUARM/bin/../lib/gcc/arm-elf/4.1.1/../../../../arm-elf/lib/interwork/libc.a(rand.o)
 .data          0x400001b5        0x0 /cygdrive/c/Embedded/GNUARM/bin/../lib/gcc/arm-elf/4.1.1/../../../../arm-elf/lib/interwork/libc.a(strlen.o)
 .data          0x400001b5        0x0 /cygdrive/c/Embedded/GNUARM/bin/../lib/gcc/arm-elf/4.1.1/../../../../arm-elf/lib/interwork/libc.a(strtol.o)
 *fill*         0x400001b5        0x3 00
 .data          0x400001b8        0x4 /cygdrive/c/Embedded/GNUARM/bin/../lib/gcc/arm-elf/4.1.1/../../../../arm-elf/lib/interwork/libc.a(ctype_.o)
                0x400001b8                __ctype_ptr
 .data          0x400001bc      0x404 /cygdrive/c/Embedded/GNUARM/bin/../lib/gcc/arm-elf/4.1.1/../../../../arm-elf/lib/interwork/libc.a(impure.o)
                0x400001bc                _impure_ptr
                0x400005c0                . = ALIGN (0x4)
                0x400005c0                _edata = .
                0x400005c0                PROVIDE (edata, .)

.bss            0x400005c0     0x1400
                0x400005c0                _bss = .
                0x400005c0                __bss_start = .
                0x400005c0                __bss_start__ = .
 *(.bss)
 .bss           0x400005c0      0x579 main.o
 .bss           0x40000b39        0x5 lcd.o
 .bss           0x40000b3e      0x134 key.o
 *fill*         0x40000c72        0x2 00
 .bss           0x40000c74       0x34 select.o
 .bss           0x40000ca8       0x18 uart.o
                0x40000cb0                uart1TxRunning
                0x40000ca8                uart1TxHead
                0x40000cac                uart1TxTail
                0x40000cb4                uart1RxHead
                0x40000cbc                uart1RxInBuff
                0x40000cb8                uart1RxTail
 .bss           0x40000cc0      0x298 exampleGame.o
 .bss           0x40000f58        0x0 eeprom.o
 .bss           0x40000f58       0x1c i2c.o
 .bss           0x40000f74        0x0 tetris.o
 .bss           0x40000f74        0x2 hw.o
 .bss           0x40000f76        0x0 mainMenu.o
 .bss           0x40000f76        0x0 startup/libea_startup_thumb.a(consol.o)
 .bss           0x40000f76        0x0 startup/libea_startup_thumb.a(framework.o)
 .bss           0x40000f76        0x0 startup/libea_startup_thumb.a(startup.o)
 .bss           0x40000f76        0x0 irq_code/irqUart.a(irqUart.o)
 *fill*         0x40000f76        0x2 00
 .bss           0x40000f78       0x2c pre_emptive_os/pre_emptive_os.a(kernel.o)
                0x40000f78                osLockNesting
                0x40000f7c                pNxtToRun
                0x40000f80                pRunProc
                0x40000f79                isrNesting
 .bss           0x40000fa4        0x0 pre_emptive_os/pre_emptive_os.a(prioqueue.o)
 .bss           0x40000fa4        0x0 pre_emptive_os/pre_emptive_os.a(count_sem.o)
 .bss           0x40000fa4      0x348 pre_emptive_os/pre_emptive_os.a(timer.o)
 .bss           0x400012ec        0x0 pre_emptive_os/pre_emptive_os.a(stack_usage.o)
 .bss           0x400012ec        0x0 pre_emptive_os/pre_emptive_os.a(a7hal.o)
 .bss           0x400012ec        0x0 pre_emptive_os/pre_emptive_os.a(a7hal_a.o)
 .bss           0x400012ec        0x0 pre_emptive_os/pre_emptive_os.a(event.o)
 .bss           0x400012ec        0x0 /cygdrive/c/Embedded/GNUARM/bin/../lib/gcc/arm-elf/4.1.1/interwork/libgcc.a(_udivsi3.o)
 .bss           0x400012ec        0x0 /cygdrive/c/Embedded/GNUARM/bin/../lib/gcc/arm-elf/4.1.1/interwork/libgcc.a(_divsi3.o)
 .bss           0x400012ec        0x0 /cygdrive/c/Embedded/GNUARM/bin/../lib/gcc/arm-elf/4.1.1/interwork/libgcc.a(_umodsi3.o)
 .bss           0x400012ec        0x0 /cygdrive/c/Embedded/GNUARM/bin/../lib/gcc/arm-elf/4.1.1/interwork/libgcc.a(_modsi3.o)
 .bss           0x400012ec        0x0 /cygdrive/c/Embedded/GNUARM/bin/../lib/gcc/arm-elf/4.1.1/interwork/libgcc.a(_dvmd_tls.o)
 .bss           0x400012ec        0x0 /cygdrive/c/Embedded/GNUARM/bin/../lib/gcc/arm-elf/4.1.1/interwork/libgcc.a(_call_via_rX.o)
 .bss           0x400012ec        0x0 /cygdrive/c/Embedded/GNUARM/bin/../lib/gcc/arm-elf/4.1.1/../../../../arm-elf/lib/interwork/libc.a(atoi.o)
 .bss           0x400012ec        0x0 /cygdrive/c/Embedded/GNUARM/bin/../lib/gcc/arm-elf/4.1.1/../../../../arm-elf/lib/interwork/libc.a(memcpy.o)
 .bss           0x400012ec        0x0 /cygdrive/c/Embedded/GNUARM/bin/../lib/gcc/arm-elf/4.1.1/../../../../arm-elf/lib/interwork/libc.a(rand.o)
 .bss           0x400012ec        0x0 /cygdrive/c/Embedded/GNUARM/bin/../lib/gcc/arm-elf/4.1.1/../../../../arm-elf/lib/interwork/libc.a(strlen.o)
 .bss           0x400012ec        0x0 /cygdrive/c/Embedded/GNUARM/bin/../lib/gcc/arm-elf/4.1.1/../../../../arm-elf/lib/interwork/libc.a(strtol.o)
 .bss           0x400012ec        0x0 /cygdrive/c/Embedded/GNUARM/bin/../lib/gcc/arm-elf/4.1.1/../../../../arm-elf/lib/interwork/libc.a(ctype_.o)
 .bss           0x400012ec        0x0 /cygdrive/c/Embedded/GNUARM/bin/../lib/gcc/arm-elf/4.1.1/../../../../arm-elf/lib/interwork/libc.a(impure.o)
 *(COMMON)
 COMMON         0x400012ec        0x4 main.o
                0x400012ec                ms
 COMMON         0x400012f0      0x51c uart.o
                0x400012f0                uart1RxBuf
                0x400016f0                receiveSem
                0x4000170c                uart1TxBuf
 COMMON         0x4000180c       0xe0 tetris.o
                0x4000180c                board
                0x400018e4                activeBlock
 COMMON         0x400018ec        0x2 hw.o
                0x400018ec                ver1_1
                0x400018ed                ver1_0
 *fill*         0x400018ee        0x2 00
 COMMON         0x400018f0        0x8 startup/libea_startup_thumb.a(framework.o)
                0x400018f0                pHeapEnd
                0x400018f4                pHeapStart
 COMMON         0x400018f8       0xc8 pre_emptive_os/pre_emptive_os.a(kernel.o)
                0x400018f8                processControlBlocks
                0x400019c0                . = ALIGN (0x4)
                0x400019c0                . = ALIGN (0x4)
                0x400019c0                __bss_end = .
                0x400019c0                __bss_end__ = .
                0x400019c0                _end = .
                0x400019c0                PROVIDE (end, .)

.stab           0x00000000      0x600
 *(.stab)
 .stab          0x00000000      0x3c0 startup/libea_startup_thumb.a(startup.o)
 .stab          0x000003c0      0x240 pre_emptive_os/pre_emptive_os.a(a7hal_a.o)
                                0x24c (size before relaxing)

.stabstr        0x00000000       0x9b
 *(.stabstr)
 .stabstr       0x00000000       0x9b startup/libea_startup_thumb.a(startup.o)

.stab.excl
 *(.stab.excl)

.stab.exclstr
 *(.stab.exclstr)

.stab.index
 *(.stab.index)

.stab.indexstr
 *(.stab.indexstr)

.comment        0x00000000      0x1f8
 *(.comment)
 .comment       0x00000000       0x12 main.o
 .comment       0x00000012       0x12 lcd.o
 .comment       0x00000024       0x12 key.o
 .comment       0x00000036       0x12 select.o
 .comment       0x00000048       0x12 uart.o
 .comment       0x0000005a       0x12 exampleGame.o
 .comment       0x0000006c       0x12 eeprom.o
 .comment       0x0000007e       0x12 i2c.o
 .comment       0x00000090       0x12 tetris.o
 .comment       0x000000a2       0x12 hw.o
 .comment       0x000000b4       0x12 mainMenu.o
 .comment       0x000000c6       0x12 startup/libea_startup_thumb.a(consol.o)
 .comment       0x000000d8       0x12 startup/libea_startup_thumb.a(framework.o)
 .comment       0x000000ea       0x12 irq_code/irqUart.a(irqUart.o)
 .comment       0x000000fc       0x12 pre_emptive_os/pre_emptive_os.a(kernel.o)
 .comment       0x0000010e       0x12 pre_emptive_os/pre_emptive_os.a(prioqueue.o)
 .comment       0x00000120       0x12 pre_emptive_os/pre_emptive_os.a(count_sem.o)
 .comment       0x00000132       0x12 pre_emptive_os/pre_emptive_os.a(timer.o)
 .comment       0x00000144       0x12 pre_emptive_os/pre_emptive_os.a(stack_usage.o)
 .comment       0x00000156       0x12 pre_emptive_os/pre_emptive_os.a(a7hal.o)
 .comment       0x00000168       0x12 pre_emptive_os/pre_emptive_os.a(event.o)
 .comment       0x0000017a       0x12 /cygdrive/c/Embedded/GNUARM/bin/../lib/gcc/arm-elf/4.1.1/../../../../arm-elf/lib/interwork/libc.a(atoi.o)
 .comment       0x0000018c       0x12 /cygdrive/c/Embedded/GNUARM/bin/../lib/gcc/arm-elf/4.1.1/../../../../arm-elf/lib/interwork/libc.a(memcpy.o)
 .comment       0x0000019e       0x12 /cygdrive/c/Embedded/GNUARM/bin/../lib/gcc/arm-elf/4.1.1/../../../../arm-elf/lib/interwork/libc.a(rand.o)
 .comment       0x000001b0       0x12 /cygdrive/c/Embedded/GNUARM/bin/../lib/gcc/arm-elf/4.1.1/../../../../arm-elf/lib/interwork/libc.a(strlen.o)
 .comment       0x000001c2       0x12 /cygdrive/c/Embedded/GNUARM/bin/../lib/gcc/arm-elf/4.1.1/../../../../arm-elf/lib/interwork/libc.a(strtol.o)
 .comment       0x000001d4       0x12 /cygdrive/c/Embedded/GNUARM/bin/../lib/gcc/arm-elf/4.1.1/../../../../arm-elf/lib/interwork/libc.a(ctype_.o)
 .comment       0x000001e6       0x12 /cygdrive/c/Embedded/GNUARM/bin/../lib/gcc/arm-elf/4.1.1/../../../../arm-elf/lib/interwork/libc.a(impure.o)

.debug
 *(.debug)

.line
 *(.line)

.debug_srcinfo
 *(.debug_srcinfo)

.debug_sfnames
 *(.debug_sfnames)

.debug_aranges  0x00000000      0x400
 *(.debug_aranges)
 .debug_aranges
                0x00000000       0x20 main.o
 .debug_aranges
                0x00000020       0x20 lcd.o
 .debug_aranges
                0x00000040       0x20 key.o
 .debug_aranges
                0x00000060       0x20 select.o
 .debug_aranges
                0x00000080       0x20 uart.o
 .debug_aranges
                0x000000a0       0x20 exampleGame.o
 .debug_aranges
                0x000000c0       0x20 eeprom.o
 .debug_aranges
                0x000000e0       0x20 i2c.o
 .debug_aranges
                0x00000100       0x20 tetris.o
 .debug_aranges
                0x00000120       0x20 hw.o
 .debug_aranges
                0x00000140       0x20 mainMenu.o
 .debug_aranges
                0x00000160       0x20 startup/libea_startup_thumb.a(consol.o)
 .debug_aranges
                0x00000180       0x20 startup/libea_startup_thumb.a(framework.o)
 .debug_aranges
                0x000001a0       0x20 irq_code/irqUart.a(irqUart.o)
 .debug_aranges
                0x000001c0       0x20 pre_emptive_os/pre_emptive_os.a(kernel.o)
 .debug_aranges
                0x000001e0       0x20 pre_emptive_os/pre_emptive_os.a(prioqueue.o)
 .debug_aranges
                0x00000200       0x20 pre_emptive_os/pre_emptive_os.a(count_sem.o)
 .debug_aranges
                0x00000220       0x20 pre_emptive_os/pre_emptive_os.a(timer.o)
 .debug_aranges
                0x00000240       0x20 pre_emptive_os/pre_emptive_os.a(stack_usage.o)
 .debug_aranges
                0x00000260       0x20 pre_emptive_os/pre_emptive_os.a(a7hal.o)
 .debug_aranges
                0x00000280       0x20 pre_emptive_os/pre_emptive_os.a(event.o)
 .debug_aranges
                0x000002a0       0x20 /cygdrive/c/Embedded/GNUARM/bin/../lib/gcc/arm-elf/4.1.1/interwork/libgcc.a(_udivsi3.o)
 .debug_aranges
                0x000002c0       0x20 /cygdrive/c/Embedded/GNUARM/bin/../lib/gcc/arm-elf/4.1.1/interwork/libgcc.a(_divsi3.o)
 .debug_aranges
                0x000002e0       0x20 /cygdrive/c/Embedded/GNUARM/bin/../lib/gcc/arm-elf/4.1.1/interwork/libgcc.a(_umodsi3.o)
 .debug_aranges
                0x00000300       0x20 /cygdrive/c/Embedded/GNUARM/bin/../lib/gcc/arm-elf/4.1.1/interwork/libgcc.a(_modsi3.o)
 .debug_aranges
                0x00000320       0x20 /cygdrive/c/Embedded/GNUARM/bin/../lib/gcc/arm-elf/4.1.1/interwork/libgcc.a(_dvmd_tls.o)
 .debug_aranges
                0x00000340       0x20 /cygdrive/c/Embedded/GNUARM/bin/../lib/gcc/arm-elf/4.1.1/interwork/libgcc.a(_call_via_rX.o)
 .debug_aranges
                0x00000360       0x20 /cygdrive/c/Embedded/GNUARM/bin/../lib/gcc/arm-elf/4.1.1/../../../../arm-elf/lib/interwork/libc.a(atoi.o)
 .debug_aranges
                0x00000380       0x20 /cygdrive/c/Embedded/GNUARM/bin/../lib/gcc/arm-elf/4.1.1/../../../../arm-elf/lib/interwork/libc.a(memcpy.o)
 .debug_aranges
                0x000003a0       0x20 /cygdrive/c/Embedded/GNUARM/bin/../lib/gcc/arm-elf/4.1.1/../../../../arm-elf/lib/interwork/libc.a(rand.o)
 .debug_aranges
                0x000003c0       0x20 /cygdrive/c/Embedded/GNUARM/bin/../lib/gcc/arm-elf/4.1.1/../../../../arm-elf/lib/interwork/libc.a(strlen.o)
 .debug_aranges
                0x000003e0       0x20 /cygdrive/c/Embedded/GNUARM/bin/../lib/gcc/arm-elf/4.1.1/../../../../arm-elf/lib/interwork/libc.a(strtol.o)

.debug_pubnames
                0x00000000      0xcaa
 *(.debug_pubnames)
 .debug_pubnames
                0x00000000       0x2e main.o
 .debug_pubnames
                0x0000002e       0xe5 lcd.o
 .debug_pubnames
                0x00000113       0x4b key.o
 .debug_pubnames
                0x0000015e       0x1f select.o
 .debug_pubnames
                0x0000017d      0x12d uart.o
 .debug_pubnames
                0x000002aa       0x2e exampleGame.o
 .debug_pubnames
                0x000002d8       0x71 eeprom.o
 .debug_pubnames
                0x00000349       0xee i2c.o
 .debug_pubnames
                0x00000437      0x111 tetris.o
 .debug_pubnames
                0x00000548       0xa8 hw.o
 .debug_pubnames
                0x000005f0       0x23 mainMenu.o
 .debug_pubnames
                0x00000613       0xda startup/libea_startup_thumb.a(consol.o)
 .debug_pubnames
                0x000006ed       0x63 startup/libea_startup_thumb.a(framework.o)
 .debug_pubnames
                0x00000750       0x39 irq_code/irqUart.a(irqUart.o)
 .debug_pubnames
                0x00000789      0x17f pre_emptive_os/pre_emptive_os.a(kernel.o)
 .debug_pubnames
                0x00000908       0x76 pre_emptive_os/pre_emptive_os.a(prioqueue.o)
 .debug_pubnames
                0x0000097e       0x4d pre_emptive_os/pre_emptive_os.a(count_sem.o)
 .debug_pubnames
                0x000009cb       0x55 pre_emptive_os/pre_emptive_os.a(timer.o)
 .debug_pubnames
                0x00000a20       0x4e pre_emptive_os/pre_emptive_os.a(stack_usage.o)
 .debug_pubnames
                0x00000a6e       0xc1 pre_emptive_os/pre_emptive_os.a(a7hal.o)
 .debug_pubnames
                0x00000b2f       0x63 pre_emptive_os/pre_emptive_os.a(event.o)
 .debug_pubnames
                0x00000b92       0x27 /cygdrive/c/Embedded/GNUARM/bin/../lib/gcc/arm-elf/4.1.1/../../../../arm-elf/lib/interwork/libc.a(atoi.o)
 .debug_pubnames
                0x00000bb9       0x1d /cygdrive/c/Embedded/GNUARM/bin/../lib/gcc/arm-elf/4.1.1/../../../../arm-elf/lib/interwork/libc.a(memcpy.o)
 .debug_pubnames
                0x00000bd6       0x25 /cygdrive/c/Embedded/GNUARM/bin/../lib/gcc/arm-elf/4.1.1/../../../../arm-elf/lib/interwork/libc.a(rand.o)
 .debug_pubnames
                0x00000bfb       0x1d /cygdrive/c/Embedded/GNUARM/bin/../lib/gcc/arm-elf/4.1.1/../../../../arm-elf/lib/interwork/libc.a(strlen.o)
 .debug_pubnames
                0x00000c18       0x2b /cygdrive/c/Embedded/GNUARM/bin/../lib/gcc/arm-elf/4.1.1/../../../../arm-elf/lib/interwork/libc.a(strtol.o)
 .debug_pubnames
                0x00000c43       0x2e /cygdrive/c/Embedded/GNUARM/bin/../lib/gcc/arm-elf/4.1.1/../../../../arm-elf/lib/interwork/libc.a(ctype_.o)
 .debug_pubnames
                0x00000c71       0x39 /cygdrive/c/Embedded/GNUARM/bin/../lib/gcc/arm-elf/4.1.1/../../../../arm-elf/lib/interwork/libc.a(impure.o)

.debug_info     0x00000000     0x7504
 *(.debug_info .gnu.linkonce.wi.*)
 .debug_info    0x00000000      0x1f9 main.o
 .debug_info    0x000001f9      0x58f lcd.o
 .debug_info    0x00000788      0x23b key.o
 .debug_info    0x000009c3      0x203 select.o
 .debug_info    0x00000bc6      0x499 uart.o
 .debug_info    0x0000105f      0x62f exampleGame.o
 .debug_info    0x0000168e      0x30f eeprom.o
 .debug_info    0x0000199d      0x648 i2c.o
 .debug_info    0x00001fe5      0x34a tetris.o
 .debug_info    0x0000232f      0x2d7 hw.o
 .debug_info    0x00002606      0x1b7 mainMenu.o
 .debug_info    0x000027bd      0x584 startup/libea_startup_thumb.a(consol.o)
 .debug_info    0x00002d41      0x1e4 startup/libea_startup_thumb.a(framework.o)
 .debug_info    0x00002f25      0x35b irq_code/irqUart.a(irqUart.o)
 .debug_info    0x00003280      0x5fe pre_emptive_os/pre_emptive_os.a(kernel.o)
 .debug_info    0x0000387e      0x2e8 pre_emptive_os/pre_emptive_os.a(prioqueue.o)
 .debug_info    0x00003b66      0x32b pre_emptive_os/pre_emptive_os.a(count_sem.o)
 .debug_info    0x00003e91      0x4b8 pre_emptive_os/pre_emptive_os.a(timer.o)
 .debug_info    0x00004349      0x2cf pre_emptive_os/pre_emptive_os.a(stack_usage.o)
 .debug_info    0x00004618      0x189 pre_emptive_os/pre_emptive_os.a(a7hal.o)
 .debug_info    0x000047a1      0x2ee pre_emptive_os/pre_emptive_os.a(event.o)
 .debug_info    0x00004a8f       0x68 /cygdrive/c/Embedded/GNUARM/bin/../lib/gcc/arm-elf/4.1.1/interwork/libgcc.a(_udivsi3.o)
 .debug_info    0x00004af7       0x68 /cygdrive/c/Embedded/GNUARM/bin/../lib/gcc/arm-elf/4.1.1/interwork/libgcc.a(_divsi3.o)
 .debug_info    0x00004b5f       0x68 /cygdrive/c/Embedded/GNUARM/bin/../lib/gcc/arm-elf/4.1.1/interwork/libgcc.a(_umodsi3.o)
 .debug_info    0x00004bc7       0x68 /cygdrive/c/Embedded/GNUARM/bin/../lib/gcc/arm-elf/4.1.1/interwork/libgcc.a(_modsi3.o)
 .debug_info    0x00004c2f       0x68 /cygdrive/c/Embedded/GNUARM/bin/../lib/gcc/arm-elf/4.1.1/interwork/libgcc.a(_dvmd_tls.o)
 .debug_info    0x00004c97       0x68 /cygdrive/c/Embedded/GNUARM/bin/../lib/gcc/arm-elf/4.1.1/interwork/libgcc.a(_call_via_rX.o)
 .debug_info    0x00004cff      0x949 /cygdrive/c/Embedded/GNUARM/bin/../lib/gcc/arm-elf/4.1.1/../../../../arm-elf/lib/interwork/libc.a(atoi.o)
 .debug_info    0x00005648      0x10a /cygdrive/c/Embedded/GNUARM/bin/../lib/gcc/arm-elf/4.1.1/../../../../arm-elf/lib/interwork/libc.a(memcpy.o)
 .debug_info    0x00005752      0x934 /cygdrive/c/Embedded/GNUARM/bin/../lib/gcc/arm-elf/4.1.1/../../../../arm-elf/lib/interwork/libc.a(rand.o)
 .debug_info    0x00006086       0xd4 /cygdrive/c/Embedded/GNUARM/bin/../lib/gcc/arm-elf/4.1.1/../../../../arm-elf/lib/interwork/libc.a(strlen.o)
 .debug_info    0x0000615a      0xa0f /cygdrive/c/Embedded/GNUARM/bin/../lib/gcc/arm-elf/4.1.1/../../../../arm-elf/lib/interwork/libc.a(strtol.o)
 .debug_info    0x00006b69       0x79 /cygdrive/c/Embedded/GNUARM/bin/../lib/gcc/arm-elf/4.1.1/../../../../arm-elf/lib/interwork/libc.a(ctype_.o)
 .debug_info    0x00006be2      0x922 /cygdrive/c/Embedded/GNUARM/bin/../lib/gcc/arm-elf/4.1.1/../../../../arm-elf/lib/interwork/libc.a(impure.o)

.debug_abbrev   0x00000000     0x23e4
 *(.debug_abbrev)
 .debug_abbrev  0x00000000      0x116 main.o
 .debug_abbrev  0x00000116      0x1bf lcd.o
 .debug_abbrev  0x000002d5      0x120 key.o
 .debug_abbrev  0x000003f5       0xe5 select.o
 .debug_abbrev  0x000004da      0x132 uart.o
 .debug_abbrev  0x0000060c      0x25e exampleGame.o
 .debug_abbrev  0x0000086a       0xfd eeprom.o
 .debug_abbrev  0x00000967      0x1fa i2c.o
 .debug_abbrev  0x00000b61      0x151 tetris.o
 .debug_abbrev  0x00000cb2      0x13c hw.o
 .debug_abbrev  0x00000dee       0xaa mainMenu.o
 .debug_abbrev  0x00000e98      0x2a4 startup/libea_startup_thumb.a(consol.o)
 .debug_abbrev  0x0000113c       0xd0 startup/libea_startup_thumb.a(framework.o)
 .debug_abbrev  0x0000120c      0x13e irq_code/irqUart.a(irqUart.o)
 .debug_abbrev  0x0000134a      0x1b8 pre_emptive_os/pre_emptive_os.a(kernel.o)
 .debug_abbrev  0x00001502      0x11e pre_emptive_os/pre_emptive_os.a(prioqueue.o)
 .debug_abbrev  0x00001620      0x101 pre_emptive_os/pre_emptive_os.a(count_sem.o)
 .debug_abbrev  0x00001721      0x154 pre_emptive_os/pre_emptive_os.a(timer.o)
 .debug_abbrev  0x00001875      0x170 pre_emptive_os/pre_emptive_os.a(stack_usage.o)
 .debug_abbrev  0x000019e5       0xf2 pre_emptive_os/pre_emptive_os.a(a7hal.o)
 .debug_abbrev  0x00001ad7      0x103 pre_emptive_os/pre_emptive_os.a(event.o)
 .debug_abbrev  0x00001bda       0x14 /cygdrive/c/Embedded/GNUARM/bin/../lib/gcc/arm-elf/4.1.1/interwork/libgcc.a(_udivsi3.o)
 .debug_abbrev  0x00001bee       0x14 /cygdrive/c/Embedded/GNUARM/bin/../lib/gcc/arm-elf/4.1.1/interwork/libgcc.a(_divsi3.o)
 .debug_abbrev  0x00001c02       0x14 /cygdrive/c/Embedded/GNUARM/bin/../lib/gcc/arm-elf/4.1.1/interwork/libgcc.a(_umodsi3.o)
 .debug_abbrev  0x00001c16       0x14 /cygdrive/c/Embedded/GNUARM/bin/../lib/gcc/arm-elf/4.1.1/interwork/libgcc.a(_modsi3.o)
 .debug_abbrev  0x00001c2a       0x14 /cygdrive/c/Embedded/GNUARM/bin/../lib/gcc/arm-elf/4.1.1/interwork/libgcc.a(_dvmd_tls.o)
 .debug_abbrev  0x00001c3e       0x14 /cygdrive/c/Embedded/GNUARM/bin/../lib/gcc/arm-elf/4.1.1/interwork/libgcc.a(_call_via_rX.o)
 .debug_abbrev  0x00001c52      0x176 /cygdrive/c/Embedded/GNUARM/bin/../lib/gcc/arm-elf/4.1.1/../../../../arm-elf/lib/interwork/libc.a(atoi.o)
 .debug_abbrev  0x00001dc8       0xa6 /cygdrive/c/Embedded/GNUARM/bin/../lib/gcc/arm-elf/4.1.1/../../../../arm-elf/lib/interwork/libc.a(memcpy.o)
 .debug_abbrev  0x00001e6e      0x185 /cygdrive/c/Embedded/GNUARM/bin/../lib/gcc/arm-elf/4.1.1/../../../../arm-elf/lib/interwork/libc.a(rand.o)
 .debug_abbrev  0x00001ff3       0x8b /cygdrive/c/Embedded/GNUARM/bin/../lib/gcc/arm-elf/4.1.1/../../../../arm-elf/lib/interwork/libc.a(strlen.o)
 .debug_abbrev  0x0000207e      0x1bd /cygdrive/c/Embedded/GNUARM/bin/../lib/gcc/arm-elf/4.1.1/../../../../arm-elf/lib/interwork/libc.a(strtol.o)
 .debug_abbrev  0x0000223b       0x52 /cygdrive/c/Embedded/GNUARM/bin/../lib/gcc/arm-elf/4.1.1/../../../../arm-elf/lib/interwork/libc.a(ctype_.o)
 .debug_abbrev  0x0000228d      0x157 /cygdrive/c/Embedded/GNUARM/bin/../lib/gcc/arm-elf/4.1.1/../../../../arm-elf/lib/interwork/libc.a(impure.o)

.debug_line     0x00000000     0x1d6a
 *(.debug_line)
 .debug_line    0x00000000       0xc1 main.o
 .debug_line    0x000000c1      0x183 lcd.o
 .debug_line    0x00000244       0xb8 key.o
 .debug_line    0x000002fc       0xa6 select.o
 .debug_line    0x000003a2      0x112 uart.o
 .debug_line    0x000004b4      0x15b exampleGame.o
 .debug_line    0x0000060f      0x135 eeprom.o
 .debug_line    0x00000744      0x162 i2c.o
 .debug_line    0x000008a6      0x100 tetris.o
 .debug_line    0x000009a6      0x12f hw.o
 .debug_line    0x00000ad5       0x9b mainMenu.o
 .debug_line    0x00000b70      0x193 startup/libea_startup_thumb.a(consol.o)
 .debug_line    0x00000d03       0xd7 startup/libea_startup_thumb.a(framework.o)
 .debug_line    0x00000dda       0xd2 irq_code/irqUart.a(irqUart.o)
 .debug_line    0x00000eac      0x177 pre_emptive_os/pre_emptive_os.a(kernel.o)
 .debug_line    0x00001023       0xbb pre_emptive_os/pre_emptive_os.a(prioqueue.o)
 .debug_line    0x000010de       0xd9 pre_emptive_os/pre_emptive_os.a(count_sem.o)
 .debug_line    0x000011b7      0x109 pre_emptive_os/pre_emptive_os.a(timer.o)
 .debug_line    0x000012c0       0x97 pre_emptive_os/pre_emptive_os.a(stack_usage.o)
 .debug_line    0x00001357       0x8c pre_emptive_os/pre_emptive_os.a(a7hal.o)
 .debug_line    0x000013e3       0xaf pre_emptive_os/pre_emptive_os.a(event.o)
 .debug_line    0x00001492       0x84 /cygdrive/c/Embedded/GNUARM/bin/../lib/gcc/arm-elf/4.1.1/interwork/libgcc.a(_udivsi3.o)
 .debug_line    0x00001516       0x90 /cygdrive/c/Embedded/GNUARM/bin/../lib/gcc/arm-elf/4.1.1/interwork/libgcc.a(_divsi3.o)
 .debug_line    0x000015a6       0x6e /cygdrive/c/Embedded/GNUARM/bin/../lib/gcc/arm-elf/4.1.1/interwork/libgcc.a(_umodsi3.o)
 .debug_line    0x00001614       0x74 /cygdrive/c/Embedded/GNUARM/bin/../lib/gcc/arm-elf/4.1.1/interwork/libgcc.a(_modsi3.o)
 .debug_line    0x00001688       0x5d /cygdrive/c/Embedded/GNUARM/bin/../lib/gcc/arm-elf/4.1.1/interwork/libgcc.a(_dvmd_tls.o)
 .debug_line    0x000016e5       0x6b /cygdrive/c/Embedded/GNUARM/bin/../lib/gcc/arm-elf/4.1.1/interwork/libgcc.a(_call_via_rX.o)
 .debug_line    0x00001750       0xf9 /cygdrive/c/Embedded/GNUARM/bin/../lib/gcc/arm-elf/4.1.1/../../../../arm-elf/lib/interwork/libc.a(atoi.o)
 .debug_line    0x00001849       0xc8 /cygdrive/c/Embedded/GNUARM/bin/../lib/gcc/arm-elf/4.1.1/../../../../arm-elf/lib/interwork/libc.a(memcpy.o)
 .debug_line    0x00001911       0xf9 /cygdrive/c/Embedded/GNUARM/bin/../lib/gcc/arm-elf/4.1.1/../../../../arm-elf/lib/interwork/libc.a(rand.o)
 .debug_line    0x00001a0a       0xaf /cygdrive/c/Embedded/GNUARM/bin/../lib/gcc/arm-elf/4.1.1/../../../../arm-elf/lib/interwork/libc.a(strlen.o)
 .debug_line    0x00001ab9      0x173 /cygdrive/c/Embedded/GNUARM/bin/../lib/gcc/arm-elf/4.1.1/../../../../arm-elf/lib/interwork/libc.a(strtol.o)
 .debug_line    0x00001c2c       0x5b /cygdrive/c/Embedded/GNUARM/bin/../lib/gcc/arm-elf/4.1.1/../../../../arm-elf/lib/interwork/libc.a(ctype_.o)
 .debug_line    0x00001c87       0xe3 /cygdrive/c/Embedded/GNUARM/bin/../lib/gcc/arm-elf/4.1.1/../../../../arm-elf/lib/interwork/libc.a(impure.o)

.debug_frame    0x00000000     0x1254
 *(.debug_frame)
 .debug_frame   0x00000000       0x74 main.o
 .debug_frame   0x00000074      0x1b8 lcd.o
 .debug_frame   0x0000022c       0x80 key.o
 .debug_frame   0x000002ac       0x54 select.o
 .debug_frame   0x00000300       0xe8 uart.o
 .debug_frame   0x000003e8       0xac exampleGame.o
 .debug_frame   0x00000494       0xc4 eeprom.o
 .debug_frame   0x00000558      0x140 i2c.o
 .debug_frame   0x00000698      0x124 tetris.o
 .debug_frame   0x000007bc       0xf8 hw.o
 .debug_frame   0x000008b4       0x2c mainMenu.o
 .debug_frame   0x000008e0      0x150 startup/libea_startup_thumb.a(consol.o)
 .debug_frame   0x00000a30       0xd8 startup/libea_startup_thumb.a(framework.o)
 .debug_frame   0x00000b08       0x4c irq_code/irqUart.a(irqUart.o)
 .debug_frame   0x00000b54      0x1e8 pre_emptive_os/pre_emptive_os.a(kernel.o)
 .debug_frame   0x00000d3c       0x8c pre_emptive_os/pre_emptive_os.a(prioqueue.o)
 .debug_frame   0x00000dc8       0x84 pre_emptive_os/pre_emptive_os.a(count_sem.o)
 .debug_frame   0x00000e4c       0xb8 pre_emptive_os/pre_emptive_os.a(timer.o)
 .debug_frame   0x00000f04       0x58 pre_emptive_os/pre_emptive_os.a(stack_usage.o)
 .debug_frame   0x00000f5c       0xa0 pre_emptive_os/pre_emptive_os.a(a7hal.o)
 .debug_frame   0x00000ffc       0x94 pre_emptive_os/pre_emptive_os.a(event.o)
 .debug_frame   0x00001090       0x2c /cygdrive/c/Embedded/GNUARM/bin/../lib/gcc/arm-elf/4.1.1/interwork/libgcc.a(_udivsi3.o)
 .debug_frame   0x000010bc       0x2c /cygdrive/c/Embedded/GNUARM/bin/../lib/gcc/arm-elf/4.1.1/interwork/libgcc.a(_divsi3.o)
 .debug_frame   0x000010e8       0x2c /cygdrive/c/Embedded/GNUARM/bin/../lib/gcc/arm-elf/4.1.1/interwork/libgcc.a(_umodsi3.o)
 .debug_frame   0x00001114       0x2c /cygdrive/c/Embedded/GNUARM/bin/../lib/gcc/arm-elf/4.1.1/interwork/libgcc.a(_modsi3.o)
 .debug_frame   0x00001140       0x40 /cygdrive/c/Embedded/GNUARM/bin/../lib/gcc/arm-elf/4.1.1/../../../../arm-elf/lib/interwork/libc.a(atoi.o)
 .debug_frame   0x00001180       0x28 /cygdrive/c/Embedded/GNUARM/bin/../lib/gcc/arm-elf/4.1.1/../../../../arm-elf/lib/interwork/libc.a(memcpy.o)
 .debug_frame   0x000011a8       0x3c /cygdrive/c/Embedded/GNUARM/bin/../lib/gcc/arm-elf/4.1.1/../../../../arm-elf/lib/interwork/libc.a(rand.o)
 .debug_frame   0x000011e4       0x20 /cygdrive/c/Embedded/GNUARM/bin/../lib/gcc/arm-elf/4.1.1/../../../../arm-elf/lib/interwork/libc.a(strlen.o)
 .debug_frame   0x00001204       0x50 /cygdrive/c/Embedded/GNUARM/bin/../lib/gcc/arm-elf/4.1.1/../../../../arm-elf/lib/interwork/libc.a(strtol.o)

.debug_str      0x00000000     0x19f9
 *(.debug_str)
 .debug_str     0x00000000       0xf0 main.o
                                0x129 (size before relaxing)
 .debug_str     0x000000f0      0x142 lcd.o
                                0x1da (size before relaxing)
 .debug_str     0x00000232      0x102 key.o
                                0x19c (size before relaxing)
 .debug_str     0x00000334       0xc4 select.o
                                0x194 (size before relaxing)
 .debug_str     0x000003f8      0x219 uart.o
                                0x2d2 (size before relaxing)
 .debug_str     0x00000611       0xf1 exampleGame.o
                                0x266 (size before relaxing)
 .debug_str     0x00000702       0x87 eeprom.o
                                0x119 (size before relaxing)
 .debug_str     0x00000789       0xb1 i2c.o
                                0x263 (size before relaxing)
 .debug_str     0x0000083a       0xe5 tetris.o
                                0x1c8 (size before relaxing)
 .debug_str     0x0000091f       0xf7 hw.o
                                0x1a7 (size before relaxing)
 .debug_str     0x00000a16       0x34 mainMenu.o
                                0x18d (size before relaxing)
 .debug_str     0x00000a4a      0x187 startup/libea_startup_thumb.a(consol.o)
                                0x247 (size before relaxing)
 .debug_str     0x00000bd1       0xdd startup/libea_startup_thumb.a(framework.o)
                                0x143 (size before relaxing)
 .debug_str     0x00000cae       0x8d irq_code/irqUart.a(irqUart.o)
                                0x26e (size before relaxing)
 .debug_str     0x00000d3b      0x22c pre_emptive_os/pre_emptive_os.a(kernel.o)
                                0x359 (size before relaxing)
 .debug_str     0x00000f67       0x7d pre_emptive_os/pre_emptive_os.a(prioqueue.o)
                                0x241 (size before relaxing)
 .debug_str     0x00000fe4       0x51 pre_emptive_os/pre_emptive_os.a(count_sem.o)
                                0x256 (size before relaxing)
 .debug_str     0x00001035       0xe2 pre_emptive_os/pre_emptive_os.a(timer.o)
                                0x2f2 (size before relaxing)
 .debug_str     0x00001117       0x70 pre_emptive_os/pre_emptive_os.a(stack_usage.o)
                                0x226 (size before relaxing)
 .debug_str     0x00001187      0x153 pre_emptive_os/pre_emptive_os.a(a7hal.o)
                                0x1d8 (size before relaxing)
 .debug_str     0x000012da       0x51 pre_emptive_os/pre_emptive_os.a(event.o)
                                0x260 (size before relaxing)
 .debug_str     0x0000132b      0x409 /cygdrive/c/Embedded/GNUARM/bin/../lib/gcc/arm-elf/4.1.1/../../../../arm-elf/lib/interwork/libc.a(atoi.o)
                                0x49e (size before relaxing)
 .debug_str     0x00001734       0xaa /cygdrive/c/Embedded/GNUARM/bin/../lib/gcc/arm-elf/4.1.1/../../../../arm-elf/lib/interwork/libc.a(memcpy.o)
                                 0xd6 (size before relaxing)
 .debug_str     0x000017de       0x40 /cygdrive/c/Embedded/GNUARM/bin/../lib/gcc/arm-elf/4.1.1/../../../../arm-elf/lib/interwork/libc.a(rand.o)
                                0x4ad (size before relaxing)
 .debug_str     0x0000181e       0x56 /cygdrive/c/Embedded/GNUARM/bin/../lib/gcc/arm-elf/4.1.1/../../../../arm-elf/lib/interwork/libc.a(strlen.o)
                                0x11f (size before relaxing)
 .debug_str     0x00001874       0x78 /cygdrive/c/Embedded/GNUARM/bin/../lib/gcc/arm-elf/4.1.1/../../../../arm-elf/lib/interwork/libc.a(strtol.o)
                                0x4e0 (size before relaxing)
 .debug_str     0x000018ec       0x7b /cygdrive/c/Embedded/GNUARM/bin/../lib/gcc/arm-elf/4.1.1/../../../../arm-elf/lib/interwork/libc.a(ctype_.o)
                                 0xaa (size before relaxing)
 .debug_str     0x00001967       0x92 /cygdrive/c/Embedded/GNUARM/bin/../lib/gcc/arm-elf/4.1.1/../../../../arm-elf/lib/interwork/libc.a(impure.o)
                                0x4bc (size before relaxing)

.debug_loc      0x00000000     0x2a11
 *(.debug_loc)
 .debug_loc     0x00000000       0xed main.o
 .debug_loc     0x000000ed      0x783 lcd.o
 .debug_loc     0x00000870       0x9a key.o
 .debug_loc     0x0000090a       0x9d select.o
 .debug_loc     0x000009a7      0x274 uart.o
 .debug_loc     0x00000c1b      0x3f4 exampleGame.o
 .debug_loc     0x0000100f      0x451 eeprom.o
 .debug_loc     0x00001460      0x47b i2c.o
 .debug_loc     0x000018db      0x300 tetris.o
 .debug_loc     0x00001bdb      0x21b hw.o
 .debug_loc     0x00001df6       0x2c mainMenu.o
 .debug_loc     0x00001e22      0x5ee startup/libea_startup_thumb.a(consol.o)
 .debug_loc     0x00002410      0x193 startup/libea_startup_thumb.a(framework.o)
 .debug_loc     0x000025a3       0x8a irq_code/irqUart.a(irqUart.o)
 .debug_loc     0x0000262d       0x77 /cygdrive/c/Embedded/GNUARM/bin/../lib/gcc/arm-elf/4.1.1/../../../../arm-elf/lib/interwork/libc.a(atoi.o)
 .debug_loc     0x000026a4       0xfc /cygdrive/c/Embedded/GNUARM/bin/../lib/gcc/arm-elf/4.1.1/../../../../arm-elf/lib/interwork/libc.a(memcpy.o)
 .debug_loc     0x000027a0       0x1f /cygdrive/c/Embedded/GNUARM/bin/../lib/gcc/arm-elf/4.1.1/../../../../arm-elf/lib/interwork/libc.a(rand.o)
 .debug_loc     0x000027bf       0x47 /cygdrive/c/Embedded/GNUARM/bin/../lib/gcc/arm-elf/4.1.1/../../../../arm-elf/lib/interwork/libc.a(strlen.o)
 .debug_loc     0x00002806      0x20b /cygdrive/c/Embedded/GNUARM/bin/../lib/gcc/arm-elf/4.1.1/../../../../arm-elf/lib/interwork/libc.a(strtol.o)

.debug_macinfo
 *(.debug_macinfo)

.debug_weaknames
 *(.debug_weaknames)

.debug_funcnames
 *(.debug_funcnames)

.debug_typenames
 *(.debug_typenames)

.debug_varnames
 *(.debug_varnames)
OUTPUT(lpc2104_color_lcd_v1.9.elf elf32-littlearm)

.debug_ranges   0x00000000       0x60
 .debug_ranges  0x00000000       0x60 tetris.o

Cross Reference Table

Symbol                                            File
____divsi3_change_to_arm                          /cygdrive/c/Embedded/GNUARM/bin/../lib/gcc/arm-elf/4.1.1/../../../../arm-elf/lib/interwork/libc.a(impure.o)
____divsi3_from_thumb                             /cygdrive/c/Embedded/GNUARM/bin/../lib/gcc/arm-elf/4.1.1/../../../../arm-elf/lib/interwork/libc.a(impure.o)
____modsi3_change_to_arm                          /cygdrive/c/Embedded/GNUARM/bin/../lib/gcc/arm-elf/4.1.1/../../../../arm-elf/lib/interwork/libc.a(impure.o)
____modsi3_from_thumb                             /cygdrive/c/Embedded/GNUARM/bin/../lib/gcc/arm-elf/4.1.1/../../../../arm-elf/lib/interwork/libc.a(impure.o)
____udivsi3_change_to_arm                         /cygdrive/c/Embedded/GNUARM/bin/../lib/gcc/arm-elf/4.1.1/../../../../arm-elf/lib/interwork/libc.a(impure.o)
____udivsi3_from_thumb                            /cygdrive/c/Embedded/GNUARM/bin/../lib/gcc/arm-elf/4.1.1/../../../../arm-elf/lib/interwork/libc.a(impure.o)
____umodsi3_change_to_arm                         /cygdrive/c/Embedded/GNUARM/bin/../lib/gcc/arm-elf/4.1.1/../../../../arm-elf/lib/interwork/libc.a(impure.o)
____umodsi3_from_thumb                            /cygdrive/c/Embedded/GNUARM/bin/../lib/gcc/arm-elf/4.1.1/../../../../arm-elf/lib/interwork/libc.a(impure.o)
__aeabi_idiv                                      /cygdrive/c/Embedded/GNUARM/bin/../lib/gcc/arm-elf/4.1.1/interwork/libgcc.a(_divsi3.o)
__aeabi_idiv0                                     /cygdrive/c/Embedded/GNUARM/bin/../lib/gcc/arm-elf/4.1.1/interwork/libgcc.a(_dvmd_tls.o)
__aeabi_idivmod                                   /cygdrive/c/Embedded/GNUARM/bin/../lib/gcc/arm-elf/4.1.1/interwork/libgcc.a(_divsi3.o)
__aeabi_ldiv0                                     /cygdrive/c/Embedded/GNUARM/bin/../lib/gcc/arm-elf/4.1.1/interwork/libgcc.a(_dvmd_tls.o)
__aeabi_uidiv                                     /cygdrive/c/Embedded/GNUARM/bin/../lib/gcc/arm-elf/4.1.1/interwork/libgcc.a(_udivsi3.o)
__aeabi_uidivmod                                  /cygdrive/c/Embedded/GNUARM/bin/../lib/gcc/arm-elf/4.1.1/interwork/libgcc.a(_udivsi3.o)
__bss_end__                                       startup/libea_startup_thumb.a(startup.o)
__bss_start__                                     startup/libea_startup_thumb.a(startup.o)
__ctxSwitchIsr_oshal_change_to_arm                /cygdrive/c/Embedded/GNUARM/bin/../lib/gcc/arm-elf/4.1.1/../../../../arm-elf/lib/interwork/libc.a(impure.o)
__ctxSwitchIsr_oshal_from_thumb                   /cygdrive/c/Embedded/GNUARM/bin/../lib/gcc/arm-elf/4.1.1/../../../../arm-elf/lib/interwork/libc.a(impure.o)
__ctxSwitch_oshal_change_to_arm                   /cygdrive/c/Embedded/GNUARM/bin/../lib/gcc/arm-elf/4.1.1/../../../../arm-elf/lib/interwork/libc.a(impure.o)
__ctxSwitch_oshal_from_thumb                      /cygdrive/c/Embedded/GNUARM/bin/../lib/gcc/arm-elf/4.1.1/../../../../arm-elf/lib/interwork/libc.a(impure.o)
__ctype_ptr                                       /cygdrive/c/Embedded/GNUARM/bin/../lib/gcc/arm-elf/4.1.1/../../../../arm-elf/lib/interwork/libc.a(ctype_.o)
                                                  /cygdrive/c/Embedded/GNUARM/bin/../lib/gcc/arm-elf/4.1.1/../../../../arm-elf/lib/interwork/libc.a(strtol.o)
__disIrq_change_to_arm                            /cygdrive/c/Embedded/GNUARM/bin/../lib/gcc/arm-elf/4.1.1/../../../../arm-elf/lib/interwork/libc.a(impure.o)
__disIrq_from_thumb                               /cygdrive/c/Embedded/GNUARM/bin/../lib/gcc/arm-elf/4.1.1/../../../../arm-elf/lib/interwork/libc.a(impure.o)
__div0                                            /cygdrive/c/Embedded/GNUARM/bin/../lib/gcc/arm-elf/4.1.1/interwork/libgcc.a(_dvmd_tls.o)
                                                  /cygdrive/c/Embedded/GNUARM/bin/../lib/gcc/arm-elf/4.1.1/interwork/libgcc.a(_modsi3.o)
                                                  /cygdrive/c/Embedded/GNUARM/bin/../lib/gcc/arm-elf/4.1.1/interwork/libgcc.a(_umodsi3.o)
                                                  /cygdrive/c/Embedded/GNUARM/bin/../lib/gcc/arm-elf/4.1.1/interwork/libgcc.a(_divsi3.o)
                                                  /cygdrive/c/Embedded/GNUARM/bin/../lib/gcc/arm-elf/4.1.1/interwork/libgcc.a(_udivsi3.o)
__divsi3                                          /cygdrive/c/Embedded/GNUARM/bin/../lib/gcc/arm-elf/4.1.1/interwork/libgcc.a(_divsi3.o)
                                                  pre_emptive_os/pre_emptive_os.a(stack_usage.o)
__eaInit_change_to_arm                            /cygdrive/c/Embedded/GNUARM/bin/../lib/gcc/arm-elf/4.1.1/../../../../arm-elf/lib/interwork/libc.a(impure.o)
__eaInit_from_thumb                               /cygdrive/c/Embedded/GNUARM/bin/../lib/gcc/arm-elf/4.1.1/../../../../arm-elf/lib/interwork/libc.a(impure.o)
__halDisableInterrupts_oshal_change_to_arm        /cygdrive/c/Embedded/GNUARM/bin/../lib/gcc/arm-elf/4.1.1/../../../../arm-elf/lib/interwork/libc.a(impure.o)
__halDisableInterrupts_oshal_from_thumb           /cygdrive/c/Embedded/GNUARM/bin/../lib/gcc/arm-elf/4.1.1/../../../../arm-elf/lib/interwork/libc.a(impure.o)
__halRestoreInterrupts_oshal_change_to_arm        /cygdrive/c/Embedded/GNUARM/bin/../lib/gcc/arm-elf/4.1.1/../../../../arm-elf/lib/interwork/libc.a(impure.o)
__halRestoreInterrupts_oshal_from_thumb           /cygdrive/c/Embedded/GNUARM/bin/../lib/gcc/arm-elf/4.1.1/../../../../arm-elf/lib/interwork/libc.a(impure.o)
__initTimer_oshal_change_to_arm                   /cygdrive/c/Embedded/GNUARM/bin/../lib/gcc/arm-elf/4.1.1/../../../../arm-elf/lib/interwork/libc.a(impure.o)
__initTimer_oshal_from_thumb                      /cygdrive/c/Embedded/GNUARM/bin/../lib/gcc/arm-elf/4.1.1/../../../../arm-elf/lib/interwork/libc.a(impure.o)
__memcpy_change_to_arm                            /cygdrive/c/Embedded/GNUARM/bin/../lib/gcc/arm-elf/4.1.1/../../../../arm-elf/lib/interwork/libc.a(impure.o)
__memcpy_from_thumb                               /cygdrive/c/Embedded/GNUARM/bin/../lib/gcc/arm-elf/4.1.1/../../../../arm-elf/lib/interwork/libc.a(impure.o)
__modsi3                                          /cygdrive/c/Embedded/GNUARM/bin/../lib/gcc/arm-elf/4.1.1/interwork/libgcc.a(_modsi3.o)
                                                  exampleGame.o
__osISRExit_from_arm                              /cygdrive/c/Embedded/GNUARM/bin/../lib/gcc/arm-elf/4.1.1/../../../../arm-elf/lib/interwork/libc.a(impure.o)
__osSemGive_from_arm                              /cygdrive/c/Embedded/GNUARM/bin/../lib/gcc/arm-elf/4.1.1/../../../../arm-elf/lib/interwork/libc.a(impure.o)
__osTick_from_arm                                 /cygdrive/c/Embedded/GNUARM/bin/../lib/gcc/arm-elf/4.1.1/../../../../arm-elf/lib/interwork/libc.a(impure.o)
__rand_change_to_arm                              /cygdrive/c/Embedded/GNUARM/bin/../lib/gcc/arm-elf/4.1.1/../../../../arm-elf/lib/interwork/libc.a(impure.o)
__rand_from_thumb                                 /cygdrive/c/Embedded/GNUARM/bin/../lib/gcc/arm-elf/4.1.1/../../../../arm-elf/lib/interwork/libc.a(impure.o)
__restoreIrq_change_to_arm                        /cygdrive/c/Embedded/GNUARM/bin/../lib/gcc/arm-elf/4.1.1/../../../../arm-elf/lib/interwork/libc.a(impure.o)
__restoreIrq_from_thumb                           /cygdrive/c/Embedded/GNUARM/bin/../lib/gcc/arm-elf/4.1.1/../../../../arm-elf/lib/interwork/libc.a(impure.o)
__simplePrintf_change_to_arm                      /cygdrive/c/Embedded/GNUARM/bin/../lib/gcc/arm-elf/4.1.1/../../../../arm-elf/lib/interwork/libc.a(impure.o)
__simplePrintf_from_thumb                         /cygdrive/c/Embedded/GNUARM/bin/../lib/gcc/arm-elf/4.1.1/../../../../arm-elf/lib/interwork/libc.a(impure.o)
__srand_change_to_arm                             /cygdrive/c/Embedded/GNUARM/bin/../lib/gcc/arm-elf/4.1.1/../../../../arm-elf/lib/interwork/libc.a(impure.o)
__srand_from_thumb                                /cygdrive/c/Embedded/GNUARM/bin/../lib/gcc/arm-elf/4.1.1/../../../../arm-elf/lib/interwork/libc.a(impure.o)
__startHighProc_oshal_change_to_arm               /cygdrive/c/Embedded/GNUARM/bin/../lib/gcc/arm-elf/4.1.1/../../../../arm-elf/lib/interwork/libc.a(impure.o)
__startHighProc_oshal_from_thumb                  /cygdrive/c/Embedded/GNUARM/bin/../lib/gcc/arm-elf/4.1.1/../../../../arm-elf/lib/interwork/libc.a(impure.o)
__stkFrameInit_oshal_change_to_arm                /cygdrive/c/Embedded/GNUARM/bin/../lib/gcc/arm-elf/4.1.1/../../../../arm-elf/lib/interwork/libc.a(impure.o)
__stkFrameInit_oshal_from_thumb                   /cygdrive/c/Embedded/GNUARM/bin/../lib/gcc/arm-elf/4.1.1/../../../../arm-elf/lib/interwork/libc.a(impure.o)
__udivsi3                                         /cygdrive/c/Embedded/GNUARM/bin/../lib/gcc/arm-elf/4.1.1/interwork/libgcc.a(_udivsi3.o)
                                                  /cygdrive/c/Embedded/GNUARM/bin/../lib/gcc/arm-elf/4.1.1/../../../../arm-elf/lib/interwork/libc.a(strtol.o)
                                                  pre_emptive_os/pre_emptive_os.a(stack_usage.o)
                                                  startup/libea_startup_thumb.a(consol.o)
                                                  exampleGame.o
__umodsi3                                         /cygdrive/c/Embedded/GNUARM/bin/../lib/gcc/arm-elf/4.1.1/interwork/libgcc.a(_umodsi3.o)
                                                  /cygdrive/c/Embedded/GNUARM/bin/../lib/gcc/arm-elf/4.1.1/../../../../arm-elf/lib/interwork/libc.a(strtol.o)
                                                  startup/libea_startup_thumb.a(consol.o)
                                                  exampleGame.o
_atoi_r                                           /cygdrive/c/Embedded/GNUARM/bin/../lib/gcc/arm-elf/4.1.1/../../../../arm-elf/lib/interwork/libc.a(atoi.o)
_call_via_fp                                      /cygdrive/c/Embedded/GNUARM/bin/../lib/gcc/arm-elf/4.1.1/interwork/libgcc.a(_call_via_rX.o)
_call_via_ip                                      /cygdrive/c/Embedded/GNUARM/bin/../lib/gcc/arm-elf/4.1.1/interwork/libgcc.a(_call_via_rX.o)
_call_via_lr                                      /cygdrive/c/Embedded/GNUARM/bin/../lib/gcc/arm-elf/4.1.1/interwork/libgcc.a(_call_via_rX.o)
_call_via_r0                                      /cygdrive/c/Embedded/GNUARM/bin/../lib/gcc/arm-elf/4.1.1/interwork/libgcc.a(_call_via_rX.o)
_call_via_r1                                      /cygdrive/c/Embedded/GNUARM/bin/../lib/gcc/arm-elf/4.1.1/interwork/libgcc.a(_call_via_rX.o)
_call_via_r2                                      /cygdrive/c/Embedded/GNUARM/bin/../lib/gcc/arm-elf/4.1.1/interwork/libgcc.a(_call_via_rX.o)
_call_via_r3                                      /cygdrive/c/Embedded/GNUARM/bin/../lib/gcc/arm-elf/4.1.1/interwork/libgcc.a(_call_via_rX.o)
_call_via_r4                                      /cygdrive/c/Embedded/GNUARM/bin/../lib/gcc/arm-elf/4.1.1/interwork/libgcc.a(_call_via_rX.o)
                                                  pre_emptive_os/pre_emptive_os.a(timer.o)
_call_via_r5                                      /cygdrive/c/Embedded/GNUARM/bin/../lib/gcc/arm-elf/4.1.1/interwork/libgcc.a(_call_via_rX.o)
_call_via_r6                                      /cygdrive/c/Embedded/GNUARM/bin/../lib/gcc/arm-elf/4.1.1/interwork/libgcc.a(_call_via_rX.o)
_call_via_r7                                      /cygdrive/c/Embedded/GNUARM/bin/../lib/gcc/arm-elf/4.1.1/interwork/libgcc.a(_call_via_rX.o)
_call_via_r8                                      /cygdrive/c/Embedded/GNUARM/bin/../lib/gcc/arm-elf/4.1.1/interwork/libgcc.a(_call_via_rX.o)
_call_via_r9                                      /cygdrive/c/Embedded/GNUARM/bin/../lib/gcc/arm-elf/4.1.1/interwork/libgcc.a(_call_via_rX.o)
_call_via_sl                                      /cygdrive/c/Embedded/GNUARM/bin/../lib/gcc/arm-elf/4.1.1/interwork/libgcc.a(_call_via_rX.o)
_call_via_sp                                      /cygdrive/c/Embedded/GNUARM/bin/../lib/gcc/arm-elf/4.1.1/interwork/libgcc.a(_call_via_rX.o)
_ctype_                                           /cygdrive/c/Embedded/GNUARM/bin/../lib/gcc/arm-elf/4.1.1/../../../../arm-elf/lib/interwork/libc.a(ctype_.o)
_data                                             startup/libea_startup_thumb.a(startup.o)
_edata                                            startup/libea_startup_thumb.a(startup.o)
_etext                                            startup/libea_startup_thumb.a(startup.o)
_global_impure_ptr                                /cygdrive/c/Embedded/GNUARM/bin/../lib/gcc/arm-elf/4.1.1/../../../../arm-elf/lib/interwork/libc.a(impure.o)
_impure_ptr                                       /cygdrive/c/Embedded/GNUARM/bin/../lib/gcc/arm-elf/4.1.1/../../../../arm-elf/lib/interwork/libc.a(impure.o)
                                                  /cygdrive/c/Embedded/GNUARM/bin/../lib/gcc/arm-elf/4.1.1/../../../../arm-elf/lib/interwork/libc.a(strtol.o)
                                                  /cygdrive/c/Embedded/GNUARM/bin/../lib/gcc/arm-elf/4.1.1/../../../../arm-elf/lib/interwork/libc.a(rand.o)
_startup                                          startup/libea_startup_thumb.a(startup.o)
_strtol_r                                         /cygdrive/c/Embedded/GNUARM/bin/../lib/gcc/arm-elf/4.1.1/../../../../arm-elf/lib/interwork/libc.a(strtol.o)
                                                  /cygdrive/c/Embedded/GNUARM/bin/../lib/gcc/arm-elf/4.1.1/../../../../arm-elf/lib/interwork/libc.a(atoi.o)
activeBlock                                       tetris.o
addToPrioQueue                                    pre_emptive_os/pre_emptive_os.a(prioqueue.o)
                                                  pre_emptive_os/pre_emptive_os.a(event.o)
                                                  pre_emptive_os/pre_emptive_os.a(kernel.o)
addToRdyList                                      pre_emptive_os/pre_emptive_os.a(kernel.o)
                                                  pre_emptive_os/pre_emptive_os.a(event.o)
addToTimeList                                     pre_emptive_os/pre_emptive_os.a(kernel.o)
                                                  pre_emptive_os/pre_emptive_os.a(event.o)
appTick                                           main.o
                                                  pre_emptive_os/pre_emptive_os.a(kernel.o)
applyJoystickMovement                             tetris.o
[...]
detectCollisionRight                              tetris.o
disIrq                                            irq_code/irqUart.a(irqUart.o)
                                                  uart.o
drawBoard                                         tetris.o
drawMainMenu                                      mainMenu.o
                                                  main.o
drawMenu                                          select.o
                                                  mainMenu.o
                                                  exampleGame.o
eaInit                                            startup/libea_startup_thumb.a(framework.o)
                                                  main.o
eepromPageRead                                    eeprom.o
eepromPoll                                        eeprom.o
eepromStartRead                                   eeprom.o
eepromWrite                                       eeprom.o
end                                               startup/libea_startup_thumb.a(framework.o)
eventInit                                         pre_emptive_os/pre_emptive_os.a(event.o)
                                                  pre_emptive_os/pre_emptive_os.a(count_sem.o)
eventIsEmpty                                      pre_emptive_os/pre_emptive_os.a(event.o)
                                                  pre_emptive_os/pre_emptive_os.a(count_sem.o)
eventSignal                                       pre_emptive_os/pre_emptive_os.a(event.o)
                                                  pre_emptive_os/pre_emptive_os.a(count_sem.o)
eventWait                                         pre_emptive_os/pre_emptive_os.a(event.o)
                                                  pre_emptive_os/pre_emptive_os.a(count_sem.o)
eventWaitReturn                                   pre_emptive_os/pre_emptive_os.a(event.o)
                                                  pre_emptive_os/pre_emptive_os.a(count_sem.o)
exceptionHandlerInit                              startup/libea_startup_thumb.a(framework.o)
                                                  startup/libea_startup_thumb.a(startup.o)
figures                                           exampleGame.o
generalIRQ_oshal                                  pre_emptive_os/pre_emptive_os.a(a7hal_a.o)
                                                  pre_emptive_os/pre_emptive_os.a(a7hal.o)
generateNewActiveBlock                            tetris.o
getHighPrioQueue                                  pre_emptive_os/pre_emptive_os.a(prioqueue.o)
                                                  pre_emptive_os/pre_emptive_os.a(event.o)
                                                  pre_emptive_os/pre_emptive_os.a(kernel.o)
getI2cLock                                        i2c.o
                                                  eeprom.o
getKeys                                           hw.o
                                                  key.o
halDisableInterrupts_oshal                        pre_emptive_os/pre_emptive_os.a(a7hal.o)
                                                  pre_emptive_os/pre_emptive_os.a(timer.o)
                                                  pre_emptive_os/pre_emptive_os.a(count_sem.o)
                                                  pre_emptive_os/pre_emptive_os.a(kernel.o)
halEnableInterrupts_oshal                         pre_emptive_os/pre_emptive_os.a(a7hal.o)
halRestoreInterrupts_oshal                        pre_emptive_os/pre_emptive_os.a(a7hal.o)
                                                  pre_emptive_os/pre_emptive_os.a(timer.o)
                                                  pre_emptive_os/pre_emptive_os.a(count_sem.o)
                                                  pre_emptive_os/pre_emptive_os.a(kernel.o)
handleIRQs_oshal                                  pre_emptive_os/pre_emptive_os.a(a7hal.o)
                                                  pre_emptive_os/pre_emptive_os.a(a7hal_a.o)
i2cCheckStatus                                    i2c.o
                                                  eeprom.o
i2cGetChar                                        i2c.o
                                                  eeprom.o
i2cInit                                           i2c.o
                                                  hw.o
i2cMyWrite                                        i2c.o
i2cPutChar                                        i2c.o
                                                  eeprom.o
i2cRead                                           i2c.o
i2cRepeatStart                                    i2c.o
                                                  eeprom.o
i2cStart                                          i2c.o
                                                  eeprom.o
i2cStop                                           i2c.o
                                                  eeprom.o
i2cWaitTransmit                                   i2c.o
i2cWrite                                          i2c.o
i2cWriteWithWait                                  i2c.o
                                                  eeprom.o
immediateIoInit                                   hw.o
                                                  main.o
initKeyProc                                       key.o
                                                  main.o
initPrioQueue                                     pre_emptive_os/pre_emptive_os.a(prioqueue.o)
                                                  pre_emptive_os/pre_emptive_os.a(event.o)
                                                  pre_emptive_os/pre_emptive_os.a(kernel.o)
initSpiForLcd                                     hw.o
                                                  lcd.o
initTimer_oshal                                   pre_emptive_os/pre_emptive_os.a(a7hal.o)
                                                  pre_emptive_os/pre_emptive_os.a(kernel.o)
initUart1                                         uart.o
isEmptyPrioQueue                                  pre_emptive_os/pre_emptive_os.a(prioqueue.o)
                                                  pre_emptive_os/pre_emptive_os.a(event.o)
isInActiveBlock                                   tetris.o
isrNesting                                        pre_emptive_os/pre_emptive_os.a(kernel.o)
                                                  pre_emptive_os/pre_emptive_os.a(event.o)
                                                  pre_emptive_os/pre_emptive_os.a(a7hal_a.o)
                                                  pre_emptive_os/pre_emptive_os.a(count_sem.o)
lcdClrscr                                         lcd.o
                                                  mainMenu.o
                                                  tetris.o
lcdColor                                          lcd.o
                                                  exampleGame.o
                                                  select.o
lcdContrast                                       lcd.o
lcdData                                           lcd.o
lcdGotoxy                                         lcd.o
                                                  exampleGame.o
                                                  select.o
lcdIcon                                           lcd.o
lcdInit                                           lcd.o
                                                  main.o
lcdOff                                            lcd.o
lcdPutchar                                        lcd.o
lcdPuts                                           lcd.o
                                                  mainMenu.o
                                                  exampleGame.o
                                                  select.o
lcdRect                                           lcd.o
                                                  mainMenu.o
                                                  tetris.o
                                                  exampleGame.o
                                                  select.o
lcdRectBrd                                        lcd.o
                                                  exampleGame.o
lcdWindow                                         lcd.o
lcdWrcmd                                          lcd.o
lcdWrdata                                         lcd.o
lm75Read                                          eeprom.o
lowLevelInit                                      startup/libea_startup_thumb.a(framework.o)
                                                  startup/libea_startup_thumb.a(startup.o)
main                                              main.o
                                                  startup/libea_startup_thumb.a(startup.o)
memcpy                                            /cygdrive/c/Embedded/GNUARM/bin/../lib/gcc/arm-elf/4.1.1/../../../../arm-elf/lib/interwork/libc.a(memcpy.o)
                                                  startup/libea_startup_thumb.a(consol.o)
                                                  hw.o
moveActiveBlock                                   tetris.o
ms                                                exampleGame.o
                                                  main.o
osCreateProcess                                   pre_emptive_os/pre_emptive_os.a(kernel.o)
                                                  pre_emptive_os/pre_emptive_os.a(timer.o)
                                                  key.o
                                                  main.o
osCreateTimer                                     pre_emptive_os/pre_emptive_os.a(timer.o)
osDeleteProcess                                   pre_emptive_os/pre_emptive_os.a(kernel.o)
                                                  main.o
osDeleteTimer                                     pre_emptive_os/pre_emptive_os.a(timer.o)
osGetHighPrioProc                                 pre_emptive_os/pre_emptive_os.a(kernel.o)
osISREnter                                        pre_emptive_os/pre_emptive_os.a(kernel.o)
osISRExit                                         pre_emptive_os/pre_emptive_os.a(kernel.o)
                                                  pre_emptive_os/pre_emptive_os.a(a7hal_a.o)
osInit                                            pre_emptive_os/pre_emptive_os.a(kernel.o)
                                                  main.o
osInitTimers                                      pre_emptive_os/pre_emptive_os.a(timer.o)
osLockNesting                                     pre_emptive_os/pre_emptive_os.a(kernel.o)
osPid                                             pre_emptive_os/pre_emptive_os.a(kernel.o)
osResume                                          pre_emptive_os/pre_emptive_os.a(kernel.o)
osSemGive                                         pre_emptive_os/pre_emptive_os.a(count_sem.o)
                                                  pre_emptive_os/pre_emptive_os.a(timer.o)
                                                  irq_code/irqUart.a(irqUart.o)
                                                  i2c.o
osSemInit                                         pre_emptive_os/pre_emptive_os.a(count_sem.o)
                                                  pre_emptive_os/pre_emptive_os.a(timer.o)
                                                  i2c.o
                                                  uart.o
osSemTake                                         pre_emptive_os/pre_emptive_os.a(count_sem.o)
                                                  pre_emptive_os/pre_emptive_os.a(timer.o)
                                                  i2c.o
                                                  uart.o
osSemTryTake                                      pre_emptive_os/pre_emptive_os.a(count_sem.o)
osSleep                                           pre_emptive_os/pre_emptive_os.a(kernel.o)
                                                  mainMenu.o
                                                  hw.o
                                                  exampleGame.o
                                                  select.o
                                                  key.o
                                                  lcd.o
                                                  main.o
osStackUsage                                      pre_emptive_os/pre_emptive_os.a(stack_usage.o)
osStart                                           pre_emptive_os/pre_emptive_os.a(kernel.o)
                                                  main.o
osStartProcess                                    pre_emptive_os/pre_emptive_os.a(kernel.o)
                                                  pre_emptive_os/pre_emptive_os.a(timer.o)
                                                  key.o
                                                  main.o
osSuspend                                         pre_emptive_os/pre_emptive_os.a(kernel.o)
osTick                                            pre_emptive_os/pre_emptive_os.a(kernel.o)
                                                  pre_emptive_os/pre_emptive_os.a(a7hal.o)
pHeapEnd                                          startup/libea_startup_thumb.a(framework.o)
pHeapStart                                        startup/libea_startup_thumb.a(framework.o)
pNxtToRun                                         pre_emptive_os/pre_emptive_os.a(kernel.o)
                                                  pre_emptive_os/pre_emptive_os.a(a7hal_a.o)
pRunProc                                          pre_emptive_os/pre_emptive_os.a(kernel.o)
                                                  pre_emptive_os/pre_emptive_os.a(event.o)
                                                  pre_emptive_os/pre_emptive_os.a(a7hal_a.o)
pca9532                                           eeprom.o
                                                  hw.o
playExample                                       exampleGame.o
playTetris                                        tetris.o
                                                  mainMenu.o
processControlBlocks                              pre_emptive_os/pre_emptive_os.a(event.o)
                                                  pre_emptive_os/pre_emptive_os.a(stack_usage.o)
                                                  pre_emptive_os/pre_emptive_os.a(kernel.o)
rand                                              /cygdrive/c/Embedded/GNUARM/bin/../lib/gcc/arm-elf/4.1.1/../../../../arm-elf/lib/interwork/libc.a(rand.o)
                                                  exampleGame.o
receiveSem                                        irq_code/irqUart.a(irqUart.o)
                                                  uart.o
releaseI2cLock                                    i2c.o
                                                  eeprom.o
resetBT                                           hw.o
resetLCD                                          hw.o
                                                  main.o
restoreIrq                                        irq_code/irqUart.a(irqUart.o)
                                                  uart.o
rmvFromPrioQueue                                  pre_emptive_os/pre_emptive_os.a(prioqueue.o)
                                                  pre_emptive_os/pre_emptive_os.a(event.o)
                                                  pre_emptive_os/pre_emptive_os.a(kernel.o)
rmvFromRdyList                                    pre_emptive_os/pre_emptive_os.a(kernel.o)
                                                  pre_emptive_os/pre_emptive_os.a(event.o)
rmvFromTimeList                                   pre_emptive_os/pre_emptive_os.a(kernel.o)
                                                  pre_emptive_os/pre_emptive_os.a(event.o)
rotateActiveBlock                                 tetris.o
sampleKey                                         key.o
schedule                                          pre_emptive_os/pre_emptive_os.a(kernel.o)
                                                  pre_emptive_os/pre_emptive_os.a(event.o)
                                                  pre_emptive_os/pre_emptive_os.a(count_sem.o)
selectLCD                                         hw.o
                                                  lcd.o
sendToLCD                                         hw.o
                                                  lcd.o
setBuzzer                                         hw.o
                                                  main.o
setLED                                            hw.o
                                                  main.o
simplePrintf                                      startup/libea_startup_thumb.a(consol.o)
                                                  main.o
srand                                             /cygdrive/c/Embedded/GNUARM/bin/../lib/gcc/arm-elf/4.1.1/../../../../arm-elf/lib/interwork/libc.a(rand.o)
                                                  exampleGame.o
startHighProc_oshal                               pre_emptive_os/pre_emptive_os.a(a7hal_a.o)
                                                  pre_emptive_os/pre_emptive_os.a(kernel.o)
stkFrameInit_oshal                                pre_emptive_os/pre_emptive_os.a(a7hal.o)
                                                  pre_emptive_os/pre_emptive_os.a(kernel.o)
strlen                                            /cygdrive/c/Embedded/GNUARM/bin/../lib/gcc/arm-elf/4.1.1/../../../../arm-elf/lib/interwork/libc.a(strlen.o)
                                                  startup/libea_startup_thumb.a(consol.o)
strtol                                            /cygdrive/c/Embedded/GNUARM/bin/../lib/gcc/arm-elf/4.1.1/../../../../arm-elf/lib/interwork/libc.a(strtol.o)
                                                  /cygdrive/c/Embedded/GNUARM/bin/../lib/gcc/arm-elf/4.1.1/../../../../arm-elf/lib/interwork/libc.a(atoi.o)
timerIsr_oshal                                    pre_emptive_os/pre_emptive_os.a(a7hal.o)
timerTick                                         pre_emptive_os/pre_emptive_os.a(timer.o)
                                                  pre_emptive_os/pre_emptive_os.a(kernel.o)
uart1GetCh                                        uart.o
uart1GetChSem                                     uart.o
uart1GetChar                                      uart.o
uart1ISR                                          irq_code/irqUart.a(irqUart.o)
                                                  uart.o
uart1RxBuf                                        irq_code/irqUart.a(irqUart.o)
                                                  uart.o
uart1RxHead                                       uart.o
                                                  irq_code/irqUart.a(irqUart.o)
uart1RxInBuff                                     uart.o
                                                  irq_code/irqUart.a(irqUart.o)
uart1RxTail                                       uart.o
                                                  irq_code/irqUart.a(irqUart.o)
uart1SendCh                                       uart.o
uart1SendChar                                     uart.o
uart1SendChars                                    uart.o
uart1SendString                                   uart.o
uart1TxBuf                                        irq_code/irqUart.a(irqUart.o)
                                                  uart.o
uart1TxHead                                       uart.o
                                                  irq_code/irqUart.a(irqUart.o)
uart1TxRunning                                    uart.o
                                                  irq_code/irqUart.a(irqUart.o)
uart1TxTail                                       uart.o
                                                  irq_code/irqUart.a(irqUart.o)
ver1_0                                            hw.o
                                                  main.o
ver1_1                                            hw.o
                                                  main.o
