Archive member included because of file (symbol)

startup/libea_startup_thumb.a(consol.o)
                              main.o (simplePrintf)
startup/libea_startup_thumb.a(framework.o)
                              main.o (eaInit)
startup/libea_startup_thumb.a(startup.o)
                              (_startup)
irq_code/irqUart.a(irqUart.o)
                              uart.o (disIrq)
pre_emptive_os/pre_emptive_os.a(kernel.o)
                              main.o (osInit)
pre_emptive_os/pre_emptive_os.a(prioqueue.o)
                              pre_emptive_os/pre_emptive_os.a(kernel.o) (initPrioQueue)
pre_emptive_os/pre_emptive_os.a(count_sem.o)
                              uart.o (osSemInit)
pre_emptive_os/pre_emptive_os.a(timer.o)
                              pre_emptive_os/pre_emptive_os.a(kernel.o) (timerTick)
pre_emptive_os/pre_emptive_os.a(stack_usage.o)
                              pre_emptive_os/pre_emptive_os.a(kernel.o) (createStackPattern)
pre_emptive_os/pre_emptive_os.a(a7hal.o)
                              pre_emptive_os/pre_emptive_os.a(kernel.o) (stkFrameInit_oshal)
pre_emptive_os/pre_emptive_os.a(a7hal_a.o)
                              pre_emptive_os/pre_emptive_os.a(kernel.o) (startHighProc_oshal)
pre_emptive_os/pre_emptive_os.a(event.o)
                              pre_emptive_os/pre_emptive_os.a(count_sem.o) (eventInit)
/cygdrive/c/Embedded/GNUARM/bin/../lib/gcc/arm-elf/4.1.1/interwork/libgcc.a(_udivsi3.o)
                              exampleGame.o (__udivsi3)
/cygdrive/c/Embedded/GNUARM/bin/../lib/gcc/arm-elf/4.1.1/interwork/libgcc.a(_divsi3.o)
                              pre_emptive_os/pre_emptive_os.a(stack_usage.o) (__divsi3)
/cygdrive/c/Embedded/GNUARM/bin/../lib/gcc/arm-elf/4.1.1/interwork/libgcc.a(_umodsi3.o)
                              exampleGame.o (__umodsi3)
/cygdrive/c/Embedded/GNUARM/bin/../lib/gcc/arm-elf/4.1.1/interwork/libgcc.a(_modsi3.o)
                              exampleGame.o (__modsi3)
/cygdrive/c/Embedded/GNUARM/bin/../lib/gcc/arm-elf/4.1.1/interwork/libgcc.a(_dvmd_tls.o)
                              /cygdrive/c/Embedded/GNUARM/bin/../lib/gcc/arm-elf/4.1.1/interwork/libgcc.a(_udivsi3.o) (__div0)
/cygdrive/c/Embedded/GNUARM/bin/../lib/gcc/arm-elf/4.1.1/interwork/libgcc.a(_call_via_rX.o)
                              pre_emptive_os/pre_emptive_os.a(timer.o) (_call_via_r4)
/cygdrive/c/Embedded/GNUARM/bin/../lib/gcc/arm-elf/4.1.1/../../../../arm-elf/lib/interwork/libc.a(atoi.o)
                              startup/libea_startup_thumb.a(consol.o) (atoi)
/cygdrive/c/Embedded/GNUARM/bin/../lib/gcc/arm-elf/4.1.1/../../../../arm-elf/lib/interwork/libc.a(memcpy.o)
                              hw.o (memcpy)
/cygdrive/c/Embedded/GNUARM/bin/../lib/gcc/arm-elf/4.1.1/../../../../arm-elf/lib/interwork/libc.a(rand.o)
                              exampleGame.o (srand)
/cygdrive/c/Embedded/GNUARM/bin/../lib/gcc/arm-elf/4.1.1/../../../../arm-elf/lib/interwork/libc.a(strlen.o)
                              startup/libea_startup_thumb.a(consol.o) (strlen)
/cygdrive/c/Embedded/GNUARM/bin/../lib/gcc/arm-elf/4.1.1/../../../../arm-elf/lib/interwork/libc.a(strtol.o)
                              /cygdrive/c/Embedded/GNUARM/bin/../lib/gcc/arm-elf/4.1.1/../../../../arm-elf/lib/interwork/libc.a(atoi.o) (_strtol_r)
/cygdrive/c/Embedded/GNUARM/bin/../lib/gcc/arm-elf/4.1.1/../../../../arm-elf/lib/interwork/libc.a(ctype_.o)
                              /cygdrive/c/Embedded/GNUARM/bin/../lib/gcc/arm-elf/4.1.1/../../../../arm-elf/lib/interwork/libc.a(strtol.o) (__ctype_ptr)
/cygdrive/c/Embedded/GNUARM/bin/../lib/gcc/arm-elf/4.1.1/../../../../arm-elf/lib/interwork/libc.a(impure.o)
                              /cygdrive/c/Embedded/GNUARM/bin/../lib/gcc/arm-elf/4.1.1/../../../../arm-elf/lib/interwork/libc.a(rand.o) (_impure_ptr)

Allocating common symbols
Common symbol       size              file

uart1RxBuf          0x400             uart.o
board               0xd8              tetris.o
receiveSem          0x1c              uart.o
ms                  0x4               main.o
ver1_1              0x1               hw.o
pHeapEnd            0x4               startup/libea_startup_thumb.a(framework.o)
pHeapStart          0x4               startup/libea_startup_thumb.a(framework.o)
activeBlock         0x8               tetris.o
uart1TxBuf          0x100             uart.o
ver1_0              0x1               hw.o
processControlBlocks
                    0xc8              pre_emptive_os/pre_emptive_os.a(kernel.o)

Discarded input sections

 .stabstr       0x00000000        0x0 startup/libea_startup_thumb.a(startup.o)
 .stabstr       0x00000000        0x0 pre_emptive_os/pre_emptive_os.a(a7hal_a.o)

Memory Configuration

Name             Origin             Length             Attributes
FLASH            0x00000000         0x00020000         xr
RAM              0x40000000         0x00004000         rw
*default*        0x00000000         0xffffffff

Linker script and memory map

LOAD main.o
LOAD lcd.o
LOAD key.o
LOAD select.o
LOAD uart.o
LOAD exampleGame.o
LOAD eeprom.o
LOAD i2c.o
LOAD tetris.o
LOAD hw.o
LOAD mainMenu.o
LOAD startup/libea_startup_thumb.a
LOAD irq_code/irqUart.a
LOAD gcc_files/libm.a
LOAD pre_emptive_os/pre_emptive_os.a
START GROUP
LOAD /cygdrive/c/Embedded/GNUARM/bin/../lib/gcc/arm-elf/4.1.1/interwork/libgcc.a
LOAD /cygdrive/c/Embedded/GNUARM/bin/../lib/gcc/arm-elf/4.1.1/../../../../arm-elf/lib/interwork/libc.a
END GROUP

.text           0x00000000     0x4680
 *startup.o(.text)
 .text          0x00000000      0x1d8 startup/libea_startup_thumb.a(startup.o)
                0x00000000                _startup
 *(.text)
 .text          0x000001d8      0x194 main.o
                0x000001d8                appTick
                0x000001e8                main
 .text          0x0000036c      0x570 lcd.o
                0x0000036c                lcdColor
                0x00000538                lcdWindow
                0x00000778                lcdClrscr
                0x00000640                lcdRectBrd
                0x000004bc                lcdPutchar
                0x00000754                lcdContrast
                0x000007cc                lcdOff
                0x000007e8                lcdInit
                0x00000590                lcdIcon
                0x000003f4                lcdData
                0x00000380                lcdWrdata
                0x000006f0                lcdRect
                0x00000390                lcdWrcmd
                0x00000520                lcdPuts
                0x00000568                lcdGotoxy
 .text          0x000008dc      0x1e0 key.o
                0x000008ec                checkKey2
                0x00000938                sampleKey
                0x000008f8                initKeyProc
                0x000008dc                checkKey
 .text          0x00000abc      0x160 select.o
                0x00000b2c                drawMenu
 .text          0x00000c1c      0x280 uart.o
                0x00000ccc                uart1SendChar
                0x00000d50                uart1SendChars
                0x00000d94                uart1SendString
                0x00000d78                uart1SendCh
                0x00000dac                initUart1
                0x00000c84                uart1GetChSem
                0x00000c1c                uart1GetChar
                0x00000cb0                uart1GetCh
 .text          0x00000e9c      0x53c exampleGame.o
                0x0000126c                playExample
 .text          0x000013d8      0x378 eeprom.o
                0x0000156c                lm75Read
                0x00001478                pca9532
                0x000015ec                eepromWrite
                0x000016f8                eepromPoll
                0x00001678                eepromPageRead
                0x000013d8                eepromStartRead
 .text          0x00001750      0x3e0 i2c.o
                0x00001914                i2cInit
                0x00001988                getI2cLock
                0x000019f0                i2cRead
                0x0000188c                i2cWriteWithWait
                0x00001768                i2cStart
                0x000017b4                i2cStop
                0x00001750                i2cCheckStatus
                0x00001808                i2cGetChar
                0x000019a4                i2cRepeatStart
                0x00001a90                i2cWrite
                0x00001860                i2cWaitTransmit
                0x000018bc                i2cMyWrite
                0x000017dc                i2cPutChar
                0x00001970                releaseI2cLock
 .text          0x00001b30      0x390 tetris.o
                0x00001b60                detectCollisionLeft
                0x00001d54                checkGameConditions
                0x00001bfc                detectCollisionDown
                0x00001da0                applyJoystickMovement
                0x00001dd8                drawBoard
                0x00001e34                playTetris
                0x00001b30                isInActiveBlock
                0x00001bb0                detectCollisionRight
                0x00001d50                rotateActiveBlock
                0x00001c48                delayMS
                0x00001cc0                moveActiveBlock
 .text          0x00001ec0      0x44c hw.o
                0x00001f24                sendToLCD
                0x00002164                resetBT
                0x00001ec0                setBuzzer
                0x00001fa0                initSpiForLcd
                0x00002250                immediateIoInit
                0x000021e0                resetLCD
                0x000020a8                setLED
                0x00001ff8                getKeys
                0x00001ee4                selectLCD
 .text          0x0000230c      0x10c mainMenu.o
                0x0000230c                drawMainMenu
 .text          0x00002418      0x680 startup/libea_startup_thumb.a(consol.o)
                0x000028d4                consolGetIntNum
                0x00002510                consolSendCh
                0x000026dc                consolGetString
                0x00002580                consolSendNumber
                0x00002698                consolGetCh
                0x000024f0                consolSendChar
                0x00002754                simplePrintf
                0x00002554                consolSendString
                0x000029b4                consolScanf
                0x000026b8                consolGetChar
                0x0000249c                consolInit
 .text          0x00002a98      0x2bc startup/libea_startup_thumb.a(framework.o)
                0x00002bc0                eaInit
                0x00002b10                lowLevelInit
                0x00002a98                exceptionHandlerInit
 .text          0x00002d54      0x2bc irq_code/irqUart.a(irqUart.o)
                0x00002d7c                uart1ISR
                0x00002d74                restoreIrq
                0x00002d54                disIrq
 .text          0x00003010      0x4f8 pre_emptive_os/pre_emptive_os.a(kernel.o)
                0x0000338c                osTick
                0x00003450                rmvFromRdyList
                0x000031ac                osGetHighPrioProc
                0x0000346c                osSuspend
                0x000030c0                osInit
                0x000034a0                osDeleteProcess
                0x000030ec                osISREnter
                0x000031c8                schedule
                0x00003110                osCreateProcess
                0x0000330c                addToRdyList
                0x0000305c                addToTimeList
                0x00003320                osResume
                0x00003010                osPid
                0x000034d0                osSleep
                0x00003234                osISRExit
                0x0000329c                osStart
                0x000032c8                rmvFromTimeList
                0x000033e8                osStartProcess
 .text          0x00003508      0x124 pre_emptive_os/pre_emptive_os.a(prioqueue.o)
                0x00003508                initPrioQueue
                0x00003570                rmvFromPrioQueue
                0x00003528                addToPrioQueue
                0x0000360c                isEmptyPrioQueue
                0x000035d4                getHighPrioQueue
 .text          0x0000362c      0x144 pre_emptive_os/pre_emptive_os.a(count_sem.o)
                0x000036cc                osSemGive
                0x00003730                osSemTryTake
                0x0000362c                osSemInit
                0x00003640                osSemTake
 .text          0x00003770      0x218 pre_emptive_os/pre_emptive_os.a(timer.o)
                0x00003770                timerTick
                0x000038e4                osInitTimers
                0x00003880                osDeleteTimer
                0x00003854                osCreateTimer
 .text          0x00003988       0xa4 pre_emptive_os/pre_emptive_os.a(stack_usage.o)
                0x00003988                osStackUsage
                0x000039cc                createStackPattern
                0x000039ec                checkStackLimit
 .text          0x00003a2c      0x1ec pre_emptive_os/pre_emptive_os.a(a7hal.o)
                0x00003a64                stkFrameInit_oshal
                0x00003a2c                timerIsr_oshal
                0x00003b44                halRestoreInterrupts_oshal
                0x00003b4c                initTimer_oshal
                0x00003b34                halEnableInterrupts_oshal
                0x00003be4                handleIRQs_oshal
                0x00003b14                halDisableInterrupts_oshal
 .text          0x00003c18       0xc4 pre_emptive_os/pre_emptive_os.a(a7hal_a.o)
                0x00003c24                startHighProc_oshal
                0x00003c4c                ctxSwitchIsr_oshal
                0x00003c2c                ctxSwitch_oshal
                0x00003c6c                generalIRQ_oshal
 .text          0x00003cdc       0xd8 pre_emptive_os/pre_emptive_os.a(event.o)
                0x00003cec                eventWait
                0x00003cdc                eventInit
                0x00003d54                eventIsEmpty
                0x00003d24                eventWaitReturn
                0x00003d64                eventSignal
 .text          0x00003db4      0x114 /cygdrive/c/Embedded/GNUARM/bin/../lib/gcc/arm-elf/4.1.1/interwork/libgcc.a(_udivsi3.o)
                0x00003db4                __udivsi3
                0x00003db4                __aeabi_uidiv
                0x00003eb0                __aeabi_uidivmod
 .text          0x00003ec8      0x144 /cygdrive/c/Embedded/GNUARM/bin/../lib/gcc/arm-elf/4.1.1/interwork/libgcc.a(_divsi3.o)
                0x00003ec8                __aeabi_idiv
                0x00003ec8                __divsi3
                0x00003ff4                __aeabi_idivmod
 .text          0x0000400c       0xd0 /cygdrive/c/Embedded/GNUARM/bin/../lib/gcc/arm-elf/4.1.1/interwork/libgcc.a(_umodsi3.o)
                0x0000400c                __umodsi3
 .text          0x000040dc       0xe8 /cygdrive/c/Embedded/GNUARM/bin/../lib/gcc/arm-elf/4.1.1/interwork/libgcc.a(_modsi3.o)
                0x000040dc                __modsi3
 .text          0x000041c4        0x4 /cygdrive/c/Embedded/GNUARM/bin/../lib/gcc/arm-elf/4.1.1/interwork/libgcc.a(_dvmd_tls.o)
                0x000041c4                __aeabi_ldiv0
                0x000041c4                __div0
                0x000041c4                __aeabi_idiv0
 .text          0x000041c8       0x3c /cygdrive/c/Embedded/GNUARM/bin/../lib/gcc/arm-elf/4.1.1/interwork/libgcc.a(_call_via_rX.o)
                0x000041d0                _call_via_r2
                0x000041e0                _call_via_r6
                0x000041dc                _call_via_r5
                0x000041d4                _call_via_r3
                0x000041f4                _call_via_fp
                0x000041e8                _call_via_r8
                0x000041e4                _call_via_r7
                0x000041c8                _call_via_r0
                0x000041f0                _call_via_sl
                0x000041fc                _call_via_sp
                0x000041ec                _call_via_r9
                0x000041d8                _call_via_r4
                0x000041cc                _call_via_r1
                0x000041f8                _call_via_ip
                0x00004200                _call_via_lr
 .text          0x00004204       0x30 /cygdrive/c/Embedded/GNUARM/bin/../lib/gcc/arm-elf/4.1.1/../../../../arm-elf/lib/interwork/libc.a(atoi.o)
                0x00004204                _atoi_r
                0x0000421c                atoi
 .text          0x00004234       0x9c /cygdrive/c/Embedded/GNUARM/bin/../lib/gcc/arm-elf/4.1.1/../../../../arm-elf/lib/interwork/libc.a(memcpy.o)
                0x00004234                memcpy
 .text          0x000042d0       0x7c /cygdrive/c/Embedded/GNUARM/bin/../lib/gcc/arm-elf/4.1.1/../../../../arm-elf/lib/interwork/libc.a(rand.o)
                0x000042ec                rand
                0x000042d0                srand
 .text          0x0000434c       0x90 /cygdrive/c/Embedded/GNUARM/bin/../lib/gcc/arm-elf/4.1.1/../../../../arm-elf/lib/interwork/libc.a(strlen.o)
                0x0000434c                strlen
 .text          0x000043dc      0x1f0 /cygdrive/c/Embedded/GNUARM/bin/../lib/gcc/arm-elf/4.1.1/../../../../arm-elf/lib/interwork/libc.a(strtol.o)
                0x000045a0                strtol
                0x000043dc                _strtol_r
 .text          0x000045cc        0x0 /cygdrive/c/Embedded/GNUARM/bin/../lib/gcc/arm-elf/4.1.1/../../../../arm-elf/lib/interwork/libc.a(ctype_.o)
 .text          0x000045cc        0x0 /cygdrive/c/Embedded/GNUARM/bin/../lib/gcc/arm-elf/4.1.1/../../../../arm-elf/lib/interwork/libc.a(impure.o)
 *(.glue_7)
 .glue_7        0x000045cc        0x0 main.o
 .glue_7        0x000045cc        0x0 lcd.o
 .glue_7        0x000045cc        0x0 key.o
 .glue_7        0x000045cc        0x0 select.o
 .glue_7        0x000045cc        0x0 uart.o
 .glue_7        0x000045cc        0x0 exampleGame.o
 .glue_7        0x000045cc        0x0 eeprom.o
 .glue_7        0x000045cc        0x0 i2c.o
 .glue_7        0x000045cc        0x0 tetris.o
 .glue_7        0x000045cc        0x0 hw.o
 .glue_7        0x000045cc        0x0 mainMenu.o
 .glue_7        0x000045cc        0x0 startup/libea_startup_thumb.a(consol.o)
 .glue_7        0x000045cc        0x0 startup/libea_startup_thumb.a(framework.o)
 .glue_7        0x000045cc        0x0 startup/libea_startup_thumb.a(startup.o)
 .glue_7        0x000045cc        0x0 irq_code/irqUart.a(irqUart.o)
 .glue_7        0x000045cc        0x0 pre_emptive_os/pre_emptive_os.a(kernel.o)
 .glue_7        0x000045cc        0x0 pre_emptive_os/pre_emptive_os.a(prioqueue.o)
 .glue_7        0x000045cc        0x0 pre_emptive_os/pre_emptive_os.a(count_sem.o)
 .glue_7        0x000045cc        0x0 pre_emptive_os/pre_emptive_os.a(timer.o)
 .glue_7        0x000045cc        0x0 pre_emptive_os/pre_emptive_os.a(stack_usage.o)
 .glue_7        0x000045cc        0x0 pre_emptive_os/pre_emptive_os.a(a7hal.o)
 .glue_7        0x000045cc        0x0 pre_emptive_os/pre_emptive_os.a(a7hal_a.o)
 .glue_7        0x000045cc        0x0 pre_emptive_os/pre_emptive_os.a(event.o)
 .glue_7        0x000045cc        0x0 /cygdrive/c/Embedded/GNUARM/bin/../lib/gcc/arm-elf/4.1.1/interwork/libgcc.a(_udivsi3.o)
 .glue_7        0x000045cc        0x0 /cygdrive/c/Embedded/GNUARM/bin/../lib/gcc/arm-elf/4.1.1/interwork/libgcc.a(_divsi3.o)
 .glue_7        0x000045cc        0x0 /cygdrive/c/Embedded/GNUARM/bin/../lib/gcc/arm-elf/4.1.1/interwork/libgcc.a(_umodsi3.o)
 .glue_7        0x000045cc        0x0 /cygdrive/c/Embedded/GNUARM/bin/../lib/gcc/arm-elf/4.1.1/interwork/libgcc.a(_modsi3.o)
 .glue_7        0x000045cc        0x0 /cygdrive/c/Embedded/GNUARM/bin/../lib/gcc/arm-elf/4.1.1/interwork/libgcc.a(_dvmd_tls.o)
 .glue_7        0x000045cc        0x0 /cygdrive/c/Embedded/GNUARM/bin/../lib/gcc/arm-elf/4.1.1/interwork/libgcc.a(_call_via_rX.o)
 .glue_7        0x000045cc        0x0 /cygdrive/c/Embedded/GNUARM/bin/../lib/gcc/arm-elf/4.1.1/../../../../arm-elf/lib/interwork/libc.a(atoi.o)
 .glue_7        0x000045cc        0x0 /cygdrive/c/Embedded/GNUARM/bin/../lib/gcc/arm-elf/4.1.1/../../../../arm-elf/lib/interwork/libc.a(memcpy.o)
 .glue_7        0x000045cc        0x0 /cygdrive/c/Embedded/GNUARM/bin/../lib/gcc/arm-elf/4.1.1/../../../../arm-elf/lib/interwork/libc.a(rand.o)
 .glue_7        0x000045cc        0x0 /cygdrive/c/Embedded/GNUARM/bin/../lib/gcc/arm-elf/4.1.1/../../../../arm-elf/lib/interwork/libc.a(strlen.o)
 .glue_7        0x000045cc        0x0 /cygdrive/c/Embedded/GNUARM/bin/../lib/gcc/arm-elf/4.1.1/../../../../arm-elf/lib/interwork/libc.a(strtol.o)
 .glue_7        0x000045cc        0x0 /cygdrive/c/Embedded/GNUARM/bin/../lib/gcc/arm-elf/4.1.1/../../../../arm-elf/lib/interwork/libc.a(ctype_.o)
 .glue_7        0x000045cc       0x24 /cygdrive/c/Embedded/GNUARM/bin/../lib/gcc/arm-elf/4.1.1/../../../../arm-elf/lib/interwork/libc.a(impure.o)
                0x000045e4                __osISRExit_from_arm
                0x000045d8                __osTick_from_arm
                0x000045cc                __osSemGive_from_arm
 *(.glue_7t)
 .glue_7t       0x000045f0        0x0 main.o
 .glue_7t       0x000045f0        0x0 lcd.o
 .glue_7t       0x000045f0        0x0 key.o
 .glue_7t       0x000045f0        0x0 select.o
 .glue_7t       0x000045f0        0x0 uart.o
 .glue_7t       0x000045f0        0x0 exampleGame.o
 .glue_7t       0x000045f0        0x0 eeprom.o
 .glue_7t       0x000045f0        0x0 i2c.o
 .glue_7t       0x000045f0        0x0 tetris.o
 .glue_7t       0x000045f0        0x0 hw.o
 .glue_7t       0x000045f0        0x0 mainMenu.o
 .glue_7t       0x000045f0        0x0 startup/libea_startup_thumb.a(consol.o)
 .glue_7t       0x000045f0        0x0 startup/libea_startup_thumb.a(framework.o)
 .glue_7t       0x000045f0        0x0 startup/libea_startup_thumb.a(startup.o)
 .glue_7t       0x000045f0        0x0 irq_code/irqUart.a(irqUart.o)
 .glue_7t       0x000045f0        0x0 pre_emptive_os/pre_emptive_os.a(kernel.o)
 .glue_7t       0x000045f0        0x0 pre_emptive_os/pre_emptive_os.a(prioqueue.o)
 .glue_7t       0x000045f0        0x0 pre_emptive_os/pre_emptive_os.a(count_sem.o)
 .glue_7t       0x000045f0        0x0 pre_emptive_os/pre_emptive_os.a(timer.o)
 .glue_7t       0x000045f0        0x0 pre_emptive_os/pre_emptive_os.a(stack_usage.o)
 .glue_7t       0x000045f0        0x0 pre_emptive_os/pre_emptive_os.a(a7hal.o)
 .glue_7t       0x000045f0        0x0 pre_emptive_os/pre_emptive_os.a(a7hal_a.o)
 .glue_7t       0x000045f0        0x0 pre_emptive_os/pre_emptive_os.a(event.o)
 .glue_7t       0x000045f0        0x0 /cygdrive/c/Embedded/GNUARM/bin/../lib/gcc/arm-elf/4.1.1/interwork/libgcc.a(_udivsi3.o)
 .glue_7t       0x000045f0        0x0 /cygdrive/c/Embedded/GNUARM/bin/../lib/gcc/arm-elf/4.1.1/interwork/libgcc.a(_divsi3.o)
 .glue_7t       0x000045f0        0x0 /cygdrive/c/Embedded/GNUARM/bin/../lib/gcc/arm-elf/4.1.1/interwork/libgcc.a(_umodsi3.o)
 .glue_7t       0x000045f0        0x0 /cygdrive/c/Embedded/GNUARM/bin/../lib/gcc/arm-elf/4.1.1/interwork/libgcc.a(_modsi3.o)
 .glue_7t       0x000045f0        0x0 /cygdrive/c/Embedded/GNUARM/bin/../lib/gcc/arm-elf/4.1.1/interwork/libgcc.a(_dvmd_tls.o)
 .glue_7t       0x000045f0        0x0 /cygdrive/c/Embedded/GNUARM/bin/../lib/gcc/arm-elf/4.1.1/interwork/libgcc.a(_call_via_rX.o)
 .glue_7t       0x000045f0        0x0 /cygdrive/c/Embedded/GNUARM/bin/../lib/gcc/arm-elf/4.1.1/../../../../arm-elf/lib/interwork/libc.a(atoi.o)
 .glue_7t       0x000045f0        0x0 /cygdrive/c/Embedded/GNUARM/bin/../lib/gcc/arm-elf/4.1.1/../../../../arm-elf/lib/interwork/libc.a(memcpy.o)
 .glue_7t       0x000045f0        0x0 /cygdrive/c/Embedded/GNUARM/bin/../lib/gcc/arm-elf/4.1.1/../../../../arm-elf/lib/interwork/libc.a(rand.o)
 .glue_7t       0x000045f0        0x0 /cygdrive/c/Embedded/GNUARM/bin/../lib/gcc/arm-elf/4.1.1/../../../../arm-elf/lib/interwork/libc.a(strlen.o)
 .glue_7t       0x000045f0        0x0 /cygdrive/c/Embedded/GNUARM/bin/../lib/gcc/arm-elf/4.1.1/../../../../arm-elf/lib/interwork/libc.a(strtol.o)
 .glue_7t       0x000045f0        0x0 /cygdrive/c/Embedded/GNUARM/bin/../lib/gcc/arm-elf/4.1.1/../../../../arm-elf/lib/interwork/libc.a(ctype_.o)
 .glue_7t       0x000045f0       0x90 /cygdrive/c/Embedded/GNUARM/bin/../lib/gcc/arm-elf/4.1.1/../../../../arm-elf/lib/interwork/libc.a(impure.o)
                0x0000461c                ____modsi3_change_to_arm
                0x00004648                __halRestoreInterrupts_oshal_from_thumb
                0x0000460c                __restoreIrq_change_to_arm
                0x00004638                __memcpy_from_thumb
                0x00004658                __ctxSwitch_oshal_from_thumb
                0x00004654                __stkFrameInit_oshal_change_to_arm
                0x00004630                __srand_from_thumb
                0x0000466c                __initTimer_oshal_change_to_arm
                0x00004670                __startHighProc_oshal_from_thumb
                0x0000462c                ____umodsi3_change_to_arm
                0x00004618                ____modsi3_from_thumb
                0x00004624                ____udivsi3_change_to_arm
                0x00004674                __startHighProc_oshal_change_to_arm
                0x00004660                __ctxSwitchIsr_oshal_from_thumb
                0x00004604                __disIrq_change_to_arm
                0x00004600                __disIrq_from_thumb
                0x0000464c                __halRestoreInterrupts_oshal_change_to_arm
                0x000045fc                __simplePrintf_change_to_arm
                0x00004634                __srand_change_to_arm
                0x00004628                ____umodsi3_from_thumb
                0x00004678                ____divsi3_from_thumb
                0x0000465c                __ctxSwitch_oshal_change_to_arm
                0x00004650                __stkFrameInit_oshal_from_thumb
                0x00004620                ____udivsi3_from_thumb
                0x000045f0                __eaInit_from_thumb
                0x000045f8                __simplePrintf_from_thumb
                0x00004668                __initTimer_oshal_from_thumb
                0x000045f4                __eaInit_change_to_arm
                0x00004664                __ctxSwitchIsr_oshal_change_to_arm
                0x00004610                __rand_from_thumb
                0x00004644                __halDisableInterrupts_oshal_change_to_arm
                0x00004640                __halDisableInterrupts_oshal_from_thumb
                0x00004608                __restoreIrq_from_thumb
                0x0000463c                __memcpy_change_to_arm
                0x0000467c                ____divsi3_change_to_arm
                0x00004614                __rand_change_to_arm
                0x00004680                . = ALIGN (0x4)

.rodata         0x00004680      0xb08
 *(.rodata)
 .rodata        0x00004680      0x55c lcd.o
                0x00004680                charMap
 .rodata        0x00004bdc       0x4c exampleGame.o
 .rodata        0x00004c28       0x11 hw.o
 *fill*         0x00004c39        0x3 00
 .rodata        0x00004c3c       0x10 startup/libea_startup_thumb.a(consol.o)
 .rodata        0x00004c4c      0x101 /cygdrive/c/Embedded/GNUARM/bin/../lib/gcc/arm-elf/4.1.1/../../../../arm-elf/lib/interwork/libc.a(ctype_.o)
                0x00004c4c                _ctype_
 *fill*         0x00004d4d        0x3 00
 .rodata        0x00004d50        0x4 /cygdrive/c/Embedded/GNUARM/bin/../lib/gcc/arm-elf/4.1.1/../../../../arm-elf/lib/interwork/libc.a(impure.o)
                0x00004d50                _global_impure_ptr
 *(.rodata*)
 .rodata.str1.4
                0x00004d54      0x294 main.o
 .rodata.str1.4
                0x00004fe8       0x45 exampleGame.o
                                 0x48 (size before relaxing)
 *fill*         0x0000502d        0x3 00
 .rodata.str1.4
                0x00005030       0x61 mainMenu.o
                                 0x64 (size before relaxing)
 *fill*         0x00005091        0x3 00
 .rodata.str1.4
                0x00005094       0x18 startup/libea_startup_thumb.a(consol.o)
 .rodata.str1.4
                0x000050ac       0xd8 startup/libea_startup_thumb.a(framework.o)
 .rodata.str1.4
                0x00005184        0x4 /cygdrive/c/Embedded/GNUARM/bin/../lib/gcc/arm-elf/4.1.1/../../../../arm-elf/lib/interwork/libc.a(impure.o)
                0x00005188                . = ALIGN (0x4)
                0x00005188                _etext = .
                0x00005188                PROVIDE (etext, .)

.data           0x40000080      0x540 load address 0x00005188
                0x40000080                _data = .
 *(.data)
 .data          0x40000080        0x0 main.o
 .data          0x40000080        0x0 lcd.o
 .data          0x40000080        0x5 key.o
 .data          0x40000085        0x0 select.o
 .data          0x40000085        0x0 uart.o
 .data          0x40000085      0x130 exampleGame.o
                0x40000085                figures
 .data          0x400001b5        0x0 eeprom.o
 .data          0x400001b5        0x0 i2c.o
 .data          0x400001b5        0x0 tetris.o
 .data          0x400001b5        0x0 hw.o
 .data          0x400001b5        0x0 mainMenu.o
 .data          0x400001b5        0x0 startup/libea_startup_thumb.a(consol.o)
 .data          0x400001b5        0x0 startup/libea_startup_thumb.a(framework.o)
 .data          0x400001b5        0x0 startup/libea_startup_thumb.a(startup.o)
 .data          0x400001b5        0x0 irq_code/irqUart.a(irqUart.o)
 .data          0x400001b5        0x0 pre_emptive_os/pre_emptive_os.a(kernel.o)
 .data          0x400001b5        0x0 pre_emptive_os/pre_emptive_os.a(prioqueue.o)
 .data          0x400001b5        0x0 pre_emptive_os/pre_emptive_os.a(count_sem.o)
 .data          0x400001b5        0x0 pre_emptive_os/pre_emptive_os.a(timer.o)
 .data          0x400001b5        0x0 pre_emptive_os/pre_emptive_os.a(stack_usage.o)
 .data          0x400001b5        0x0 pre_emptive_os/pre_emptive_os.a(a7hal.o)
 .data          0x400001b5        0x0 pre_emptive_os/pre_emptive_os.a(a7hal_a.o)
 .data          0x400001b5        0x0 pre_emptive_os/pre_emptive_os.a(event.o)
 .data          0x400001b5        0x0 /cygdrive/c/Embedded/GNUARM/bin/../lib/gcc/arm-elf/4.1.1/interwork/libgcc.a(_udivsi3.o)
 .data          0x400001b5        0x0 /cygdrive/c/Embedded/GNUARM/bin/../lib/gcc/arm-elf/4.1.1/interwork/libgcc.a(_divsi3.o)
 .data          0x400001b5        0x0 /cygdrive/c/Embedded/GNUARM/bin/../lib/gcc/arm-elf/4.1.1/interwork/libgcc.a(_umodsi3.o)
 .data          0x400001b5        0x0 /cygdrive/c/Embedded/GNUARM/bin/../lib/gcc/arm-elf/4.1.1/interwork/libgcc.a(_modsi3.o)
 .data          0x400001b5        0x0 /cygdrive/c/Embedded/GNUARM/bin/../lib/gcc/arm-elf/4.1.1/interwork/libgcc.a(_dvmd_tls.o)
 .data          0x400001b5        0x0 /cygdrive/c/Embedded/GNUARM/bin/../lib/gcc/arm-elf/4.1.1/interwork/libgcc.a(_call_via_rX.o)
 .data          0x400001b5        0x0 /cygdrive/c/Embedded/GNUARM/bin/../lib/gcc/arm-elf/4.1.1/../../../../arm-elf/lib/interwork/libc.a(atoi.o)
 .data          0x400001b5        0x0 /cygdrive/c/Embedded/GNUARM/bin/../lib/gcc/arm-elf/4.1.1/../../../../arm-elf/lib/interwork/libc.a(memcpy.o)
 .data          0x400001b5        0x0 /cygdrive/c/Embedded/GNUARM/bin/../lib/gcc/arm-elf/4.1.1/../../../../arm-elf/lib/interwork/libc.a(rand.o)
 .data          0x400001b5        0x0 /cygdrive/c/Embedded/GNUARM/bin/../lib/gcc/arm-elf/4.1.1/../../../../arm-elf/lib/interwork/libc.a(strlen.o)
 .data          0x400001b5        0x0 /cygdrive/c/Embedded/GNUARM/bin/../lib/gcc/arm-elf/4.1.1/../../../../arm-elf/lib/interwork/libc.a(strtol.o)
 *fill*         0x400001b5        0x3 00
 .data          0x400001b8        0x4 /cygdrive/c/Embedded/GNUARM/bin/../lib/gcc/arm-elf/4.1.1/../../../../arm-elf/lib/interwork/libc.a(ctype_.o)
                0x400001b8                __ctype_ptr
 .data          0x400001bc      0x404 /cygdrive/c/Embedded/GNUARM/bin/../lib/gcc/arm-elf/4.1.1/../../../../arm-elf/lib/interwork/libc.a(impure.o)
                0x400001bc                _impure_ptr
                0x400005c0                . = ALIGN (0x4)
                0x400005c0                _edata = .
                0x400005c0                PROVIDE (edata, .)

.bss            0x400005c0     0x1400
                0x400005c0                _bss = .
                0x400005c0                __bss_start = .
                0x400005c0                __bss_start__ = .
 *(.bss)
 .bss           0x400005c0      0x579 main.o
 .bss           0x40000b39        0x5 lcd.o
 .bss           0x40000b3e      0x134 key.o
 *fill*         0x40000c72        0x2 00
 .bss           0x40000c74       0x34 select.o
 .bss           0x40000ca8       0x18 uart.o
                0x40000cb0                uart1TxRunning
                0x40000ca8                uart1TxHead
                0x40000cac                uart1TxTail
                0x40000cb4                uart1RxHead
                0x40000cbc                uart1RxInBuff
                0x40000cb8                uart1RxTail
 .bss           0x40000cc0      0x298 exampleGame.o
 .bss           0x40000f58        0x0 eeprom.o
 .bss           0x40000f58       0x1c i2c.o
 .bss           0x40000f74        0x0 tetris.o
 .bss           0x40000f74        0x2 hw.o
 .bss           0x40000f76        0x0 mainMenu.o
 .bss           0x40000f76        0x0 startup/libea_startup_thumb.a(consol.o)
 .bss           0x40000f76        0x0 startup/libea_startup_thumb.a(framework.o)
 .bss           0x40000f76        0x0 startup/libea_startup_thumb.a(startup.o)
 .bss           0x40000f76        0x0 irq_code/irqUart.a(irqUart.o)
 *fill*         0x40000f76        0x2 00
 .bss           0x40000f78       0x2c pre_emptive_os/pre_emptive_os.a(kernel.o)
                0x40000f78                osLockNesting
                0x40000f7c                pNxtToRun
                0x40000f80                pRunProc
                0x40000f79                isrNesting
 .bss           0x40000fa4        0x0 pre_emptive_os/pre_emptive_os.a(prioqueue.o)
 .bss           0x40000fa4        0x0 pre_emptive_os/pre_emptive_os.a(count_sem.o)
 .bss           0x40000fa4      0x348 pre_emptive_os/pre_emptive_os.a(timer.o)
 .bss           0x400012ec        0x0 pre_emptive_os/pre_emptive_os.a(stack_usage.o)
 .bss           0x400012ec        0x0 pre_emptive_os/pre_emptive_os.a(a7hal.o)
 .bss           0x400012ec        0x0 pre_emptive_os/pre_emptive_os.a(a7hal_a.o)
 .bss           0x400012ec        0x0 pre_emptive_os/pre_emptive_os.a(event.o)
 .bss           0x400012ec        0x0 /cygdrive/c/Embedded/GNUARM/bin/../lib/gcc/arm-elf/4.1.1/interwork/libgcc.a(_udivsi3.o)
 .bss           0x400012ec        0x0 /cygdrive/c/Embedded/GNUARM/bin/../lib/gcc/arm-elf/4.1.1/interwork/libgcc.a(_divsi3.o)
 .bss           0x400012ec        0x0 /cygdrive/c/Embedded/GNUARM/bin/../lib/gcc/arm-elf/4.1.1/interwork/libgcc.a(_umodsi3.o)
 .bss           0x400012ec        0x0 /cygdrive/c/Embedded/GNUARM/bin/../lib/gcc/arm-elf/4.1.1/interwork/libgcc.a(_modsi3.o)
 .bss           0x400012ec        0x0 /cygdrive/c/Embedded/GNUARM/bin/../lib/gcc/arm-elf/4.1.1/interwork/libgcc.a(_dvmd_tls.o)
 .bss           0x400012ec        0x0 /cygdrive/c/Embedded/GNUARM/bin/../lib/gcc/arm-elf/4.1.1/interwork/libgcc.a(_call_via_rX.o)
 .bss           0x400012ec        0x0 /cygdrive/c/Embedded/GNUARM/bin/../lib/gcc/arm-elf/4.1.1/../../../../arm-elf/lib/interwork/libc.a(atoi.o)
 .bss           0x400012ec        0x0 /cygdrive/c/Embedded/GNUARM/bin/../lib/gcc/arm-elf/4.1.1/../../../../arm-elf/lib/interwork/libc.a(memcpy.o)
 .bss           0x400012ec        0x0 /cygdrive/c/Embedded/GNUARM/bin/../lib/gcc/arm-elf/4.1.1/../../../../arm-elf/lib/interwork/libc.a(rand.o)
 .bss           0x400012ec        0x0 /cygdrive/c/Embedded/GNUARM/bin/../lib/gcc/arm-elf/4.1.1/../../../../arm-elf/lib/interwork/libc.a(strlen.o)
 .bss           0x400012ec        0x0 /cygdrive/c/Embedded/GNUARM/bin/../lib/gcc/arm-elf/4.1.1/../../../../arm-elf/lib/interwork/libc.a(strtol.o)
 .bss           0x400012ec        0x0 /cygdrive/c/Embedded/GNUARM/bin/../lib/gcc/arm-elf/4.1.1/../../../../arm-elf/lib/interwork/libc.a(ctype_.o)
 .bss           0x400012ec        0x0 /cygdrive/c/Embedded/GNUARM/bin/../lib/gcc/arm-elf/4.1.1/../../../../arm-elf/lib/interwork/libc.a(impure.o)
 *(COMMON)
 COMMON         0x400012ec        0x4 main.o
                0x400012ec                ms
 COMMON         0x400012f0      0x51c uart.o
                0x400012f0                uart1RxBuf
                0x400016f0                receiveSem
                0x4000170c                uart1TxBuf
 COMMON         0x4000180c       0xe0 tetris.o
                0x4000180c                board
                0x400018e4                activeBlock
 COMMON         0x400018ec        0x2 hw.o
                0x400018ec                ver1_1
                0x400018ed                ver1_0
 *fill*         0x400018ee        0x2 00
 COMMON         0x400018f0        0x8 startup/libea_startup_thumb.a(framework.o)
                0x400018f0                pHeapEnd
                0x400018f4                pHeapStart
 COMMON         0x400018f8       0xc8 pre_emptive_os/pre_emptive_os.a(kernel.o)
                0x400018f8                processControlBlocks
                0x400019c0                . = ALIGN (0x4)
                0x400019c0                . = ALIGN (0x4)
                0x400019c0                __bss_end = .
                0x400019c0                __bss_end__ = .
                0x400019c0                _end = .
                0x400019c0                PROVIDE (end, .)

.stab           0x00000000      0x600
 *(.stab)
 .stab          0x00000000      0x3c0 startup/libea_startup_thumb.a(startup.o)
 .stab          0x000003c0      0x240 pre_emptive_os/pre_emptive_os.a(a7hal_a.o)
                                0x24c (size before relaxing)

.stabstr        0x00000000       0x9b
 *(.stabstr)
 .stabstr       0x00000000       0x9b startup/libea_startup_thumb.a(startup.o)

.stab.excl
 *(.stab.excl)

.stab.exclstr
 *(.stab.exclstr)

.stab.index
 *(.stab.index)

.stab.indexstr
 *(.stab.indexstr)

.comment        0x00000000      0x1f8
 *(.comment)
 .comment       0x00000000       0x12 main.o
 .comment       0x00000012       0x12 lcd.o
 .comment       0x00000024       0x12 key.o
 .comment       0x00000036       0x12 select.o
 .comment       0x00000048       0x12 uart.o
 .comment       0x0000005a       0x12 exampleGame.o
 .comment       0x0000006c       0x12 eeprom.o
 .comment       0x0000007e       0x12 i2c.o
 .comment       0x00000090       0x12 tetris.o
 .comment       0x000000a2       0x12 hw.o
 .comment       0x000000b4       0x12 mainMenu.o
 .comment       0x000000c6       0x12 startup/libea_startup_thumb.a(consol.o)
 .comment       0x000000d8       0x12 startup/libea_startup_thumb.a(framework.o)
 .comment       0x000000ea       0x12 irq_code/irqUart.a(irqUart.o)
 .comment       0x000000fc       0x12 pre_emptive_os/pre_emptive_os.a(kernel.o)
 .comment       0x0000010e       0x12 pre_emptive_os/pre_emptive_os.a(prioqueue.o)
 .comment       0x00000120       0x12 pre_emptive_os/pre_emptive_os.a(count_sem.o)
 .comment       0x00000132       0x12 pre_emptive_os/pre_emptive_os.a(timer.o)
 .comment       0x00000144       0x12 pre_emptive_os/pre_emptive_os.a(stack_usage.o)
 .comment       0x00000156       0x12 pre_emptive_os/pre_emptive_os.a(a7hal.o)
 .comment       0x00000168       0x12 pre_emptive_os/pre_emptive_os.a(event.o)
 .comment       0x0000017a       0x12 /cygdrive/c/Embedded/GNUARM/bin/../lib/gcc/arm-elf/4.1.1/../../../../arm-elf/lib/interwork/libc.a(atoi.o)
 .comment       0x0000018c       0x12 /cygdrive/c/Embedded/GNUARM/bin/../lib/gcc/arm-elf/4.1.1/../../../../arm-elf/lib/interwork/libc.a(memcpy.o)
 .comment       0x0000019e       0x12 /cygdrive/c/Embedded/GNUARM/bin/../lib/gcc/arm-elf/4.1.1/../../../../arm-elf/lib/interwork/libc.a(rand.o)
 .comment       0x000001b0       0x12 /cygdrive/c/Embedded/GNUARM/bin/../lib/gcc/arm-elf/4.1.1/../../../../arm-elf/lib/interwork/libc.a(strlen.o)
 .comment       0x000001c2       0x12 /cygdrive/c/Embedded/GNUARM/bin/../lib/gcc/arm-elf/4.1.1/../../../../arm-elf/lib/interwork/libc.a(strtol.o)
 .comment       0x000001d4       0x12 /cygdrive/c/Embedded/GNUARM/bin/../lib/gcc/arm-elf/4.1.1/../../../../arm-elf/lib/interwork/libc.a(ctype_.o)
 .comment       0x000001e6       0x12 /cygdrive/c/Embedded/GNUARM/bin/../lib/gcc/arm-elf/4.1.1/../../../../arm-elf/lib/interwork/libc.a(impure.o)

.debug
 *(.debug)

.line
 *(.line)

.debug_srcinfo
 *(.debug_srcinfo)

.debug_sfnames
 *(.debug_sfnames)

.debug_aranges  0x00000000      0x400
 *(.debug_aranges)
 .debug_aranges
                0x00000000       0x20 main.o
 .debug_aranges
                0x00000020       0x20 lcd.o
 .debug_aranges
                0x00000040       0x20 key.o
 .debug_aranges
                0x00000060       0x20 select.o
 .debug_aranges
                0x00000080       0x20 uart.o
 .debug_aranges
                0x000000a0       0x20 exampleGame.o
 .debug_aranges
                0x000000c0       0x20 eeprom.o
 .debug_aranges
                0x000000e0       0x20 i2c.o
 .debug_aranges
                0x00000100       0x20 tetris.o
 .debug_aranges
                0x00000120       0x20 hw.o
 .debug_aranges
                0x00000140       0x20 mainMenu.o
 .debug_aranges
                0x00000160       0x20 startup/libea_startup_thumb.a(consol.o)
 .debug_aranges
                0x00000180       0x20 startup/libea_startup_thumb.a(framework.o)
 .debug_aranges
                0x000001a0       0x20 irq_code/irqUart.a(irqUart.o)
 .debug_aranges
                0x000001c0       0x20 pre_emptive_os/pre_emptive_os.a(kernel.o)
 .debug_aranges
                0x000001e0       0x20 pre_emptive_os/pre_emptive_os.a(prioqueue.o)
 .debug_aranges
                0x00000200       0x20 pre_emptive_os/pre_emptive_os.a(count_sem.o)
 .debug_aranges
                0x00000220       0x20 pre_emptive_os/pre_emptive_os.a(timer.o)
 .debug_aranges
                0x00000240       0x20 pre_emptive_os/pre_emptive_os.a(stack_usage.o)
 .debug_aranges
                0x00000260       0x20 pre_emptive_os/pre_emptive_os.a(a7hal.o)
 .debug_aranges
                0x00000280       0x20 pre_emptive_os/pre_emptive_os.a(event.o)
 .debug_aranges
                0x000002a0       0x20 /cygdrive/c/Embedded/GNUARM/bin/../lib/gcc/arm-elf/4.1.1/interwork/libgcc.a(_udivsi3.o)
 .debug_aranges
                0x000002c0       0x20 /cygdrive/c/Embedded/GNUARM/bin/../lib/gcc/arm-elf/4.1.1/interwork/libgcc.a(_divsi3.o)
 .debug_aranges
                0x000002e0       0x20 /cygdrive/c/Embedded/GNUARM/bin/../lib/gcc/arm-elf/4.1.1/interwork/libgcc.a(_umodsi3.o)
 .debug_aranges
                0x00000300       0x20 /cygdrive/c/Embedded/GNUARM/bin/../lib/gcc/arm-elf/4.1.1/interwork/libgcc.a(_modsi3.o)
 .debug_aranges
                0x00000320       0x20 /cygdrive/c/Embedded/GNUARM/bin/../lib/gcc/arm-elf/4.1.1/interwork/libgcc.a(_dvmd_tls.o)
 .debug_aranges
                0x00000340       0x20 /cygdrive/c/Embedded/GNUARM/bin/../lib/gcc/arm-elf/4.1.1/interwork/libgcc.a(_call_via_rX.o)
 .debug_aranges
                0x00000360       0x20 /cygdrive/c/Embedded/GNUARM/bin/../lib/gcc/arm-elf/4.1.1/../../../../arm-elf/lib/interwork/libc.a(atoi.o)
 .debug_aranges
                0x00000380       0x20 /cygdrive/c/Embedded/GNUARM/bin/../lib/gcc/arm-elf/4.1.1/../../../../arm-elf/lib/interwork/libc.a(memcpy.o)
 .debug_aranges
                0x000003a0       0x20 /cygdrive/c/Embedded/GNUARM/bin/../lib/gcc/arm-elf/4.1.1/../../../../arm-elf/lib/interwork/libc.a(rand.o)
 .debug_aranges
                0x000003c0       0x20 /cygdrive/c/Embedded/GNUARM/bin/../lib/gcc/arm-elf/4.1.1/../../../../arm-elf/lib/interwork/libc.a(strlen.o)
 .debug_aranges
                0x000003e0       0x20 /cygdrive/c/Embedded/GNUARM/bin/../lib/gcc/arm-elf/4.1.1/../../../../arm-elf/lib/interwork/libc.a(strtol.o)

.debug_pubnames
                0x00000000      0xca7
 *(.debug_pubnames)
 .debug_pubnames
                0x00000000       0x2e main.o
 .debug_pubnames
                0x0000002e       0xe5 lcd.o
 .debug_pubnames
                0x00000113       0x4b key.o
 .debug_pubnames
                0x0000015e       0x1f select.o
 .debug_pubnames
                0x0000017d      0x12d uart.o
 .debug_pubnames
                0x000002aa       0x2e exampleGame.o
 .debug_pubnames
                0x000002d8       0x71 eeprom.o
 .debug_pubnames
                0x00000349       0xee i2c.o
 .debug_pubnames
                0x00000437      0x10e tetris.o
 .debug_pubnames
                0x00000545       0xa8 hw.o
 .debug_pubnames
                0x000005ed       0x23 mainMenu.o
 .debug_pubnames
                0x00000610       0xda startup/libea_startup_thumb.a(consol.o)
 .debug_pubnames
                0x000006ea       0x63 startup/libea_startup_thumb.a(framework.o)
 .debug_pubnames
                0x0000074d       0x39 irq_code/irqUart.a(irqUart.o)
 .debug_pubnames
                0x00000786      0x17f pre_emptive_os/pre_emptive_os.a(kernel.o)
 .debug_pubnames
                0x00000905       0x76 pre_emptive_os/pre_emptive_os.a(prioqueue.o)
 .debug_pubnames
                0x0000097b       0x4d pre_emptive_os/pre_emptive_os.a(count_sem.o)
 .debug_pubnames
                0x000009c8       0x55 pre_emptive_os/pre_emptive_os.a(timer.o)
 .debug_pubnames
                0x00000a1d       0x4e pre_emptive_os/pre_emptive_os.a(stack_usage.o)
 .debug_pubnames
                0x00000a6b       0xc1 pre_emptive_os/pre_emptive_os.a(a7hal.o)
 .debug_pubnames
                0x00000b2c       0x63 pre_emptive_os/pre_emptive_os.a(event.o)
 .debug_pubnames
                0x00000b8f       0x27 /cygdrive/c/Embedded/GNUARM/bin/../lib/gcc/arm-elf/4.1.1/../../../../arm-elf/lib/interwork/libc.a(atoi.o)
 .debug_pubnames
                0x00000bb6       0x1d /cygdrive/c/Embedded/GNUARM/bin/../lib/gcc/arm-elf/4.1.1/../../../../arm-elf/lib/interwork/libc.a(memcpy.o)
 .debug_pubnames
                0x00000bd3       0x25 /cygdrive/c/Embedded/GNUARM/bin/../lib/gcc/arm-elf/4.1.1/../../../../arm-elf/lib/interwork/libc.a(rand.o)
 .debug_pubnames
                0x00000bf8       0x1d /cygdrive/c/Embedded/GNUARM/bin/../lib/gcc/arm-elf/4.1.1/../../../../arm-elf/lib/interwork/libc.a(strlen.o)
 .debug_pubnames
                0x00000c15       0x2b /cygdrive/c/Embedded/GNUARM/bin/../lib/gcc/arm-elf/4.1.1/../../../../arm-elf/lib/interwork/libc.a(strtol.o)
 .debug_pubnames
                0x00000c40       0x2e /cygdrive/c/Embedded/GNUARM/bin/../lib/gcc/arm-elf/4.1.1/../../../../arm-elf/lib/interwork/libc.a(ctype_.o)
 .debug_pubnames
                0x00000c6e       0x39 /cygdrive/c/Embedded/GNUARM/bin/../lib/gcc/arm-elf/4.1.1/../../../../arm-elf/lib/interwork/libc.a(impure.o)

.debug_info     0x00000000     0x7547
 *(.debug_info .gnu.linkonce.wi.*)
 .debug_info    0x00000000      0x1d4 main.o
 .debug_info    0x000001d4      0x58f lcd.o
 .debug_info    0x00000763      0x23b key.o
 .debug_info    0x0000099e      0x203 select.o
 .debug_info    0x00000ba1      0x499 uart.o
 .debug_info    0x0000103a      0x62f exampleGame.o
 .debug_info    0x00001669      0x30f eeprom.o
 .debug_info    0x00001978      0x648 i2c.o
 .debug_info    0x00001fc0      0x387 tetris.o
 .debug_info    0x00002347      0x2d7 hw.o
 .debug_info    0x0000261e      0x1e2 mainMenu.o
 .debug_info    0x00002800      0x584 startup/libea_startup_thumb.a(consol.o)
 .debug_info    0x00002d84      0x1e4 startup/libea_startup_thumb.a(framework.o)
 .debug_info    0x00002f68      0x35b irq_code/irqUart.a(irqUart.o)
 .debug_info    0x000032c3      0x5fe pre_emptive_os/pre_emptive_os.a(kernel.o)
 .debug_info    0x000038c1      0x2e8 pre_emptive_os/pre_emptive_os.a(prioqueue.o)
 .debug_info    0x00003ba9      0x32b pre_emptive_os/pre_emptive_os.a(count_sem.o)
 .debug_info    0x00003ed4      0x4b8 pre_emptive_os/pre_emptive_os.a(timer.o)
 .debug_info    0x0000438c      0x2cf pre_emptive_os/pre_emptive_os.a(stack_usage.o)
 .debug_info    0x0000465b      0x189 pre_emptive_os/pre_emptive_os.a(a7hal.o)
 .debug_info    0x000047e4      0x2ee pre_emptive_os/pre_emptive_os.a(event.o)
 .debug_info    0x00004ad2       0x68 /cygdrive/c/Embedded/GNUARM/bin/../lib/gcc/arm-elf/4.1.1/interwork/libgcc.a(_udivsi3.o)
 .debug_info    0x00004b3a       0x68 /cygdrive/c/Embedded/GNUARM/bin/../lib/gcc/arm-elf/4.1.1/interwork/libgcc.a(_divsi3.o)
 .debug_info    0x00004ba2       0x68 /cygdrive/c/Embedded/GNUARM/bin/../lib/gcc/arm-elf/4.1.1/interwork/libgcc.a(_umodsi3.o)
 .debug_info    0x00004c0a       0x68 /cygdrive/c/Embedded/GNUARM/bin/../lib/gcc/arm-elf/4.1.1/interwork/libgcc.a(_modsi3.o)
 .debug_info    0x00004c72       0x68 /cygdrive/c/Embedded/GNUARM/bin/../lib/gcc/arm-elf/4.1.1/interwork/libgcc.a(_dvmd_tls.o)
 .debug_info    0x00004cda       0x68 /cygdrive/c/Embedded/GNUARM/bin/../lib/gcc/arm-elf/4.1.1/interwork/libgcc.a(_call_via_rX.o)
 .debug_info    0x00004d42      0x949 /cygdrive/c/Embedded/GNUARM/bin/../lib/gcc/arm-elf/4.1.1/../../../../arm-elf/lib/interwork/libc.a(atoi.o)
 .debug_info    0x0000568b      0x10a /cygdrive/c/Embedded/GNUARM/bin/../lib/gcc/arm-elf/4.1.1/../../../../arm-elf/lib/interwork/libc.a(memcpy.o)
 .debug_info    0x00005795      0x934 /cygdrive/c/Embedded/GNUARM/bin/../lib/gcc/arm-elf/4.1.1/../../../../arm-elf/lib/interwork/libc.a(rand.o)
 .debug_info    0x000060c9       0xd4 /cygdrive/c/Embedded/GNUARM/bin/../lib/gcc/arm-elf/4.1.1/../../../../arm-elf/lib/interwork/libc.a(strlen.o)
 .debug_info    0x0000619d      0xa0f /cygdrive/c/Embedded/GNUARM/bin/../lib/gcc/arm-elf/4.1.1/../../../../arm-elf/lib/interwork/libc.a(strtol.o)
 .debug_info    0x00006bac       0x79 /cygdrive/c/Embedded/GNUARM/bin/../lib/gcc/arm-elf/4.1.1/../../../../arm-elf/lib/interwork/libc.a(ctype_.o)
 .debug_info    0x00006c25      0x922 /cygdrive/c/Embedded/GNUARM/bin/../lib/gcc/arm-elf/4.1.1/../../../../arm-elf/lib/interwork/libc.a(impure.o)

.debug_abbrev   0x00000000     0x23ea
 *(.debug_abbrev)
 .debug_abbrev  0x00000000      0x105 main.o
 .debug_abbrev  0x00000105      0x1bf lcd.o
 .debug_abbrev  0x000002c4      0x120 key.o
 .debug_abbrev  0x000003e4       0xe5 select.o
 .debug_abbrev  0x000004c9      0x132 uart.o
 .debug_abbrev  0x000005fb      0x25e exampleGame.o
 .debug_abbrev  0x00000859       0xfd eeprom.o
 .debug_abbrev  0x00000956      0x1fa i2c.o
 .debug_abbrev  0x00000b50      0x150 tetris.o
 .debug_abbrev  0x00000ca0      0x13c hw.o
 .debug_abbrev  0x00000ddc       0xc2 mainMenu.o
 .debug_abbrev  0x00000e9e      0x2a4 startup/libea_startup_thumb.a(consol.o)
 .debug_abbrev  0x00001142       0xd0 startup/libea_startup_thumb.a(framework.o)
 .debug_abbrev  0x00001212      0x13e irq_code/irqUart.a(irqUart.o)
 .debug_abbrev  0x00001350      0x1b8 pre_emptive_os/pre_emptive_os.a(kernel.o)
 .debug_abbrev  0x00001508      0x11e pre_emptive_os/pre_emptive_os.a(prioqueue.o)
 .debug_abbrev  0x00001626      0x101 pre_emptive_os/pre_emptive_os.a(count_sem.o)
 .debug_abbrev  0x00001727      0x154 pre_emptive_os/pre_emptive_os.a(timer.o)
 .debug_abbrev  0x0000187b      0x170 pre_emptive_os/pre_emptive_os.a(stack_usage.o)
 .debug_abbrev  0x000019eb       0xf2 pre_emptive_os/pre_emptive_os.a(a7hal.o)
 .debug_abbrev  0x00001add      0x103 pre_emptive_os/pre_emptive_os.a(event.o)
 .debug_abbrev  0x00001be0       0x14 /cygdrive/c/Embedded/GNUARM/bin/../lib/gcc/arm-elf/4.1.1/interwork/libgcc.a(_udivsi3.o)
 .debug_abbrev  0x00001bf4       0x14 /cygdrive/c/Embedded/GNUARM/bin/../lib/gcc/arm-elf/4.1.1/interwork/libgcc.a(_divsi3.o)
 .debug_abbrev  0x00001c08       0x14 /cygdrive/c/Embedded/GNUARM/bin/../lib/gcc/arm-elf/4.1.1/interwork/libgcc.a(_umodsi3.o)
 .debug_abbrev  0x00001c1c       0x14 /cygdrive/c/Embedded/GNUARM/bin/../lib/gcc/arm-elf/4.1.1/interwork/libgcc.a(_modsi3.o)
 .debug_abbrev  0x00001c30       0x14 /cygdrive/c/Embedded/GNUARM/bin/../lib/gcc/arm-elf/4.1.1/interwork/libgcc.a(_dvmd_tls.o)
 .debug_abbrev  0x00001c44       0x14 /cygdrive/c/Embedded/GNUARM/bin/../lib/gcc/arm-elf/4.1.1/interwork/libgcc.a(_call_via_rX.o)
 .debug_abbrev  0x00001c58      0x176 /cygdrive/c/Embedded/GNUARM/bin/../lib/gcc/arm-elf/4.1.1/../../../../arm-elf/lib/interwork/libc.a(atoi.o)
 .debug_abbrev  0x00001dce       0xa6 /cygdrive/c/Embedded/GNUARM/bin/../lib/gcc/arm-elf/4.1.1/../../../../arm-elf/lib/interwork/libc.a(memcpy.o)
 .debug_abbrev  0x00001e74      0x185 /cygdrive/c/Embedded/GNUARM/bin/../lib/gcc/arm-elf/4.1.1/../../../../arm-elf/lib/interwork/libc.a(rand.o)
 .debug_abbrev  0x00001ff9       0x8b /cygdrive/c/Embedded/GNUARM/bin/../lib/gcc/arm-elf/4.1.1/../../../../arm-elf/lib/interwork/libc.a(strlen.o)
 .debug_abbrev  0x00002084      0x1bd /cygdrive/c/Embedded/GNUARM/bin/../lib/gcc/arm-elf/4.1.1/../../../../arm-elf/lib/interwork/libc.a(strtol.o)
 .debug_abbrev  0x00002241       0x52 /cygdrive/c/Embedded/GNUARM/bin/../lib/gcc/arm-elf/4.1.1/../../../../arm-elf/lib/interwork/libc.a(ctype_.o)
 .debug_abbrev  0x00002293      0x157 /cygdrive/c/Embedded/GNUARM/bin/../lib/gcc/arm-elf/4.1.1/../../../../arm-elf/lib/interwork/libc.a(impure.o)

.debug_line     0x00000000     0x1d73
 *(.debug_line)
 .debug_line    0x00000000       0xaf main.o
 .debug_line    0x000000af      0x183 lcd.o
 .debug_line    0x00000232       0xb8 key.o
 .debug_line    0x000002ea       0xa6 select.o
 .debug_line    0x00000390      0x112 uart.o
 .debug_line    0x000004a2      0x15b exampleGame.o
 .debug_line    0x000005fd      0x135 eeprom.o
 .debug_line    0x00000732      0x162 i2c.o
 .debug_line    0x00000894      0x110 tetris.o
 .debug_line    0x000009a4      0x12f hw.o
 .debug_line    0x00000ad3       0xa6 mainMenu.o
 .debug_line    0x00000b79      0x193 startup/libea_startup_thumb.a(consol.o)
 .debug_line    0x00000d0c       0xd7 startup/libea_startup_thumb.a(framework.o)
 .debug_line    0x00000de3       0xd2 irq_code/irqUart.a(irqUart.o)
 .debug_line    0x00000eb5      0x177 pre_emptive_os/pre_emptive_os.a(kernel.o)
 .debug_line    0x0000102c       0xbb pre_emptive_os/pre_emptive_os.a(prioqueue.o)
 .debug_line    0x000010e7       0xd9 pre_emptive_os/pre_emptive_os.a(count_sem.o)
 .debug_line    0x000011c0      0x109 pre_emptive_os/pre_emptive_os.a(timer.o)
 .debug_line    0x000012c9       0x97 pre_emptive_os/pre_emptive_os.a(stack_usage.o)
 .debug_line    0x00001360       0x8c pre_emptive_os/pre_emptive_os.a(a7hal.o)
 .debug_line    0x000013ec       0xaf pre_emptive_os/pre_emptive_os.a(event.o)
 .debug_line    0x0000149b       0x84 /cygdrive/c/Embedded/GNUARM/bin/../lib/gcc/arm-elf/4.1.1/interwork/libgcc.a(_udivsi3.o)
 .debug_line    0x0000151f       0x90 /cygdrive/c/Embedded/GNUARM/bin/../lib/gcc/arm-elf/4.1.1/interwork/libgcc.a(_divsi3.o)
 .debug_line    0x000015af       0x6e /cygdrive/c/Embedded/GNUARM/bin/../lib/gcc/arm-elf/4.1.1/interwork/libgcc.a(_umodsi3.o)
 .debug_line    0x0000161d       0x74 /cygdrive/c/Embedded/GNUARM/bin/../lib/gcc/arm-elf/4.1.1/interwork/libgcc.a(_modsi3.o)
 .debug_line    0x00001691       0x5d /cygdrive/c/Embedded/GNUARM/bin/../lib/gcc/arm-elf/4.1.1/interwork/libgcc.a(_dvmd_tls.o)
 .debug_line    0x000016ee       0x6b /cygdrive/c/Embedded/GNUARM/bin/../lib/gcc/arm-elf/4.1.1/interwork/libgcc.a(_call_via_rX.o)
 .debug_line    0x00001759       0xf9 /cygdrive/c/Embedded/GNUARM/bin/../lib/gcc/arm-elf/4.1.1/../../../../arm-elf/lib/interwork/libc.a(atoi.o)
 .debug_line    0x00001852       0xc8 /cygdrive/c/Embedded/GNUARM/bin/../lib/gcc/arm-elf/4.1.1/../../../../arm-elf/lib/interwork/libc.a(memcpy.o)
 .debug_line    0x0000191a       0xf9 /cygdrive/c/Embedded/GNUARM/bin/../lib/gcc/arm-elf/4.1.1/../../../../arm-elf/lib/interwork/libc.a(rand.o)
 .debug_line    0x00001a13       0xaf /cygdrive/c/Embedded/GNUARM/bin/../lib/gcc/arm-elf/4.1.1/../../../../arm-elf/lib/interwork/libc.a(strlen.o)
 .debug_line    0x00001ac2      0x173 /cygdrive/c/Embedded/GNUARM/bin/../lib/gcc/arm-elf/4.1.1/../../../../arm-elf/lib/interwork/libc.a(strtol.o)
 .debug_line    0x00001c35       0x5b /cygdrive/c/Embedded/GNUARM/bin/../lib/gcc/arm-elf/4.1.1/../../../../arm-elf/lib/interwork/libc.a(ctype_.o)
 .debug_line    0x00001c90       0xe3 /cygdrive/c/Embedded/GNUARM/bin/../lib/gcc/arm-elf/4.1.1/../../../../arm-elf/lib/interwork/libc.a(impure.o)

.debug_frame    0x00000000     0x1258
 *(.debug_frame)
 .debug_frame   0x00000000       0x74 main.o
 .debug_frame   0x00000074      0x1b8 lcd.o
 .debug_frame   0x0000022c       0x80 key.o
 .debug_frame   0x000002ac       0x54 select.o
 .debug_frame   0x00000300       0xe8 uart.o
 .debug_frame   0x000003e8       0xac exampleGame.o
 .debug_frame   0x00000494       0xc4 eeprom.o
 .debug_frame   0x00000558      0x140 i2c.o
 .debug_frame   0x00000698      0x128 tetris.o
 .debug_frame   0x000007c0       0xf8 hw.o
 .debug_frame   0x000008b8       0x2c mainMenu.o
 .debug_frame   0x000008e4      0x150 startup/libea_startup_thumb.a(consol.o)
 .debug_frame   0x00000a34       0xd8 startup/libea_startup_thumb.a(framework.o)
 .debug_frame   0x00000b0c       0x4c irq_code/irqUart.a(irqUart.o)
 .debug_frame   0x00000b58      0x1e8 pre_emptive_os/pre_emptive_os.a(kernel.o)
 .debug_frame   0x00000d40       0x8c pre_emptive_os/pre_emptive_os.a(prioqueue.o)
 .debug_frame   0x00000dcc       0x84 pre_emptive_os/pre_emptive_os.a(count_sem.o)
 .debug_frame   0x00000e50       0xb8 pre_emptive_os/pre_emptive_os.a(timer.o)
 .debug_frame   0x00000f08       0x58 pre_emptive_os/pre_emptive_os.a(stack_usage.o)
 .debug_frame   0x00000f60       0xa0 pre_emptive_os/pre_emptive_os.a(a7hal.o)
 .debug_frame   0x00001000       0x94 pre_emptive_os/pre_emptive_os.a(event.o)
 .debug_frame   0x00001094       0x2c /cygdrive/c/Embedded/GNUARM/bin/../lib/gcc/arm-elf/4.1.1/interwork/libgcc.a(_udivsi3.o)
 .debug_frame   0x000010c0       0x2c /cygdrive/c/Embedded/GNUARM/bin/../lib/gcc/arm-elf/4.1.1/interwork/libgcc.a(_divsi3.o)
 .debug_frame   0x000010ec       0x2c /cygdrive/c/Embedded/GNUARM/bin/../lib/gcc/arm-elf/4.1.1/interwork/libgcc.a(_umodsi3.o)
 .debug_frame   0x00001118       0x2c /cygdrive/c/Embedded/GNUARM/bin/../lib/gcc/arm-elf/4.1.1/interwork/libgcc.a(_modsi3.o)
 .debug_frame   0x00001144       0x40 /cygdrive/c/Embedded/GNUARM/bin/../lib/gcc/arm-elf/4.1.1/../../../../arm-elf/lib/interwork/libc.a(atoi.o)
 .debug_frame   0x00001184       0x28 /cygdrive/c/Embedded/GNUARM/bin/../lib/gcc/arm-elf/4.1.1/../../../../arm-elf/lib/interwork/libc.a(memcpy.o)
 .debug_frame   0x000011ac       0x3c /cygdrive/c/Embedded/GNUARM/bin/../lib/gcc/arm-elf/4.1.1/../../../../arm-elf/lib/interwork/libc.a(rand.o)
 .debug_frame   0x000011e8       0x20 /cygdrive/c/Embedded/GNUARM/bin/../lib/gcc/arm-elf/4.1.1/../../../../arm-elf/lib/interwork/libc.a(strlen.o)
 .debug_frame   0x00001208       0x50 /cygdrive/c/Embedded/GNUARM/bin/../lib/gcc/arm-elf/4.1.1/../../../../arm-elf/lib/interwork/libc.a(strtol.o)

.debug_str      0x00000000     0x19fe
 *(.debug_str)
 .debug_str     0x00000000       0xdc main.o
                                0x115 (size before relaxing)
 .debug_str     0x000000dc      0x142 lcd.o
                                0x1da (size before relaxing)
 .debug_str     0x0000021e      0x108 key.o
                                0x19c (size before relaxing)
 .debug_str     0x00000326       0xc4 select.o
                                0x194 (size before relaxing)
 .debug_str     0x000003ea      0x219 uart.o
                                0x2d2 (size before relaxing)
 .debug_str     0x00000603       0xf1 exampleGame.o
                                0x266 (size before relaxing)
 .debug_str     0x000006f4       0x87 eeprom.o
                                0x119 (size before relaxing)
 .debug_str     0x0000077b       0xb1 i2c.o
                                0x263 (size before relaxing)
 .debug_str     0x0000082c       0xea tetris.o
                                0x1cd (size before relaxing)
 .debug_str     0x00000916      0x105 hw.o
                                0x1a7 (size before relaxing)
 .debug_str     0x00000a1b       0x34 mainMenu.o
                                0x18d (size before relaxing)
 .debug_str     0x00000a4f      0x187 startup/libea_startup_thumb.a(consol.o)
                                0x247 (size before relaxing)
 .debug_str     0x00000bd6       0xdd startup/libea_startup_thumb.a(framework.o)
                                0x143 (size before relaxing)
 .debug_str     0x00000cb3       0x8d irq_code/irqUart.a(irqUart.o)
                                0x26e (size before relaxing)
 .debug_str     0x00000d40      0x22c pre_emptive_os/pre_emptive_os.a(kernel.o)
                                0x359 (size before relaxing)
 .debug_str     0x00000f6c       0x7d pre_emptive_os/pre_emptive_os.a(prioqueue.o)
                                0x241 (size before relaxing)
 .debug_str     0x00000fe9       0x51 pre_emptive_os/pre_emptive_os.a(count_sem.o)
                                0x256 (size before relaxing)
 .debug_str     0x0000103a       0xe2 pre_emptive_os/pre_emptive_os.a(timer.o)
                                0x2f2 (size before relaxing)
 .debug_str     0x0000111c       0x70 pre_emptive_os/pre_emptive_os.a(stack_usage.o)
                                0x226 (size before relaxing)
 .debug_str     0x0000118c      0x153 pre_emptive_os/pre_emptive_os.a(a7hal.o)
                                0x1d8 (size before relaxing)
 .debug_str     0x000012df       0x51 pre_emptive_os/pre_emptive_os.a(event.o)
                                0x260 (size before relaxing)
 .debug_str     0x00001330      0x409 /cygdrive/c/Embedded/GNUARM/bin/../lib/gcc/arm-elf/4.1.1/../../../../arm-elf/lib/interwork/libc.a(atoi.o)
                                0x49e (size before relaxing)
 .debug_str     0x00001739       0xaa /cygdrive/c/Embedded/GNUARM/bin/../lib/gcc/arm-elf/4.1.1/../../../../arm-elf/lib/interwork/libc.a(memcpy.o)
                                 0xd6 (size before relaxing)
 .debug_str     0x000017e3       0x40 /cygdrive/c/Embedded/GNUARM/bin/../lib/gcc/arm-elf/4.1.1/../../../../arm-elf/lib/interwork/libc.a(rand.o)
                                0x4ad (size before relaxing)
 .debug_str     0x00001823       0x56 /cygdrive/c/Embedded/GNUARM/bin/../lib/gcc/arm-elf/4.1.1/../../../../arm-elf/lib/interwork/libc.a(strlen.o)
                                0x11f (size before relaxing)
 .debug_str     0x00001879       0x78 /cygdrive/c/Embedded/GNUARM/bin/../lib/gcc/arm-elf/4.1.1/../../../../arm-elf/lib/interwork/libc.a(strtol.o)
                                0x4e0 (size before relaxing)
 .debug_str     0x000018f1       0x7b /cygdrive/c/Embedded/GNUARM/bin/../lib/gcc/arm-elf/4.1.1/../../../../arm-elf/lib/interwork/libc.a(ctype_.o)
                                 0xaa (size before relaxing)
 .debug_str     0x0000196c       0x92 /cygdrive/c/Embedded/GNUARM/bin/../lib/gcc/arm-elf/4.1.1/../../../../arm-elf/lib/interwork/libc.a(impure.o)
                                0x4bc (size before relaxing)

.debug_loc      0x00000000     0x2a65
 *(.debug_loc)
 .debug_loc     0x00000000       0xed main.o
 .debug_loc     0x000000ed      0x783 lcd.o
 .debug_loc     0x00000870       0x9a key.o
 .debug_loc     0x0000090a       0x9d select.o
 .debug_loc     0x000009a7      0x274 uart.o
 .debug_loc     0x00000c1b      0x3f4 exampleGame.o
 .debug_loc     0x0000100f      0x451 eeprom.o
 .debug_loc     0x00001460      0x47b i2c.o
 .debug_loc     0x000018db      0x354 tetris.o
 .debug_loc     0x00001c2f      0x21b hw.o
 .debug_loc     0x00001e4a       0x2c mainMenu.o
 .debug_loc     0x00001e76      0x5ee startup/libea_startup_thumb.a(consol.o)
 .debug_loc     0x00002464      0x193 startup/libea_startup_thumb.a(framework.o)
 .debug_loc     0x000025f7       0x8a irq_code/irqUart.a(irqUart.o)
 .debug_loc     0x00002681       0x77 /cygdrive/c/Embedded/GNUARM/bin/../lib/gcc/arm-elf/4.1.1/../../../../arm-elf/lib/interwork/libc.a(atoi.o)
 .debug_loc     0x000026f8       0xfc /cygdrive/c/Embedded/GNUARM/bin/../lib/gcc/arm-elf/4.1.1/../../../../arm-elf/lib/interwork/libc.a(memcpy.o)
 .debug_loc     0x000027f4       0x1f /cygdrive/c/Embedded/GNUARM/bin/../lib/gcc/arm-elf/4.1.1/../../../../arm-elf/lib/interwork/libc.a(rand.o)
 .debug_loc     0x00002813       0x47 /cygdrive/c/Embedded/GNUARM/bin/../lib/gcc/arm-elf/4.1.1/../../../../arm-elf/lib/interwork/libc.a(strlen.o)
 .debug_loc     0x0000285a      0x20b /cygdrive/c/Embedded/GNUARM/bin/../lib/gcc/arm-elf/4.1.1/../../../../arm-elf/lib/interwork/libc.a(strtol.o)

.debug_macinfo
 *(.debug_macinfo)

.debug_weaknames
 *(.debug_weaknames)

.debug_funcnames
 *(.debug_funcnames)

.debug_typenames
 *(.debug_typenames)

.debug_varnames
 *(.debug_varnames)
OUTPUT(lpc2104_color_lcd_v1.9.elf elf32-littlearm)

.debug_ranges   0x00000000       0x60
 .debug_ranges  0x00000000       0x60 tetris.o

Cross Reference Table

Symbol                                            File
____divsi3_change_to_arm                          /cygdrive/c/Embedded/GNUARM/bin/../lib/gcc/arm-elf/4.1.1/../../../../arm-elf/lib/interwork/libc.a(impure.o)
____divsi3_from_thumb                             /cygdrive/c/Embedded/GNUARM/bin/../lib/gcc/arm-elf/4.1.1/../../../../arm-elf/lib/interwork/libc.a(impure.o)
____modsi3_change_to_arm                          /cygdrive/c/Embedded/GNUARM/bin/../lib/gcc/arm-elf/4.1.1/../../../../arm-elf/lib/interwork/libc.a(impure.o)
____modsi3_from_thumb                             /cygdrive/c/Embedded/GNUARM/bin/../lib/gcc/arm-elf/4.1.1/../../../../arm-elf/lib/interwork/libc.a(impure.o)
____udivsi3_change_to_arm                         /cygdrive/c/Embedded/GNUARM/bin/../lib/gcc/arm-elf/4.1.1/../../../../arm-elf/lib/interwork/libc.a(impure.o)
____udivsi3_from_thumb                            /cygdrive/c/Embedded/GNUARM/bin/../lib/gcc/arm-elf/4.1.1/../../../../arm-elf/lib/interwork/libc.a(impure.o)
____umodsi3_change_to_arm                         /cygdrive/c/Embedded/GNUARM/bin/../lib/gcc/arm-elf/4.1.1/../../../../arm-elf/lib/interwork/libc.a(impure.o)
____umodsi3_from_thumb                            /cygdrive/c/Embedded/GNUARM/bin/../lib/gcc/arm-elf/4.1.1/../../../../arm-elf/lib/interwork/libc.a(impure.o)
__aeabi_idiv                                      /cygdrive/c/Embedded/GNUARM/bin/../lib/gcc/arm-elf/4.1.1/interwork/libgcc.a(_divsi3.o)
__aeabi_idiv0                                     /cygdrive/c/Embedded/GNUARM/bin/../lib/gcc/arm-elf/4.1.1/interwork/libgcc.a(_dvmd_tls.o)
__aeabi_idivmod                                   /cygdrive/c/Embedded/GNUARM/bin/../lib/gcc/arm-elf/4.1.1/interwork/libgcc.a(_divsi3.o)
__aeabi_ldiv0                                     /cygdrive/c/Embedded/GNUARM/bin/../lib/gcc/arm-elf/4.1.1/interwork/libgcc.a(_dvmd_tls.o)
__aeabi_uidiv                                     /cygdrive/c/Embedded/GNUARM/bin/../lib/gcc/arm-elf/4.1.1/interwork/libgcc.a(_udivsi3.o)
__aeabi_uidivmod                                  /cygdrive/c/Embedded/GNUARM/bin/../lib/gcc/arm-elf/4.1.1/interwork/libgcc.a(_udivsi3.o)
__bss_end__                                       startup/libea_startup_thumb.a(startup.o)
__bss_start__                                     startup/libea_startup_thumb.a(startup.o)
__ctxSwitchIsr_oshal_change_to_arm                /cygdrive/c/Embedded/GNUARM/bin/../lib/gcc/arm-elf/4.1.1/../../../../arm-elf/lib/interwork/libc.a(impure.o)
__ctxSwitchIsr_oshal_from_thumb                   /cygdrive/c/Embedded/GNUARM/bin/../lib/gcc/arm-elf/4.1.1/../../../../arm-elf/lib/interwork/libc.a(impure.o)
__ctxSwitch_oshal_change_to_arm                   /cygdrive/c/Embedded/GNUARM/bin/../lib/gcc/arm-elf/4.1.1/../../../../arm-elf/lib/interwork/libc.a(impure.o)
__ctxSwitch_oshal_from_thumb                      /cygdrive/c/Embedded/GNUARM/bin/../lib/gcc/arm-elf/4.1.1/../../../../arm-elf/lib/interwork/libc.a(impure.o)
__ctype_ptr                                       /cygdrive/c/Embedded/GNUARM/bin/../lib/gcc/arm-elf/4.1.1/../../../../arm-elf/lib/interwork/libc.a(ctype_.o)
                                                  /cygdrive/c/Embedded/GNUARM/bin/../lib/gcc/arm-elf/4.1.1/../../../../arm-elf/lib/interwork/libc.a(strtol.o)
__disIrq_change_to_arm                            /cygdrive/c/Embedded/GNUARM/bin/../lib/gcc/arm-elf/4.1.1/../../../../arm-elf/lib/interwork/libc.a(impure.o)
__disIrq_from_thumb                               /cygdrive/c/Embedded/GNUARM/bin/../lib/gcc/arm-elf/4.1.1/../../../../arm-elf/lib/interwork/libc.a(impure.o)
__div0                                            /cygdrive/c/Embedded/GNUARM/bin/../lib/gcc/arm-elf/4.1.1/interwork/libgcc.a(_dvmd_tls.o)
                                                  /cygdrive/c/Embedded/GNUARM/bin/../lib/gcc/arm-elf/4.1.1/interwork/libgcc.a(_modsi3.o)
                                                  /cygdrive/c/Embedded/GNUARM/bin/../lib/gcc/arm-elf/4.1.1/interwork/libgcc.a(_umodsi3.o)
                                                  /cygdrive/c/Embedded/GNUARM/bin/../lib/gcc/arm-elf/4.1.1/interwork/libgcc.a(_divsi3.o)
                                                  /cygdrive/c/Embedded/GNUARM/bin/../lib/gcc/arm-elf/4.1.1/interwork/libgcc.a(_udivsi3.o)
__divsi3                                          /cygdrive/c/Embedded/GNUARM/bin/../lib/gcc/arm-elf/4.1.1/interwork/libgcc.a(_divsi3.o)
                                                  pre_emptive_os/pre_emptive_os.a(stack_usage.o)
__eaInit_change_to_arm                            /cygdrive/c/Embedded/GNUARM/bin/../lib/gcc/arm-elf/4.1.1/../../../../arm-elf/lib/interwork/libc.a(impure.o)
__eaInit_from_thumb                               /cygdrive/c/Embedded/GNUARM/bin/../lib/gcc/arm-elf/4.1.1/../../../../arm-elf/lib/interwork/libc.a(impure.o)
__halDisableInterrupts_oshal_change_to_arm        /cygdrive/c/Embedded/GNUARM/bin/../lib/gcc/arm-elf/4.1.1/../../../../arm-elf/lib/interwork/libc.a(impure.o)
__halDisableInterrupts_oshal_from_thumb           /cygdrive/c/Embedded/GNUARM/bin/../lib/gcc/arm-elf/4.1.1/../../../../arm-elf/lib/interwork/libc.a(impure.o)
__halRestoreInterrupts_oshal_change_to_arm        /cygdrive/c/Embedded/GNUARM/bin/../lib/gcc/arm-elf/4.1.1/../../../../arm-elf/lib/interwork/libc.a(impure.o)
__halRestoreInterrupts_oshal_from_thumb           /cygdrive/c/Embedded/GNUARM/bin/../lib/gcc/arm-elf/4.1.1/../../../../arm-elf/lib/interwork/libc.a(impure.o)
__initTimer_oshal_change_to_arm                   /cygdrive/c/Embedded/GNUARM/bin/../lib/gcc/arm-elf/4.1.1/../../../../arm-elf/lib/interwork/libc.a(impure.o)
__initTimer_oshal_from_thumb                      /cygdrive/c/Embedded/GNUARM/bin/../lib/gcc/arm-elf/4.1.1/../../../../arm-elf/lib/interwork/libc.a(impure.o)
__memcpy_change_to_arm                            /cygdrive/c/Embedded/GNUARM/bin/../lib/gcc/arm-elf/4.1.1/../../../../arm-elf/lib/interwork/libc.a(impure.o)
__memcpy_from_thumb                               /cygdrive/c/Embedded/GNUARM/bin/../lib/gcc/arm-elf/4.1.1/../../../../arm-elf/lib/interwork/libc.a(impure.o)
__modsi3                                          /cygdrive/c/Embedded/GNUARM/bin/../lib/gcc/arm-elf/4.1.1/interwork/libgcc.a(_modsi3.o)
                                                  exampleGame.o
__osISRExit_from_arm                              /cygdrive/c/Embedded/GNUARM/bin/../lib/gcc/arm-elf/4.1.1/../../../../arm-elf/lib/interwork/libc.a(impure.o)
__osSemGive_from_arm                              /cygdrive/c/Embedded/GNUARM/bin/../lib/gcc/arm-elf/4.1.1/../../../../arm-elf/lib/interwork/libc.a(impure.o)
__osTick_from_arm                                 /cygdrive/c/Embedded/GNUARM/bin/../lib/gcc/arm-elf/4.1.1/../../../../arm-elf/lib/interwork/libc.a(impure.o)
__rand_change_to_arm                              /cygdrive/c/Embedded/GNUARM/bin/../lib/gcc/arm-elf/4.1.1/../../../../arm-elf/lib/interwork/libc.a(impure.o)
__rand_from_thumb                                 /cygdrive/c/Embedded/GNUARM/bin/../lib/gcc/arm-elf/4.1.1/../../../../arm-elf/lib/interwork/libc.a(impure.o)
__restoreIrq_change_to_arm                        /cygdrive/c/Embedded/GNUARM/bin/../lib/gcc/arm-elf/4.1.1/../../../../arm-elf/lib/interwork/libc.a(impure.o)
__restoreIrq_from_thumb                           /cygdrive/c/Embedded/GNUARM/bin/../lib/gcc/arm-elf/4.1.1/../../../../arm-elf/lib/interwork/libc.a(impure.o)
__simplePrintf_change_to_arm                      /cygdrive/c/Embedded/GNUARM/bin/../lib/gcc/arm-elf/4.1.1/../../../../arm-elf/lib/interwork/libc.a(impure.o)
__simplePrintf_from_thumb                         /cygdrive/c/Embedded/GNUARM/bin/../lib/gcc/arm-elf/4.1.1/../../../../arm-elf/lib/interwork/libc.a(impure.o)
__srand_change_to_arm                             /cygdrive/c/Embedded/GNUARM/bin/../lib/gcc/arm-elf/4.1.1/../../../../arm-elf/lib/interwork/libc.a(impure.o)
__srand_from_thumb                                /cygdrive/c/Embedded/GNUARM/bin/../lib/gcc/arm-elf/4.1.1/../../../../arm-elf/lib/interwork/libc.a(impure.o)
__startHighProc_oshal_change_to_arm               /cygdrive/c/Embedded/GNUARM/bin/../lib/gcc/arm-elf/4.1.1/../../../../arm-elf/lib/interwork/libc.a(impure.o)
__startHighProc_oshal_from_thumb                  /cygdrive/c/Embedded/GNUARM/bin/../lib/gcc/arm-elf/4.1.1/../../../../arm-elf/lib/interwork/libc.a(impure.o)
__stkFrameInit_oshal_change_to_arm                /cygdrive/c/Embedded/GNUARM/bin/../lib/gcc/arm-elf/4.1.1/../../../../arm-elf/lib/interwork/libc.a(impure.o)
__stkFrameInit_oshal_from_thumb                   /cygdrive/c/Embedded/GNUARM/bin/../lib/gcc/arm-elf/4.1.1/../../../../arm-elf/lib/interwork/libc.a(impure.o)
__udivsi3                                         /cygdrive/c/Embedded/GNUARM/bin/../lib/gcc/arm-elf/4.1.1/interwork/libgcc.a(_udivsi3.o)
                                                  /cygdrive/c/Embedded/GNUARM/bin/../lib/gcc/arm-elf/4.1.1/../../../../arm-elf/lib/interwork/libc.a(strtol.o)
                                                  pre_emptive_os/pre_emptive_os.a(stack_usage.o)
                                                  startup/libea_startup_thumb.a(consol.o)
                                                  exampleGame.o
__umodsi3                                         /cygdrive/c/Embedded/GNUARM/bin/../lib/gcc/arm-elf/4.1.1/interwork/libgcc.a(_umodsi3.o)
                                                  /cygdrive/c/Embedded/GNUARM/bin/../lib/gcc/arm-elf/4.1.1/../../../../arm-elf/lib/interwork/libc.a(strtol.o)
                                                  startup/libea_startup_thumb.a(consol.o)
                                                  exampleGame.o
_atoi_r                                           /cygdrive/c/Embedded/GNUARM/bin/../lib/gcc/arm-elf/4.1.1/../../../../arm-elf/lib/interwork/libc.a(atoi.o)
_call_via_fp                                      /cygdrive/c/Embedded/GNUARM/bin/../lib/gcc/arm-elf/4.1.1/interwork/libgcc.a(_call_via_rX.o)
_call_via_ip                                      /cygdrive/c/Embedded/GNUARM/bin/../lib/gcc/arm-elf/4.1.1/interwork/libgcc.a(_call_via_rX.o)
_call_via_lr                                      /cygdrive/c/Embedded/GNUARM/bin/../lib/gcc/arm-elf/4.1.1/interwork/libgcc.a(_call_via_rX.o)
_call_via_r0                                      /cygdrive/c/Embedded/GNUARM/bin/../lib/gcc/arm-elf/4.1.1/interwork/libgcc.a(_call_via_rX.o)
_call_via_r1                                      /cygdrive/c/Embedded/GNUARM/bin/../lib/gcc/arm-elf/4.1.1/interwork/libgcc.a(_call_via_rX.o)
_call_via_r2                                      /cygdrive/c/Embedded/GNUARM/bin/../lib/gcc/arm-elf/4.1.1/interwork/libgcc.a(_call_via_rX.o)
_call_via_r3                                      /cygdrive/c/Embedded/GNUARM/bin/../lib/gcc/arm-elf/4.1.1/interwork/libgcc.a(_call_via_rX.o)
_call_via_r4                                      /cygdrive/c/Embedded/GNUARM/bin/../lib/gcc/arm-elf/4.1.1/interwork/libgcc.a(_call_via_rX.o)
                                                  pre_emptive_os/pre_emptive_os.a(timer.o)
_call_via_r5                                      /cygdrive/c/Embedded/GNUARM/bin/../lib/gcc/arm-elf/4.1.1/interwork/libgcc.a(_call_via_rX.o)
_call_via_r6                                      /cygdrive/c/Embedded/GNUARM/bin/../lib/gcc/arm-elf/4.1.1/interwork/libgcc.a(_call_via_rX.o)
_call_via_r7                                      /cygdrive/c/Embedded/GNUARM/bin/../lib/gcc/arm-elf/4.1.1/interwork/libgcc.a(_call_via_rX.o)
_call_via_r8                                      /cygdrive/c/Embedded/GNUARM/bin/../lib/gcc/arm-elf/4.1.1/interwork/libgcc.a(_call_via_rX.o)
_call_via_r9                                      /cygdrive/c/Embedded/GNUARM/bin/../lib/gcc/arm-elf/4.1.1/interwork/libgcc.a(_call_via_rX.o)
_call_via_sl                                      /cygdrive/c/Embedded/GNUARM/bin/../lib/gcc/arm-elf/4.1.1/interwork/libgcc.a(_call_via_rX.o)
_call_via_sp                                      /cygdrive/c/Embedded/GNUARM/bin/../lib/gcc/arm-elf/4.1.1/interwork/libgcc.a(_call_via_rX.o)
_ctype_                                           /cygdrive/c/Embedded/GNUARM/bin/../lib/gcc/arm-elf/4.1.1/../../../../arm-elf/lib/interwork/libc.a(ctype_.o)
_data                                             startup/libea_startup_thumb.a(startup.o)
_edata                                            startup/libea_startup_thumb.a(startup.o)
_etext                                            startup/libea_startup_thumb.a(startup.o)
_global_impure_ptr                                /cygdrive/c/Embedded/GNUARM/bin/../lib/gcc/arm-elf/4.1.1/../../../../arm-elf/lib/interwork/libc.a(impure.o)
_impure_ptr                                       /cygdrive/c/Embedded/GNUARM/bin/../lib/gcc/arm-elf/4.1.1/../../../../arm-elf/lib/interwork/libc.a(impure.o)
                                                  /cygdrive/c/Embedded/GNUARM/bin/../lib/gcc/arm-elf/4.1.1/../../../../arm-elf/lib/interwork/libc.a(strtol.o)
                                                  /cygdrive/c/Embedded/GNUARM/bin/../lib/gcc/arm-elf/4.1.1/../../../../arm-elf/lib/interwork/libc.a(rand.o)
_startup                                          startup/libea_startup_thumb.a(startup.o)
_strtol_r                                         /cygdrive/c/Embedded/GNUARM/bin/../lib/gcc/arm-elf/4.1.1/../../../../arm-elf/lib/interwork/libc.a(strtol.o)
                                                  /cygdrive/c/Embedded/GNUARM/bin/../lib/gcc/arm-elf/4.1.1/../../../../arm-elf/lib/interwork/libc.a(atoi.o)
activeBlock                                       tetris.o
addToPrioQueue                                    pre_emptive_os/pre_emptive_os.a(prioqueue.o)
                                                  pre_emptive_os/pre_emptive_os.a(event.o)
                                                  pre_emptive_os/pre_emptive_os.a(kernel.o)
addToRdyList                                      pre_emptive_os/pre_emptive_os.a(kernel.o)
                                                  pre_emptive_os/pre_emptive_os.a(event.o)
addToTimeList                                     pre_emptive_os/pre_emptive_os.a(kernel.o)
                                                  pre_emptive_os/pre_emptive_os.a(event.o)
appTick                                           main.o
                                                  pre_emptive_os/pre_emptive_os.a(kernel.o)
applyJoystickMovement                             tetris.o
[...]
detectCollisionLeft                               tetris.o
detectCollisionRight                              tetris.o
disIrq                                            irq_code/irqUart.a(irqUart.o)
                                                  uart.o
drawBoard                                         tetris.o
drawMainMenu                                      mainMenu.o
                                                  main.o
drawMenu                                          select.o
                                                  mainMenu.o
                                                  exampleGame.o
eaInit                                            startup/libea_startup_thumb.a(framework.o)
                                                  main.o
eepromPageRead                                    eeprom.o
                                                  mainMenu.o
eepromPoll                                        eeprom.o
eepromStartRead                                   eeprom.o
eepromWrite                                       eeprom.o
                                                  mainMenu.o
end                                               startup/libea_startup_thumb.a(framework.o)
eventInit                                         pre_emptive_os/pre_emptive_os.a(event.o)
                                                  pre_emptive_os/pre_emptive_os.a(count_sem.o)
eventIsEmpty                                      pre_emptive_os/pre_emptive_os.a(event.o)
                                                  pre_emptive_os/pre_emptive_os.a(count_sem.o)
eventSignal                                       pre_emptive_os/pre_emptive_os.a(event.o)
                                                  pre_emptive_os/pre_emptive_os.a(count_sem.o)
eventWait                                         pre_emptive_os/pre_emptive_os.a(event.o)
                                                  pre_emptive_os/pre_emptive_os.a(count_sem.o)
eventWaitReturn                                   pre_emptive_os/pre_emptive_os.a(event.o)
                                                  pre_emptive_os/pre_emptive_os.a(count_sem.o)
exceptionHandlerInit                              startup/libea_startup_thumb.a(framework.o)
                                                  startup/libea_startup_thumb.a(startup.o)
figures                                           exampleGame.o
generalIRQ_oshal                                  pre_emptive_os/pre_emptive_os.a(a7hal_a.o)
                                                  pre_emptive_os/pre_emptive_os.a(a7hal.o)
getHighPrioQueue                                  pre_emptive_os/pre_emptive_os.a(prioqueue.o)
                                                  pre_emptive_os/pre_emptive_os.a(event.o)
                                                  pre_emptive_os/pre_emptive_os.a(kernel.o)
getI2cLock                                        i2c.o
                                                  eeprom.o
getKeys                                           hw.o
                                                  key.o
halDisableInterrupts_oshal                        pre_emptive_os/pre_emptive_os.a(a7hal.o)
                                                  pre_emptive_os/pre_emptive_os.a(timer.o)
                                                  pre_emptive_os/pre_emptive_os.a(count_sem.o)
                                                  pre_emptive_os/pre_emptive_os.a(kernel.o)
halEnableInterrupts_oshal                         pre_emptive_os/pre_emptive_os.a(a7hal.o)
halRestoreInterrupts_oshal                        pre_emptive_os/pre_emptive_os.a(a7hal.o)
                                                  pre_emptive_os/pre_emptive_os.a(timer.o)
                                                  pre_emptive_os/pre_emptive_os.a(count_sem.o)
                                                  pre_emptive_os/pre_emptive_os.a(kernel.o)
handleIRQs_oshal                                  pre_emptive_os/pre_emptive_os.a(a7hal.o)
                                                  pre_emptive_os/pre_emptive_os.a(a7hal_a.o)
i2cCheckStatus                                    i2c.o
                                                  eeprom.o
i2cGetChar                                        i2c.o
                                                  eeprom.o
i2cInit                                           i2c.o
                                                  hw.o
i2cMyWrite                                        i2c.o
i2cPutChar                                        i2c.o
                                                  eeprom.o
i2cRead                                           i2c.o
i2cRepeatStart                                    i2c.o
                                                  eeprom.o
i2cStart                                          i2c.o
                                                  eeprom.o
i2cStop                                           i2c.o
                                                  eeprom.o
i2cWaitTransmit                                   i2c.o
i2cWrite                                          i2c.o
i2cWriteWithWait                                  i2c.o
                                                  eeprom.o
immediateIoInit                                   hw.o
                                                  main.o
initKeyProc                                       key.o
                                                  main.o
initPrioQueue                                     pre_emptive_os/pre_emptive_os.a(prioqueue.o)
                                                  pre_emptive_os/pre_emptive_os.a(event.o)
                                                  pre_emptive_os/pre_emptive_os.a(kernel.o)
initSpiForLcd                                     hw.o
                                                  lcd.o
initTimer_oshal                                   pre_emptive_os/pre_emptive_os.a(a7hal.o)
                                                  pre_emptive_os/pre_emptive_os.a(kernel.o)
initUart1                                         uart.o
isEmptyPrioQueue                                  pre_emptive_os/pre_emptive_os.a(prioqueue.o)
                                                  pre_emptive_os/pre_emptive_os.a(event.o)
isInActiveBlock                                   tetris.o
isrNesting                                        pre_emptive_os/pre_emptive_os.a(kernel.o)
                                                  pre_emptive_os/pre_emptive_os.a(event.o)
                                                  pre_emptive_os/pre_emptive_os.a(a7hal_a.o)
                                                  pre_emptive_os/pre_emptive_os.a(count_sem.o)
lcdClrscr                                         lcd.o
                                                  mainMenu.o
                                                  tetris.o
lcdColor                                          lcd.o
                                                  exampleGame.o
                                                  select.o
lcdContrast                                       lcd.o
lcdData                                           lcd.o
lcdGotoxy                                         lcd.o
                                                  exampleGame.o
                                                  select.o
lcdIcon                                           lcd.o
lcdInit                                           lcd.o
                                                  main.o
lcdOff                                            lcd.o
lcdPutchar                                        lcd.o
lcdPuts                                           lcd.o
                                                  mainMenu.o
                                                  exampleGame.o
                                                  select.o
lcdRect                                           lcd.o
                                                  mainMenu.o
                                                  tetris.o
                                                  exampleGame.o
                                                  select.o
lcdRectBrd                                        lcd.o
                                                  exampleGame.o
lcdWindow                                         lcd.o
lcdWrcmd                                          lcd.o
lcdWrdata                                         lcd.o
lm75Read                                          eeprom.o
lowLevelInit                                      startup/libea_startup_thumb.a(framework.o)
                                                  startup/libea_startup_thumb.a(startup.o)
main                                              main.o
                                                  startup/libea_startup_thumb.a(startup.o)
memcpy                                            /cygdrive/c/Embedded/GNUARM/bin/../lib/gcc/arm-elf/4.1.1/../../../../arm-elf/lib/interwork/libc.a(memcpy.o)
                                                  startup/libea_startup_thumb.a(consol.o)
                                                  hw.o
moveActiveBlock                                   tetris.o
ms                                                exampleGame.o
                                                  main.o
osCreateProcess                                   pre_emptive_os/pre_emptive_os.a(kernel.o)
                                                  pre_emptive_os/pre_emptive_os.a(timer.o)
                                                  key.o
                                                  main.o
osCreateTimer                                     pre_emptive_os/pre_emptive_os.a(timer.o)
osDeleteProcess                                   pre_emptive_os/pre_emptive_os.a(kernel.o)
                                                  main.o
osDeleteTimer                                     pre_emptive_os/pre_emptive_os.a(timer.o)
osGetHighPrioProc                                 pre_emptive_os/pre_emptive_os.a(kernel.o)
osISREnter                                        pre_emptive_os/pre_emptive_os.a(kernel.o)
osISRExit                                         pre_emptive_os/pre_emptive_os.a(kernel.o)
                                                  pre_emptive_os/pre_emptive_os.a(a7hal_a.o)
osInit                                            pre_emptive_os/pre_emptive_os.a(kernel.o)
                                                  main.o
osInitTimers                                      pre_emptive_os/pre_emptive_os.a(timer.o)
osLockNesting                                     pre_emptive_os/pre_emptive_os.a(kernel.o)
osPid                                             pre_emptive_os/pre_emptive_os.a(kernel.o)
osResume                                          pre_emptive_os/pre_emptive_os.a(kernel.o)
osSemGive                                         pre_emptive_os/pre_emptive_os.a(count_sem.o)
                                                  pre_emptive_os/pre_emptive_os.a(timer.o)
                                                  irq_code/irqUart.a(irqUart.o)
                                                  i2c.o
osSemInit                                         pre_emptive_os/pre_emptive_os.a(count_sem.o)
                                                  pre_emptive_os/pre_emptive_os.a(timer.o)
                                                  i2c.o
                                                  uart.o
osSemTake                                         pre_emptive_os/pre_emptive_os.a(count_sem.o)
                                                  pre_emptive_os/pre_emptive_os.a(timer.o)
                                                  i2c.o
                                                  uart.o
osSemTryTake                                      pre_emptive_os/pre_emptive_os.a(count_sem.o)
osSleep                                           pre_emptive_os/pre_emptive_os.a(kernel.o)
                                                  mainMenu.o
                                                  hw.o
                                                  exampleGame.o
                                                  select.o
                                                  key.o
                                                  lcd.o
                                                  main.o
osStackUsage                                      pre_emptive_os/pre_emptive_os.a(stack_usage.o)
osStart                                           pre_emptive_os/pre_emptive_os.a(kernel.o)
                                                  main.o
osStartProcess                                    pre_emptive_os/pre_emptive_os.a(kernel.o)
                                                  pre_emptive_os/pre_emptive_os.a(timer.o)
                                                  key.o
                                                  main.o
osSuspend                                         pre_emptive_os/pre_emptive_os.a(kernel.o)
osTick                                            pre_emptive_os/pre_emptive_os.a(kernel.o)
                                                  pre_emptive_os/pre_emptive_os.a(a7hal.o)
pHeapEnd                                          startup/libea_startup_thumb.a(framework.o)
pHeapStart                                        startup/libea_startup_thumb.a(framework.o)
pNxtToRun                                         pre_emptive_os/pre_emptive_os.a(kernel.o)
                                                  pre_emptive_os/pre_emptive_os.a(a7hal_a.o)
pRunProc                                          pre_emptive_os/pre_emptive_os.a(kernel.o)
                                                  pre_emptive_os/pre_emptive_os.a(event.o)
                                                  pre_emptive_os/pre_emptive_os.a(a7hal_a.o)
pca9532                                           eeprom.o
                                                  hw.o
playExample                                       exampleGame.o
playTetris                                        tetris.o
                                                  mainMenu.o
processControlBlocks                              pre_emptive_os/pre_emptive_os.a(event.o)
                                                  pre_emptive_os/pre_emptive_os.a(stack_usage.o)
                                                  pre_emptive_os/pre_emptive_os.a(kernel.o)
rand                                              /cygdrive/c/Embedded/GNUARM/bin/../lib/gcc/arm-elf/4.1.1/../../../../arm-elf/lib/interwork/libc.a(rand.o)
                                                  exampleGame.o
receiveSem                                        irq_code/irqUart.a(irqUart.o)
                                                  uart.o
releaseI2cLock                                    i2c.o
                                                  eeprom.o
resetBT                                           hw.o
resetLCD                                          hw.o
                                                  main.o
restoreIrq                                        irq_code/irqUart.a(irqUart.o)
                                                  uart.o
rmvFromPrioQueue                                  pre_emptive_os/pre_emptive_os.a(prioqueue.o)
                                                  pre_emptive_os/pre_emptive_os.a(event.o)
                                                  pre_emptive_os/pre_emptive_os.a(kernel.o)
rmvFromRdyList                                    pre_emptive_os/pre_emptive_os.a(kernel.o)
                                                  pre_emptive_os/pre_emptive_os.a(event.o)
rmvFromTimeList                                   pre_emptive_os/pre_emptive_os.a(kernel.o)
                                                  pre_emptive_os/pre_emptive_os.a(event.o)
rotateActiveBlock                                 tetris.o
sampleKey                                         key.o
schedule                                          pre_emptive_os/pre_emptive_os.a(kernel.o)
                                                  pre_emptive_os/pre_emptive_os.a(event.o)
                                                  pre_emptive_os/pre_emptive_os.a(count_sem.o)
selectLCD                                         hw.o
                                                  lcd.o
sendToLCD                                         hw.o
                                                  lcd.o
setBuzzer                                         hw.o
                                                  main.o
setLED                                            hw.o
                                                  main.o
simplePrintf                                      startup/libea_startup_thumb.a(consol.o)
                                                  main.o
srand                                             /cygdrive/c/Embedded/GNUARM/bin/../lib/gcc/arm-elf/4.1.1/../../../../arm-elf/lib/interwork/libc.a(rand.o)
                                                  exampleGame.o
startHighProc_oshal                               pre_emptive_os/pre_emptive_os.a(a7hal_a.o)
                                                  pre_emptive_os/pre_emptive_os.a(kernel.o)
stkFrameInit_oshal                                pre_emptive_os/pre_emptive_os.a(a7hal.o)
                                                  pre_emptive_os/pre_emptive_os.a(kernel.o)
strlen                                            /cygdrive/c/Embedded/GNUARM/bin/../lib/gcc/arm-elf/4.1.1/../../../../arm-elf/lib/interwork/libc.a(strlen.o)
                                                  startup/libea_startup_thumb.a(consol.o)
strtol                                            /cygdrive/c/Embedded/GNUARM/bin/../lib/gcc/arm-elf/4.1.1/../../../../arm-elf/lib/interwork/libc.a(strtol.o)
                                                  /cygdrive/c/Embedded/GNUARM/bin/../lib/gcc/arm-elf/4.1.1/../../../../arm-elf/lib/interwork/libc.a(atoi.o)
timerIsr_oshal                                    pre_emptive_os/pre_emptive_os.a(a7hal.o)
timerTick                                         pre_emptive_os/pre_emptive_os.a(timer.o)
                                                  pre_emptive_os/pre_emptive_os.a(kernel.o)
uart1GetCh                                        uart.o
uart1GetChSem                                     uart.o
uart1GetChar                                      uart.o
uart1ISR                                          irq_code/irqUart.a(irqUart.o)
                                                  uart.o
uart1RxBuf                                        irq_code/irqUart.a(irqUart.o)
                                                  uart.o
uart1RxHead                                       uart.o
                                                  irq_code/irqUart.a(irqUart.o)
uart1RxInBuff                                     uart.o
                                                  irq_code/irqUart.a(irqUart.o)
uart1RxTail                                       uart.o
                                                  irq_code/irqUart.a(irqUart.o)
uart1SendCh                                       uart.o
uart1SendChar                                     uart.o
uart1SendChars                                    uart.o
uart1SendString                                   uart.o
uart1TxBuf                                        irq_code/irqUart.a(irqUart.o)
                                                  uart.o
uart1TxHead                                       uart.o
                                                  irq_code/irqUart.a(irqUart.o)
uart1TxRunning                                    uart.o
                                                  irq_code/irqUart.a(irqUart.o)
uart1TxTail                                       uart.o
                                                  irq_code/irqUart.a(irqUart.o)
ver1_0                                            hw.o
ver1_1                                            hw.o
