Archive member included to satisfy reference by file (symbol)

startup/libea_startup_thumb.a(framework.o)
                              main.o (printf_init)
startup/libea_startup_thumb.a(startup.o)
                              (_startup)
startup/libea_startup_thumb.a(consol.o)
                              startup/libea_startup_thumb.a(framework.o) (consolInit)
irq/irq_handler.a(irq_handler.o)
                              main.o (IRQ_Test)
c:/embedded/tools/bin/../lib/gcc/arm-none-eabi/5.4.1\libgcc.a(_udivsi3.o)
                              startup/libea_startup_thumb.a(consol.o) (__aeabi_uidiv)
c:/embedded/tools/bin/../lib/gcc/arm-none-eabi/5.4.1\libgcc.a(_dvmd_tls.o)
                              c:/embedded/tools/bin/../lib/gcc/arm-none-eabi/5.4.1\libgcc.a(_udivsi3.o) (__aeabi_idiv0)
c:/embedded/tools/bin/../lib/gcc/arm-none-eabi/5.4.1\libgcc.a(_aeabi_uldivmod.o)
                              main.o (__aeabi_uldivmod)
c:/embedded/tools/bin/../lib/gcc/arm-none-eabi/5.4.1\libgcc.a(_muldi3.o)
                              main.o (__aeabi_lmul)
c:/embedded/tools/bin/../lib/gcc/arm-none-eabi/5.4.1\libgcc.a(_udivmoddi4.o)
                              c:/embedded/tools/bin/../lib/gcc/arm-none-eabi/5.4.1\libgcc.a(_aeabi_uldivmod.o) (__udivmoddi4)
c:/embedded/tools/bin/../lib/gcc/arm-none-eabi/5.4.1\libgcc.a(_clzdi2.o)
                              c:/embedded/tools/bin/../lib/gcc/arm-none-eabi/5.4.1\libgcc.a(_udivmoddi4.o) (__clzdi2)
c:/embedded/tools/bin/../lib/gcc/arm-none-eabi/5.4.1\libgcc.a(_clzsi2.o)
                              c:/embedded/tools/bin/../lib/gcc/arm-none-eabi/5.4.1\libgcc.a(_clzdi2.o) (__clzsi2)
c:/embedded/tools/bin/../lib/gcc/arm-none-eabi/5.4.1/../../../../arm-none-eabi/lib\libc_nano.a(lib_a-atoi.o)
                              startup/libea_startup_thumb.a(consol.o) (atoi)
c:/embedded/tools/bin/../lib/gcc/arm-none-eabi/5.4.1/../../../../arm-none-eabi/lib\libc_nano.a(lib_a-printf.o)
                              main.o (printf)
c:/embedded/tools/bin/../lib/gcc/arm-none-eabi/5.4.1/../../../../arm-none-eabi/lib\libc_nano.a(lib_a-puts.o)
                              main.o (puts)
c:/embedded/tools/bin/../lib/gcc/arm-none-eabi/5.4.1/../../../../arm-none-eabi/lib\libc_nano.a(lib_a-strlen.o)
                              startup/libea_startup_thumb.a(consol.o) (strlen)
c:/embedded/tools/bin/../lib/gcc/arm-none-eabi/5.4.1/../../../../arm-none-eabi/lib\libc_nano.a(lib_a-strtol.o)
                              c:/embedded/tools/bin/../lib/gcc/arm-none-eabi/5.4.1/../../../../arm-none-eabi/lib\libc_nano.a(lib_a-atoi.o) (_strtol_r)
c:/embedded/tools/bin/../lib/gcc/arm-none-eabi/5.4.1/../../../../arm-none-eabi/lib\libc_nano.a(lib_a-wbuf.o)
                              c:/embedded/tools/bin/../lib/gcc/arm-none-eabi/5.4.1/../../../../arm-none-eabi/lib\libc_nano.a(lib_a-puts.o) (__swbuf_r)
c:/embedded/tools/bin/../lib/gcc/arm-none-eabi/5.4.1/../../../../arm-none-eabi/lib\libc_nano.a(lib_a-wsetup.o)
                              c:/embedded/tools/bin/../lib/gcc/arm-none-eabi/5.4.1/../../../../arm-none-eabi/lib\libc_nano.a(lib_a-puts.o) (__swsetup_r)
c:/embedded/tools/bin/../lib/gcc/arm-none-eabi/5.4.1/../../../../arm-none-eabi/lib\libc_nano.a(lib_a-ctype_.o)
                              c:/embedded/tools/bin/../lib/gcc/arm-none-eabi/5.4.1/../../../../arm-none-eabi/lib\libc_nano.a(lib_a-strtol.o) (__ctype_ptr__)
c:/embedded/tools/bin/../lib/gcc/arm-none-eabi/5.4.1/../../../../arm-none-eabi/lib\libc_nano.a(lib_a-fflush.o)
                              c:/embedded/tools/bin/../lib/gcc/arm-none-eabi/5.4.1/../../../../arm-none-eabi/lib\libc_nano.a(lib_a-wbuf.o) (_fflush_r)
c:/embedded/tools/bin/../lib/gcc/arm-none-eabi/5.4.1/../../../../arm-none-eabi/lib\libc_nano.a(lib_a-findfp.o)
                              c:/embedded/tools/bin/../lib/gcc/arm-none-eabi/5.4.1/../../../../arm-none-eabi/lib\libc_nano.a(lib_a-printf.o) (__sinit)
c:/embedded/tools/bin/../lib/gcc/arm-none-eabi/5.4.1/../../../../arm-none-eabi/lib\libc_nano.a(lib_a-fwalk.o)
                              c:/embedded/tools/bin/../lib/gcc/arm-none-eabi/5.4.1/../../../../arm-none-eabi/lib\libc_nano.a(lib_a-findfp.o) (_fwalk)
c:/embedded/tools/bin/../lib/gcc/arm-none-eabi/5.4.1/../../../../arm-none-eabi/lib\libc_nano.a(lib_a-impure.o)
                              c:/embedded/tools/bin/../lib/gcc/arm-none-eabi/5.4.1/../../../../arm-none-eabi/lib\libc_nano.a(lib_a-fflush.o) (_global_impure_ptr)
c:/embedded/tools/bin/../lib/gcc/arm-none-eabi/5.4.1/../../../../arm-none-eabi/lib\libc_nano.a(lib_a-makebuf.o)
                              c:/embedded/tools/bin/../lib/gcc/arm-none-eabi/5.4.1/../../../../arm-none-eabi/lib\libc_nano.a(lib_a-wsetup.o) (__smakebuf_r)
c:/embedded/tools/bin/../lib/gcc/arm-none-eabi/5.4.1/../../../../arm-none-eabi/lib\libc_nano.a(lib_a-memset.o)
                              c:/embedded/tools/bin/../lib/gcc/arm-none-eabi/5.4.1/../../../../arm-none-eabi/lib\libc_nano.a(lib_a-findfp.o) (memset)
[...]
Memory Configuration

Name             Origin             Length             Attributes
FLASH            0x00000000         0x00020000         xr
RAM              0x40000000         0x00004000         rw
*default*        0x00000000         0xffffffff

Linker script and memory map

LOAD main.o
LOAD startup/libea_startup_thumb.a
LOAD irq/irq_handler.a
LOAD c:/embedded/tools/bin/../lib/gcc/arm-none-eabi/5.4.1/../../../../arm-none-eabi/lib\libstdc++_nano.a
LOAD c:/embedded/tools/bin/../lib/gcc/arm-none-eabi/5.4.1/../../../../arm-none-eabi/lib\libm.a
START GROUP
LOAD c:/embedded/tools/bin/../lib/gcc/arm-none-eabi/5.4.1\libgcc.a
LOAD c:/embedded/tools/bin/../lib/gcc/arm-none-eabi/5.4.1/../../../../arm-none-eabi/lib\libc_nano.a
END GROUP
START GROUP
LOAD c:/embedded/tools/bin/../lib/gcc/arm-none-eabi/5.4.1\libgcc.a
LOAD c:/embedded/tools/bin/../lib/gcc/arm-none-eabi/5.4.1/../../../../arm-none-eabi/lib\libc_nano.a
LOAD c:/embedded/tools/bin/../lib/gcc/arm-none-eabi/5.4.1/../../../../arm-none-eabi/lib\libnosys.a
END GROUP
START GROUP
LOAD c:/embedded/tools/bin/../lib/gcc/arm-none-eabi/5.4.1\libgcc.a
LOAD c:/embedded/tools/bin/../lib/gcc/arm-none-eabi/5.4.1/../../../../arm-none-eabi/lib\libc_nano.a
LOAD c:/embedded/tools/bin/../lib/gcc/arm-none-eabi/5.4.1/../../../../arm-none-eabi/lib\libnosys.a
END GROUP

.text           0x00000000     0x1ac8
 *startup.o(.text)
 .text          0x00000000      0x1bc startup/libea_startup_thumb.a(startup.o)
                0x00000000                _startup
 *(.text)
 .text          0x000001bc      0x298 main.o
                0x00000348                main
 .text          0x00000454      0x45c startup/libea_startup_thumb.a(framework.o)
                0x000005a8                exceptionHandlerInit
                0x00000638                lowLevelInit
                0x0000081c                printf_init
 .text          0x000008b0      0xce4 startup/libea_startup_thumb.a(consol.o)
                0x00000c60                consolInit
                0x00000cf8                consolSendChar
                0x00000d48                consolSendCh
                0x00000d8c                consolSendString
                0x00000dd8                consolSendNumber
                0x00001004                simplePrintf
                0x00001044                consolGetCh
                0x00001088                consolGetChar
                0x000010e4                consolGetString
                0x00001194                consolGetIntNum
                0x000013e4                consolScanf
 .text          0x00001594       0x90 irq/irq_handler.a(irq_handler.o)
                0x00001594                IRQ_Test
 .text          0x00001624      0x114 c:/embedded/tools/bin/../lib/gcc/arm-none-eabi/5.4.1\libgcc.a(_udivsi3.o)
                0x00001624                __aeabi_uidiv
                0x00001624                __udivsi3
                0x00001718                __aeabi_uidivmod
 .text          0x00001738        0x4 c:/embedded/tools/bin/../lib/gcc/arm-none-eabi/5.4.1\libgcc.a(_dvmd_tls.o)
                0x00001738                __aeabi_idiv0
                0x00001738                __aeabi_ldiv0
 .text          0x0000173c       0x3c c:/embedded/tools/bin/../lib/gcc/arm-none-eabi/5.4.1\libgcc.a(_aeabi_uldivmod.o)
                0x0000173c                __aeabi_uldivmod
 .text          0x00001778       0x20 c:/embedded/tools/bin/../lib/gcc/arm-none-eabi/5.4.1\libgcc.a(_muldi3.o)
                0x00001778                __muldi3
                0x00001778                __aeabi_lmul
 .text          0x00001798      0x12c c:/embedded/tools/bin/../lib/gcc/arm-none-eabi/5.4.1\libgcc.a(_udivmoddi4.o)
                0x00001798                __udivmoddi4
 .text          0x000018c4       0x28 c:/embedded/tools/bin/../lib/gcc/arm-none-eabi/5.4.1\libgcc.a(_clzdi2.o)
                0x000018c4                __clzdi2
 .text          0x000018ec       0x48 c:/embedded/tools/bin/../lib/gcc/arm-none-eabi/5.4.1\libgcc.a(_clzsi2.o)
                0x000018ec                __clzsi2
 .text          0x00001934        0x0 c:/embedded/tools/bin/../lib/gcc/arm-none-eabi/5.4.1/../../../../arm-none-eabi/lib\libc_nano.a(lib_a-atoi.o)
 .text          0x00001934        0x0 c:/embedded/tools/bin/../lib/gcc/arm-none-eabi/5.4.1/../../../../arm-none-eabi/lib\libc_nano.a(lib_a-printf.o)
 .text          0x00001934        0x0 c:/embedded/tools/bin/../lib/gcc/arm-none-eabi/5.4.1/../../../../arm-none-eabi/lib\libc_nano.a(lib_a-puts.o)
 .text          0x00001934        0xe c:/embedded/tools/bin/../lib/gcc/arm-none-eabi/5.4.1/../../../../arm-none-eabi/lib\libc_nano.a(lib_a-strlen.o)
                0x00001934                strlen
 .text          0x00001942        0x0 c:/embedded/tools/bin/../lib/gcc/arm-none-eabi/5.4.1/../../../../arm-none-eabi/lib\libc_nano.a(lib_a-strtol.o)
 .text          0x00001942        0x0 c:/embedded/tools/bin/../lib/gcc/arm-none-eabi/5.4.1/../../../../arm-none-eabi/lib\libc_nano.a(lib_a-wbuf.o)
 .text          0x00001942        0x0 c:/embedded/tools/bin/../lib/gcc/arm-none-eabi/5.4.1/../../../../arm-none-eabi/lib\libc_nano.a(lib_a-wsetup.o)
 .text          0x00001942        0x0 c:/embedded/tools/bin/../lib/gcc/arm-none-eabi/5.4.1/../../../../arm-none-eabi/lib\libc_nano.a(lib_a-ctype_.o)
 .text          0x00001942        0x0 c:/embedded/tools/bin/../lib/gcc/arm-none-eabi/5.4.1/../../../../arm-none-eabi/lib\libc_nano.a(lib_a-fflush.o)
 .text          0x00001942        0x0 c:/embedded/tools/bin/../lib/gcc/arm-none-eabi/5.4.1/../../../../arm-none-eabi/lib\libc_nano.a(lib_a-findfp.o)
 .text          0x00001942        0x0 c:/embedded/tools/bin/../lib/gcc/arm-none-eabi/5.4.1/../../../../arm-none-eabi/lib\libc_nano.a(lib_a-fwalk.o)
 .text          0x00001942        0x0 c:/embedded/tools/bin/../lib/gcc/arm-none-eabi/5.4.1/../../../../arm-none-eabi/lib\libc_nano.a(lib_a-impure.o)
 .text          0x00001942        0x0 c:/embedded/tools/bin/../lib/gcc/arm-none-eabi/5.4.1/../../../../arm-none-eabi/lib\libc_nano.a(lib_a-makebuf.o)
 .text          0x00001942        0x0 c:/embedded/tools/bin/../lib/gcc/arm-none-eabi/5.4.1/../../../../arm-none-eabi/lib\libc_nano.a(lib_a-memset.o)
 .text          0x00001942        0x0 c:/embedded/tools/bin/../lib/gcc/arm-none-eabi/5.4.1/../../../../arm-none-eabi/lib\libc_nano.a(lib_a-nano-freer.o)
 .text          0x00001942        0x0 c:/embedded/tools/bin/../lib/gcc/arm-none-eabi/5.4.1/../../../../arm-none-eabi/lib\libc_nano.a(lib_a-nano-mallocr.o)
 .text          0x00001942        0x0 c:/embedded/tools/bin/../lib/gcc/arm-none-eabi/5.4.1/../../../../arm-none-eabi/lib\libc_nano.a(lib_a-nano-vfprintf.o)
 .text          0x00001942        0x0 c:/embedded/tools/bin/../lib/gcc/arm-none-eabi/5.4.1/../../../../arm-none-eabi/lib\libc_nano.a(lib_a-nano-vfprintf_i.o)
 .text          0x00001942        0x0 c:/embedded/tools/bin/../lib/gcc/arm-none-eabi/5.4.1/../../../../arm-none-eabi/lib\libc_nano.a(lib_a-sbrkr.o)
 .text          0x00001942        0x0 c:/embedded/tools/bin/../lib/gcc/arm-none-eabi/5.4.1/../../../../arm-none-eabi/lib\libc_nano.a(lib_a-stdio.o)
 .text          0x00001942        0x0 c:/embedded/tools/bin/../lib/gcc/arm-none-eabi/5.4.1/../../../../arm-none-eabi/lib\libc_nano.a(lib_a-writer.o)
 .text          0x00001942        0x0 c:/embedded/tools/bin/../lib/gcc/arm-none-eabi/5.4.1/../../../../arm-none-eabi/lib\libc_nano.a(lib_a-closer.o)
 .text          0x00001942        0x0 c:/embedded/tools/bin/../lib/gcc/arm-none-eabi/5.4.1/../../../../arm-none-eabi/lib\libc_nano.a(lib_a-fstatr.o)
 .text          0x00001942        0x0 c:/embedded/tools/bin/../lib/gcc/arm-none-eabi/5.4.1/../../../../arm-none-eabi/lib\libc_nano.a(lib_a-fvwrite.o)
 .text          0x00001942        0x0 c:/embedded/tools/bin/../lib/gcc/arm-none-eabi/5.4.1/../../../../arm-none-eabi/lib\libc_nano.a(lib_a-isattyr.o)
 .text          0x00001942        0x0 c:/embedded/tools/bin/../lib/gcc/arm-none-eabi/5.4.1/../../../../arm-none-eabi/lib\libc_nano.a(lib_a-lseekr.o)
 .text          0x00001942        0x0 c:/embedded/tools/bin/../lib/gcc/arm-none-eabi/5.4.1/../../../../arm-none-eabi/lib\libc_nano.a(lib_a-memchr-stub.o)
 .text          0x00001942        0x0 c:/embedded/tools/bin/../lib/gcc/arm-none-eabi/5.4.1/../../../../arm-none-eabi/lib\libc_nano.a(lib_a-memcpy-stub.o)
 .text          0x00001942        0x0 c:/embedded/tools/bin/../lib/gcc/arm-none-eabi/5.4.1/../../../../arm-none-eabi/lib\libc_nano.a(lib_a-memmove.o)
 .text          0x00001942        0x0 c:/embedded/tools/bin/../lib/gcc/arm-none-eabi/5.4.1/../../../../arm-none-eabi/lib\libc_nano.a(lib_a-mlock.o)
 .text          0x00001942        0x0 c:/embedded/tools/bin/../lib/gcc/arm-none-eabi/5.4.1/../../../../arm-none-eabi/lib\libc_nano.a(lib_a-nano-reallocr.o)
 .text          0x00001942        0x0 c:/embedded/tools/bin/../lib/gcc/arm-none-eabi/5.4.1/../../../../arm-none-eabi/lib\libc_nano.a(lib_a-readr.o)
 .text          0x00001942        0x0 c:/embedded/tools/bin/../lib/gcc/arm-none-eabi/5.4.1/../../../../arm-none-eabi/lib\libc_nano.a(lib_a-reent.o)
 .text          0x00001942        0x0 c:/embedded/tools/bin/../lib/gcc/arm-none-eabi/5.4.1/../../../../arm-none-eabi/lib\libc_nano.a(lib_a-nano-msizer.o)
 *fill*         0x00001942        0x2 00000000
 .text          0x00001944      0x148 c:/embedded/tools/bin/../lib/gcc/arm-none-eabi/5.4.1\libgcc.a(_divsi3.o)
                0x00001944                __divsi3
                0x00001944                __aeabi_idiv
                0x00001a6c                __aeabi_idivmod
 .text          0x00001a8c        0x0 c:/embedded/tools/bin/../lib/gcc/arm-none-eabi/5.4.1/../../../../arm-none-eabi/lib\libnosys.a(close.o)
 .text          0x00001a8c        0x0 c:/embedded/tools/bin/../lib/gcc/arm-none-eabi/5.4.1/../../../../arm-none-eabi/lib\libnosys.a(fstat.o)
 .text          0x00001a8c        0x0 c:/embedded/tools/bin/../lib/gcc/arm-none-eabi/5.4.1/../../../../arm-none-eabi/lib\libnosys.a(isatty.o)
 .text          0x00001a8c        0x0 c:/embedded/tools/bin/../lib/gcc/arm-none-eabi/5.4.1/../../../../arm-none-eabi/lib\libnosys.a(lseek.o)
 .text          0x00001a8c        0x0 c:/embedded/tools/bin/../lib/gcc/arm-none-eabi/5.4.1/../../../../arm-none-eabi/lib\libnosys.a(read.o)
 .text          0x00001a8c        0x0 c:/embedded/tools/bin/../lib/gcc/arm-none-eabi/5.4.1/../../../../arm-none-eabi/lib\libnosys.a(sbrk.o)
 .text          0x00001a8c        0x0 c:/embedded/tools/bin/../lib/gcc/arm-none-eabi/5.4.1/../../../../arm-none-eabi/lib\libnosys.a(write.o)
 *fill*         0x00001a8c        0x4 00000000
 .text.__stub   0x00001a90       0x34 linker stubs
 *(.glue_7)
 .glue_7        0x00001ac8        0x0 linker stubs
 *(.glue_7t)
 .glue_7t       0x00001ac8        0x0 linker stubs

.vfp11_veneer   0x00001ac8        0x0
 .vfp11_veneer  0x00001ac8        0x0 linker stubs

.v4_bx          0x00001ac8        0x0
 .v4_bx         0x00001ac8        0x0 linker stubs

.iplt           0x00001ac8        0x0
 .iplt          0x00001ac8        0x0 main.o

.text.atoi      0x00001ac8       0x18
 .text.atoi     0x00001ac8       0x18 c:/embedded/tools/bin/../lib/gcc/arm-none-eabi/5.4.1/../../../../arm-none-eabi/lib\libc_nano.a(lib_a-atoi.o)
                0x00001ac8                atoi

.text._atoi_r   0x00001ae0       0x18
 .text._atoi_r  0x00001ae0       0x18 c:/embedded/tools/bin/../lib/gcc/arm-none-eabi/5.4.1/../../../../arm-none-eabi/lib\libc_nano.a(lib_a-atoi.o)
                0x00001ae0                _atoi_r

.text._printf_r
                0x00001af8       0x44
 .text._printf_r
                0x00001af8       0x44 c:/embedded/tools/bin/../lib/gcc/arm-none-eabi/5.4.1/../../../../arm-none-eabi/lib\libc_nano.a(lib_a-printf.o)
                0x00001af8                _iprintf_r
                0x00001af8                _printf_r

.text.printf    0x00001b3c       0x54
 .text.printf   0x00001b3c       0x54 c:/embedded/tools/bin/../lib/gcc/arm-none-eabi/5.4.1/../../../../arm-none-eabi/lib\libc_nano.a(lib_a-printf.o)
                0x00001b3c                iprintf
                0x00001b3c                printf

.text._puts_r   0x00001b90      0x150
 .text._puts_r  0x00001b90      0x150 c:/embedded/tools/bin/../lib/gcc/arm-none-eabi/5.4.1/../../../../arm-none-eabi/lib\libc_nano.a(lib_a-puts.o)
                0x00001b90                _puts_r

.text.puts      0x00001ce0       0x14
 .text.puts     0x00001ce0       0x14 c:/embedded/tools/bin/../lib/gcc/arm-none-eabi/5.4.1/../../../../arm-none-eabi/lib\libc_nano.a(lib_a-puts.o)
                0x00001ce0                puts

.text._strtol_r
                0x00001cf4      0x1b4
 .text._strtol_r
                0x00001cf4      0x1b4 c:/embedded/tools/bin/../lib/gcc/arm-none-eabi/5.4.1/../../../../arm-none-eabi/lib\libc_nano.a(lib_a-strtol.o)
                0x00001cf4                _strtol_r

.text.strtol    0x00001ea8       0x1c
 .text.strtol   0x00001ea8       0x1c c:/embedded/tools/bin/../lib/gcc/arm-none-eabi/5.4.1/../../../../arm-none-eabi/lib\libc_nano.a(lib_a-strtol.o)
                0x00001ea8                strtol

.text.__swbuf_r
                0x00001ec4      0x12c
 .text.__swbuf_r
                0x00001ec4      0x12c c:/embedded/tools/bin/../lib/gcc/arm-none-eabi/5.4.1/../../../../arm-none-eabi/lib\libc_nano.a(lib_a-wbuf.o)
                0x00001ec4                __swbuf_r

.text.__swbuf   0x00001ff0       0x18
 .text.__swbuf  0x00001ff0       0x18 c:/embedded/tools/bin/../lib/gcc/arm-none-eabi/5.4.1/../../../../arm-none-eabi/lib\libc_nano.a(lib_a-wbuf.o)
                0x00001ff0                __swbuf

.text.__swsetup_r
                0x00002008      0x164
 .text.__swsetup_r
                0x00002008      0x164 c:/embedded/tools/bin/../lib/gcc/arm-none-eabi/5.4.1/../../../../arm-none-eabi/lib\libc_nano.a(lib_a-wsetup.o)
                0x00002008                __swsetup_r

.text.__sflush_r
                0x0000216c      0x1e8
 .text.__sflush_r
                0x0000216c      0x1e8 c:/embedded/tools/bin/../lib/gcc/arm-none-eabi/5.4.1/../../../../arm-none-eabi/lib\libc_nano.a(lib_a-fflush.o)
                0x0000216c                __sflush_r

.text._fflush_r
                0x00002354       0x90
 .text._fflush_r
                0x00002354       0x90 c:/embedded/tools/bin/../lib/gcc/arm-none-eabi/5.4.1/../../../../arm-none-eabi/lib\libc_nano.a(lib_a-fflush.o)
                0x00002354                _fflush_r

.text.fflush    0x000023e4       0x3c
 .text.fflush   0x000023e4       0x3c c:/embedded/tools/bin/../lib/gcc/arm-none-eabi/5.4.1/../../../../arm-none-eabi/lib\libc_nano.a(lib_a-fflush.o)
                0x000023e4                fflush

.text.__fp_unlock
                0x00002420        0x8
 .text.__fp_unlock
                0x00002420        0x8 c:/embedded/tools/bin/../lib/gcc/arm-none-eabi/5.4.1/../../../../arm-none-eabi/lib\libc_nano.a(lib_a-findfp.o)

.text._cleanup_r
                0x00002428       0x18
 .text._cleanup_r
                0x00002428       0x18 c:/embedded/tools/bin/../lib/gcc/arm-none-eabi/5.4.1/../../../../arm-none-eabi/lib\libc_nano.a(lib_a-findfp.o)
                0x00002428                _cleanup_r

.text.std.isra.0
                0x00002440       0x7c
 .text.std.isra.0
                0x00002440       0x7c c:/embedded/tools/bin/../lib/gcc/arm-none-eabi/5.4.1/../../../../arm-none-eabi/lib\libc_nano.a(lib_a-findfp.o)

.text.__fp_lock
                0x000024bc        0x8
 .text.__fp_lock
                0x000024bc        0x8 c:/embedded/tools/bin/../lib/gcc/arm-none-eabi/5.4.1/../../../../arm-none-eabi/lib\libc_nano.a(lib_a-findfp.o)

.text.__sfmoreglue
                0x000024c4       0x48
 .text.__sfmoreglue
                0x000024c4       0x48 c:/embedded/tools/bin/../lib/gcc/arm-none-eabi/5.4.1/../../../../arm-none-eabi/lib\libc_nano.a(lib_a-findfp.o)
                0x000024c4                __sfmoreglue

.text._cleanup  0x0000250c       0x10
 .text._cleanup
                0x0000250c       0x10 c:/embedded/tools/bin/../lib/gcc/arm-none-eabi/5.4.1/../../../../arm-none-eabi/lib\libc_nano.a(lib_a-findfp.o)
                0x0000250c                _cleanup

.text.__sinit   0x0000251c       0xa4
 .text.__sinit  0x0000251c       0xa4 c:/embedded/tools/bin/../lib/gcc/arm-none-eabi/5.4.1/../../../../arm-none-eabi/lib\libc_nano.a(lib_a-findfp.o)
                0x0000251c                __sinit

.text.__sfp     0x000025c0       0xd8
 .text.__sfp    0x000025c0       0xd8 c:/embedded/tools/bin/../lib/gcc/arm-none-eabi/5.4.1/../../../../arm-none-eabi/lib\libc_nano.a(lib_a-findfp.o)
                0x000025c0                __sfp

.text.__sfp_lock_acquire
                0x00002698        0x4
 .text.__sfp_lock_acquire
                0x00002698        0x4 c:/embedded/tools/bin/../lib/gcc/arm-none-eabi/5.4.1/../../../../arm-none-eabi/lib\libc_nano.a(lib_a-findfp.o)
                0x00002698                __sfp_lock_acquire

.text.__sfp_lock_release
                0x0000269c        0x4
 .text.__sfp_lock_release
                0x0000269c        0x4 c:/embedded/tools/bin/../lib/gcc/arm-none-eabi/5.4.1/../../../../arm-none-eabi/lib\libc_nano.a(lib_a-findfp.o)
                0x0000269c                __sfp_lock_release

.text.__sinit_lock_acquire
                0x000026a0        0x4
 .text.__sinit_lock_acquire
                0x000026a0        0x4 c:/embedded/tools/bin/../lib/gcc/arm-none-eabi/5.4.1/../../../../arm-none-eabi/lib\libc_nano.a(lib_a-findfp.o)
                0x000026a0                __sinit_lock_acquire

.text.__sinit_lock_release
                0x000026a4        0x4
 .text.__sinit_lock_release
                0x000026a4        0x4 c:/embedded/tools/bin/../lib/gcc/arm-none-eabi/5.4.1/../../../../arm-none-eabi/lib\libc_nano.a(lib_a-findfp.o)
                0x000026a4                __sinit_lock_release

.text.__fp_lock_all
                0x000026a8       0x24
 .text.__fp_lock_all
                0x000026a8       0x24 c:/embedded/tools/bin/../lib/gcc/arm-none-eabi/5.4.1/../../../../arm-none-eabi/lib\libc_nano.a(lib_a-findfp.o)
                0x000026a8                __fp_lock_all

.text.__fp_unlock_all
                0x000026cc       0x24
 .text.__fp_unlock_all
                0x000026cc       0x24 c:/embedded/tools/bin/../lib/gcc/arm-none-eabi/5.4.1/../../../../arm-none-eabi/lib\libc_nano.a(lib_a-findfp.o)
                0x000026cc                __fp_unlock_all

.text._fwalk    0x000026f0       0x6c
 .text._fwalk   0x000026f0       0x6c c:/embedded/tools/bin/../lib/gcc/arm-none-eabi/5.4.1/../../../../arm-none-eabi/lib\libc_nano.a(lib_a-fwalk.o)
                0x000026f0                _fwalk

.text._fwalk_reent
                0x0000275c       0x74
 .text._fwalk_reent
                0x0000275c       0x74 c:/embedded/tools/bin/../lib/gcc/arm-none-eabi/5.4.1/../../../../arm-none-eabi/lib\libc_nano.a(lib_a-fwalk.o)
                0x0000275c                _fwalk_reent

.text.__swhatbuf_r
                0x000027d0       0x7c
 .text.__swhatbuf_r
                0x000027d0       0x7c c:/embedded/tools/bin/../lib/gcc/arm-none-eabi/5.4.1/../../../../arm-none-eabi/lib\libc_nano.a(lib_a-makebuf.o)
                0x000027d0                __swhatbuf_r

.text.__smakebuf_r
                0x0000284c       0xd0
 .text.__smakebuf_r
                0x0000284c       0xd0 c:/embedded/tools/bin/../lib/gcc/arm-none-eabi/5.4.1/../../../../arm-none-eabi/lib\libc_nano.a(lib_a-makebuf.o)
                0x0000284c                __smakebuf_r

.text.memset    0x0000291c       0x18
 .text.memset   0x0000291c       0x18 c:/embedded/tools/bin/../lib/gcc/arm-none-eabi/5.4.1/../../../../arm-none-eabi/lib\libc_nano.a(lib_a-memset.o)
                0x0000291c                memset

.text._free_r   0x00002934      0x110
 .text._free_r  0x00002934      0x110 c:/embedded/tools/bin/../lib/gcc/arm-none-eabi/5.4.1/../../../../arm-none-eabi/lib\libc_nano.a(lib_a-nano-freer.o)
                0x00002934                _free_r

.text._malloc_r
                0x00002a44      0x13c
 .text._malloc_r
                0x00002a44      0x13c c:/embedded/tools/bin/../lib/gcc/arm-none-eabi/5.4.1/../../../../arm-none-eabi/lib\libc_nano.a(lib_a-nano-mallocr.o)
                0x00002a44                _malloc_r

.text.__sfputc_r
                0x00002b80       0x54
 .text.__sfputc_r
                0x00002b80       0x54 c:/embedded/tools/bin/../lib/gcc/arm-none-eabi/5.4.1/../../../../arm-none-eabi/lib\libc_nano.a(lib_a-nano-vfprintf.o)

.text.__sfputs_r
                0x00002bd4       0x44
 .text.__sfputs_r
                0x00002bd4       0x44 c:/embedded/tools/bin/../lib/gcc/arm-none-eabi/5.4.1/../../../../arm-none-eabi/lib\libc_nano.a(lib_a-nano-vfprintf.o)
                0x00002bd4                __sfputs_r

.text.__sprint_r
                0x00002c18       0x38
 .text.__sprint_r
                0x00002c18       0x38 c:/embedded/tools/bin/../lib/gcc/arm-none-eabi/5.4.1/../../../../arm-none-eabi/lib\libc_nano.a(lib_a-nano-vfprintf.o)
                0x00002c18                __sprint_r

.text._vfprintf_r
                0x00002c50      0x364
 .text._vfprintf_r
                0x00002c50      0x364 c:/embedded/tools/bin/../lib/gcc/arm-none-eabi/5.4.1/../../../../arm-none-eabi/lib\libc_nano.a(lib_a-nano-vfprintf.o)
                0x00002c50                _vfprintf_r
                0x00002c50                _vfiprintf_r

.text.vfprintf  0x00002fb4       0x1c
 .text.vfprintf
                0x00002fb4       0x1c c:/embedded/tools/bin/../lib/gcc/arm-none-eabi/5.4.1/../../../../arm-none-eabi/lib\libc_nano.a(lib_a-nano-vfprintf.o)
                0x00002fb4                vfprintf
                0x00002fb4                vfiprintf

.text._printf_common
                0x00002fd0      0x178
 .text._printf_common
                0x00002fd0      0x178 c:/embedded/tools/bin/../lib/gcc/arm-none-eabi/5.4.1/../../../../arm-none-eabi/lib\libc_nano.a(lib_a-nano-vfprintf_i.o)
                0x00002fd0                _printf_common

.text._printf_i
                0x00003148      0x3cc
 .text._printf_i
                0x00003148      0x3cc c:/embedded/tools/bin/../lib/gcc/arm-none-eabi/5.4.1/../../../../arm-none-eabi/lib\libc_nano.a(lib_a-nano-vfprintf_i.o)
                0x00003148                _printf_i

.text._sbrk_r   0x00003514       0x3c
 .text._sbrk_r  0x00003514       0x3c c:/embedded/tools/bin/../lib/gcc/arm-none-eabi/5.4.1/../../../../arm-none-eabi/lib\libc_nano.a(lib_a-sbrkr.o)
                0x00003514                _sbrk_r

.text.__sread   0x00003550       0x34
 .text.__sread  0x00003550       0x34 c:/embedded/tools/bin/../lib/gcc/arm-none-eabi/5.4.1/../../../../arm-none-eabi/lib\libc_nano.a(lib_a-stdio.o)
                0x00003550                __sread

.text.__seofread
                0x00003584        0x8
 .text.__seofread
                0x00003584        0x8 c:/embedded/tools/bin/../lib/gcc/arm-none-eabi/5.4.1/../../../../arm-none-eabi/lib\libc_nano.a(lib_a-stdio.o)
                0x00003584                __seofread

.text.__swrite  0x0000358c       0x54
 .text.__swrite
                0x0000358c       0x54 c:/embedded/tools/bin/../lib/gcc/arm-none-eabi/5.4.1/../../../../arm-none-eabi/lib\libc_nano.a(lib_a-stdio.o)
                0x0000358c                __swrite

.text.__sseek   0x000035e0       0x34
 .text.__sseek  0x000035e0       0x34 c:/embedded/tools/bin/../lib/gcc/arm-none-eabi/5.4.1/../../../../arm-none-eabi/lib\libc_nano.a(lib_a-stdio.o)
                0x000035e0                __sseek

.text.__sclose  0x00003614       0x14
 .text.__sclose
                0x00003614       0x14 c:/embedded/tools/bin/../lib/gcc/arm-none-eabi/5.4.1/../../../../arm-none-eabi/lib\libc_nano.a(lib_a-stdio.o)
                0x00003614                __sclose

.text._write_r  0x00003628       0x44
 .text._write_r
                0x00003628       0x44 c:/embedded/tools/bin/../lib/gcc/arm-none-eabi/5.4.1/../../../../arm-none-eabi/lib\libc_nano.a(lib_a-writer.o)
                0x00003628                _write_r

.text._close_r  0x0000366c       0x3c
 .text._close_r
                0x0000366c       0x3c c:/embedded/tools/bin/../lib/gcc/arm-none-eabi/5.4.1/../../../../arm-none-eabi/lib\libc_nano.a(lib_a-closer.o)
                0x0000366c                _close_r

.text._fstat_r  0x000036a8       0x40
 .text._fstat_r
                0x000036a8       0x40 c:/embedded/tools/bin/../lib/gcc/arm-none-eabi/5.4.1/../../../../arm-none-eabi/lib\libc_nano.a(lib_a-fstatr.o)
                0x000036a8                _fstat_r

.text.__sfvwrite_r
                0x000036e8      0x464
 .text.__sfvwrite_r
                0x000036e8      0x464 c:/embedded/tools/bin/../lib/gcc/arm-none-eabi/5.4.1/../../../../arm-none-eabi/lib\libc_nano.a(lib_a-fvwrite.o)
                0x000036e8                __sfvwrite_r

.text._isatty_r
                0x00003b4c       0x3c
 .text._isatty_r
                0x00003b4c       0x3c c:/embedded/tools/bin/../lib/gcc/arm-none-eabi/5.4.1/../../../../arm-none-eabi/lib\libc_nano.a(lib_a-isattyr.o)
                0x00003b4c                _isatty_r

.text._lseek_r  0x00003b88       0x44
 .text._lseek_r
                0x00003b88       0x44 c:/embedded/tools/bin/../lib/gcc/arm-none-eabi/5.4.1/../../../../arm-none-eabi/lib\libc_nano.a(lib_a-lseekr.o)
                0x00003b88                _lseek_r

.text.memchr    0x00003bcc       0x34
 .text.memchr   0x00003bcc       0x34 c:/embedded/tools/bin/../lib/gcc/arm-none-eabi/5.4.1/../../../../arm-none-eabi/lib\libc_nano.a(lib_a-memchr-stub.o)
                0x00003bcc                memchr

.text.memcpy    0x00003c00       0x1c
 .text.memcpy   0x00003c00       0x1c c:/embedded/tools/bin/../lib/gcc/arm-none-eabi/5.4.1/../../../../arm-none-eabi/lib\libc_nano.a(lib_a-memcpy-stub.o)
                0x00003c00                memcpy

.text.memmove   0x00003c1c       0x4c
 .text.memmove  0x00003c1c       0x4c c:/embedded/tools/bin/../lib/gcc/arm-none-eabi/5.4.1/../../../../arm-none-eabi/lib\libc_nano.a(lib_a-memmove.o)
                0x00003c1c                memmove

.text.__malloc_lock
                0x00003c68        0x4
 .text.__malloc_lock
                0x00003c68        0x4 c:/embedded/tools/bin/../lib/gcc/arm-none-eabi/5.4.1/../../../../arm-none-eabi/lib\libc_nano.a(lib_a-mlock.o)
                0x00003c68                __malloc_lock

.text.__malloc_unlock
                0x00003c6c        0x4
 .text.__malloc_unlock
                0x00003c6c        0x4 c:/embedded/tools/bin/../lib/gcc/arm-none-eabi/5.4.1/../../../../arm-none-eabi/lib\libc_nano.a(lib_a-mlock.o)
                0x00003c6c                __malloc_unlock

.text._realloc_r
                0x00003c70       0x7c
 .text._realloc_r
                0x00003c70       0x7c c:/embedded/tools/bin/../lib/gcc/arm-none-eabi/5.4.1/../../../../arm-none-eabi/lib\libc_nano.a(lib_a-nano-reallocr.o)
                0x00003c70                _realloc_r

.text._read_r   0x00003cec       0x44
 .text._read_r  0x00003cec       0x44 c:/embedded/tools/bin/../lib/gcc/arm-none-eabi/5.4.1/../../../../arm-none-eabi/lib\libc_nano.a(lib_a-readr.o)
                0x00003cec                _read_r

.text.cleanup_glue
                0x00003d30       0x2c
 .text.cleanup_glue
                0x00003d30       0x2c c:/embedded/tools/bin/../lib/gcc/arm-none-eabi/5.4.1/../../../../arm-none-eabi/lib\libc_nano.a(lib_a-reent.o)
                0x00003d30                cleanup_glue

.text._reclaim_reent
                0x00003d5c      0x148
 .text._reclaim_reent
                0x00003d5c      0x148 c:/embedded/tools/bin/../lib/gcc/arm-none-eabi/5.4.1/../../../../arm-none-eabi/lib\libc_nano.a(lib_a-reent.o)
                0x00003d5c                _reclaim_reent

.text._malloc_usable_size_r
                0x00003ea4       0x1c
 .text._malloc_usable_size_r
                0x00003ea4       0x1c c:/embedded/tools/bin/../lib/gcc/arm-none-eabi/5.4.1/../../../../arm-none-eabi/lib\libc_nano.a(lib_a-nano-msizer.o)
                0x00003ea4                _malloc_usable_size_r

.text._close    0x00003ec0       0x18
 .text._close   0x00003ec0       0x18 c:/embedded/tools/bin/../lib/gcc/arm-none-eabi/5.4.1/../../../../arm-none-eabi/lib\libnosys.a(close.o)
                0x00003ec0                _close

.text._fstat    0x00003ed8       0x18
 .text._fstat   0x00003ed8       0x18 c:/embedded/tools/bin/../lib/gcc/arm-none-eabi/5.4.1/../../../../arm-none-eabi/lib\libnosys.a(fstat.o)
                0x00003ed8                _fstat

.text._isatty   0x00003ef0       0x18
 .text._isatty  0x00003ef0       0x18 c:/embedded/tools/bin/../lib/gcc/arm-none-eabi/5.4.1/../../../../arm-none-eabi/lib\libnosys.a(isatty.o)
                0x00003ef0                _isatty

.text._lseek    0x00003f08       0x18
 .text._lseek   0x00003f08       0x18 c:/embedded/tools/bin/../lib/gcc/arm-none-eabi/5.4.1/../../../../arm-none-eabi/lib\libnosys.a(lseek.o)
                0x00003f08                _lseek

.text._read     0x00003f20       0x18
 .text._read    0x00003f20       0x18 c:/embedded/tools/bin/../lib/gcc/arm-none-eabi/5.4.1/../../../../arm-none-eabi/lib\libnosys.a(read.o)
                0x00003f20                _read

.text._sbrk     0x00003f38       0x2c
 .text._sbrk    0x00003f38       0x2c c:/embedded/tools/bin/../lib/gcc/arm-none-eabi/5.4.1/../../../../arm-none-eabi/lib\libnosys.a(sbrk.o)
                0x00003f38                _sbrk

.text._write    0x00003f64       0x18
 .text._write   0x00003f64       0x18 c:/embedded/tools/bin/../lib/gcc/arm-none-eabi/5.4.1/../../../../arm-none-eabi/lib\libnosys.a(write.o)
                0x00003f64                _write
                0x00003f7c                . = ALIGN (0x4)

.rodata         0x00003f7c      0x30b
 *(.rodata)
 .rodata        0x00003f7c       0x9b main.o
 *fill*         0x00004017        0x1 
 .rodata        0x00004018       0xb6 startup/libea_startup_thumb.a(framework.o)
 *fill*         0x000040ce        0x2 
 .rodata        0x000040d0       0x18 startup/libea_startup_thumb.a(consol.o)
 *(.rodata*)
 .rodata._ctype_
                0x000040e8      0x101 c:/embedded/tools/bin/../lib/gcc/arm-none-eabi/5.4.1/../../../../arm-none-eabi/lib\libc_nano.a(lib_a-ctype_.o)
                0x000040e8                _ctype_
 *fill*         0x000041e9        0x3 
 .rodata.__sf_fake_stdin
                0x000041ec       0x20 c:/embedded/tools/bin/../lib/gcc/arm-none-eabi/5.4.1/../../../../arm-none-eabi/lib\libc_nano.a(lib_a-findfp.o)
                0x000041ec                __sf_fake_stdin
 .rodata.__sf_fake_stdout
                0x0000420c       0x20 c:/embedded/tools/bin/../lib/gcc/arm-none-eabi/5.4.1/../../../../arm-none-eabi/lib\libc_nano.a(lib_a-findfp.o)
                0x0000420c                __sf_fake_stdout
 .rodata.__sf_fake_stderr
                0x0000422c       0x20 c:/embedded/tools/bin/../lib/gcc/arm-none-eabi/5.4.1/../../../../arm-none-eabi/lib\libc_nano.a(lib_a-findfp.o)
                0x0000422c                __sf_fake_stderr
 .rodata.str1.1
                0x0000424c        0x2 c:/embedded/tools/bin/../lib/gcc/arm-none-eabi/5.4.1/../../../../arm-none-eabi/lib\libc_nano.a(lib_a-impure.o)
 *fill*         0x0000424e        0x2 
 .rodata._global_impure_ptr
                0x00004250        0x4 c:/embedded/tools/bin/../lib/gcc/arm-none-eabi/5.4.1/../../../../arm-none-eabi/lib\libc_nano.a(lib_a-impure.o)
                0x00004250                _global_impure_ptr
 .rodata.str1.1
                0x00004254       0x11 c:/embedded/tools/bin/../lib/gcc/arm-none-eabi/5.4.1/../../../../arm-none-eabi/lib\libc_nano.a(lib_a-nano-vfprintf.o)
 .rodata.str1.1
                0x00004265       0x22 c:/embedded/tools/bin/../lib/gcc/arm-none-eabi/5.4.1/../../../../arm-none-eabi/lib\libc_nano.a(lib_a-nano-vfprintf_i.o)

.ARM.extab      0x00004287        0x0
 .ARM.extab     0x00004287        0x0 c:/embedded/tools/bin/../lib/gcc/arm-none-eabi/5.4.1\libgcc.a(_udivmoddi4.o)

.ARM.exidx      0x00004288        0x8
 .ARM.exidx     0x00004288        0x8 c:/embedded/tools/bin/../lib/gcc/arm-none-eabi/5.4.1\libgcc.a(_udivmoddi4.o)

.rel.dyn        0x00004290        0x0
 .rel.iplt      0x00004290        0x0 main.o
                0x00004290                . = ALIGN (0x4)
                0x00004290                _etext = .
                [!provide]                PROVIDE (etext, .)

.data           0x40000080       0x10 load address 0x00004290
                0x40000080                _data = .
 *(.data)
 .data          0x40000080        0x0 main.o
 .data          0x40000080        0x0 startup/libea_startup_thumb.a(framework.o)
 .data          0x40000080        0x0 startup/libea_startup_thumb.a(startup.o)
 .data          0x40000080       0x10 startup/libea_startup_thumb.a(consol.o)
 .data          0x40000090        0x0 irq/irq_handler.a(irq_handler.o)
 .data          0x40000090        0x0 c:/embedded/tools/bin/../lib/gcc/arm-none-eabi/5.4.1\libgcc.a(_udivsi3.o)
 .data          0x40000090        0x0 c:/embedded/tools/bin/../lib/gcc/arm-none-eabi/5.4.1\libgcc.a(_dvmd_tls.o)
 .data          0x40000090        0x0 c:/embedded/tools/bin/../lib/gcc/arm-none-eabi/5.4.1\libgcc.a(_aeabi_uldivmod.o)
 .data          0x40000090        0x0 c:/embedded/tools/bin/../lib/gcc/arm-none-eabi/5.4.1\libgcc.a(_muldi3.o)
 .data          0x40000090        0x0 c:/embedded/tools/bin/../lib/gcc/arm-none-eabi/5.4.1\libgcc.a(_udivmoddi4.o)
 .data          0x40000090        0x0 c:/embedded/tools/bin/../lib/gcc/arm-none-eabi/5.4.1\libgcc.a(_clzdi2.o)
 .data          0x40000090        0x0 c:/embedded/tools/bin/../lib/gcc/arm-none-eabi/5.4.1\libgcc.a(_clzsi2.o)
 .data          0x40000090        0x0 c:/embedded/tools/bin/../lib/gcc/arm-none-eabi/5.4.1/../../../../arm-none-eabi/lib\libc_nano.a(lib_a-atoi.o)
 .data          0x40000090        0x0 c:/embedded/tools/bin/../lib/gcc/arm-none-eabi/5.4.1/../../../../arm-none-eabi/lib\libc_nano.a(lib_a-printf.o)
 .data          0x40000090        0x0 c:/embedded/tools/bin/../lib/gcc/arm-none-eabi/5.4.1/../../../../arm-none-eabi/lib\libc_nano.a(lib_a-puts.o)
 .data          0x40000090        0x0 c:/embedded/tools/bin/../lib/gcc/arm-none-eabi/5.4.1/../../../../arm-none-eabi/lib\libc_nano.a(lib_a-strlen.o)
 .data          0x40000090        0x0 c:/embedded/tools/bin/../lib/gcc/arm-none-eabi/5.4.1/../../../../arm-none-eabi/lib\libc_nano.a(lib_a-strtol.o)
 .data          0x40000090        0x0 c:/embedded/tools/bin/../lib/gcc/arm-none-eabi/5.4.1/../../../../arm-none-eabi/lib\libc_nano.a(lib_a-wbuf.o)
 .data          0x40000090        0x0 c:/embedded/tools/bin/../lib/gcc/arm-none-eabi/5.4.1/../../../../arm-none-eabi/lib\libc_nano.a(lib_a-wsetup.o)
 .data          0x40000090        0x0 c:/embedded/tools/bin/../lib/gcc/arm-none-eabi/5.4.1/../../../../arm-none-eabi/lib\libc_nano.a(lib_a-ctype_.o)
 .data          0x40000090        0x0 c:/embedded/tools/bin/../lib/gcc/arm-none-eabi/5.4.1/../../../../arm-none-eabi/lib\libc_nano.a(lib_a-fflush.o)
 .data          0x40000090        0x0 c:/embedded/tools/bin/../lib/gcc/arm-none-eabi/5.4.1/../../../../arm-none-eabi/lib\libc_nano.a(lib_a-findfp.o)
 .data          0x40000090        0x0 c:/embedded/tools/bin/../lib/gcc/arm-none-eabi/5.4.1/../../../../arm-none-eabi/lib\libc_nano.a(lib_a-fwalk.o)
 .data          0x40000090        0x0 c:/embedded/tools/bin/../lib/gcc/arm-none-eabi/5.4.1/../../../../arm-none-eabi/lib\libc_nano.a(lib_a-impure.o)
 .data          0x40000090        0x0 c:/embedded/tools/bin/../lib/gcc/arm-none-eabi/5.4.1/../../../../arm-none-eabi/lib\libc_nano.a(lib_a-makebuf.o)
 .data          0x40000090        0x0 c:/embedded/tools/bin/../lib/gcc/arm-none-eabi/5.4.1/../../../../arm-none-eabi/lib\libc_nano.a(lib_a-memset.o)
 .data          0x40000090        0x0 c:/embedded/tools/bin/../lib/gcc/arm-none-eabi/5.4.1/../../../../arm-none-eabi/lib\libc_nano.a(lib_a-nano-freer.o)
 .data          0x40000090        0x0 c:/embedded/tools/bin/../lib/gcc/arm-none-eabi/5.4.1/../../../../arm-none-eabi/lib\libc_nano.a(lib_a-nano-mallocr.o)
 .data          0x40000090        0x0 c:/embedded/tools/bin/../lib/gcc/arm-none-eabi/5.4.1/../../../../arm-none-eabi/lib\libc_nano.a(lib_a-nano-vfprintf.o)
 .data          0x40000090        0x0 c:/embedded/tools/bin/../lib/gcc/arm-none-eabi/5.4.1/../../../../arm-none-eabi/lib\libc_nano.a(lib_a-nano-vfprintf_i.o)
 .data          0x40000090        0x0 c:/embedded/tools/bin/../lib/gcc/arm-none-eabi/5.4.1/../../../../arm-none-eabi/lib\libc_nano.a(lib_a-sbrkr.o)
 .data          0x40000090        0x0 c:/embedded/tools/bin/../lib/gcc/arm-none-eabi/5.4.1/../../../../arm-none-eabi/lib\libc_nano.a(lib_a-stdio.o)
 .data          0x40000090        0x0 c:/embedded/tools/bin/../lib/gcc/arm-none-eabi/5.4.1/../../../../arm-none-eabi/lib\libc_nano.a(lib_a-writer.o)
 .data          0x40000090        0x0 c:/embedded/tools/bin/../lib/gcc/arm-none-eabi/5.4.1/../../../../arm-none-eabi/lib\libc_nano.a(lib_a-closer.o)
 .data          0x40000090        0x0 c:/embedded/tools/bin/../lib/gcc/arm-none-eabi/5.4.1/../../../../arm-none-eabi/lib\libc_nano.a(lib_a-fstatr.o)
 .data          0x40000090        0x0 c:/embedded/tools/bin/../lib/gcc/arm-none-eabi/5.4.1/../../../../arm-none-eabi/lib\libc_nano.a(lib_a-fvwrite.o)
 .data          0x40000090        0x0 c:/embedded/tools/bin/../lib/gcc/arm-none-eabi/5.4.1/../../../../arm-none-eabi/lib\libc_nano.a(lib_a-isattyr.o)
 .data          0x40000090        0x0 c:/embedded/tools/bin/../lib/gcc/arm-none-eabi/5.4.1/../../../../arm-none-eabi/lib\libc_nano.a(lib_a-lseekr.o)
 .data          0x40000090        0x0 c:/embedded/tools/bin/../lib/gcc/arm-none-eabi/5.4.1/../../../../arm-none-eabi/lib\libc_nano.a(lib_a-memchr-stub.o)
 .data          0x40000090        0x0 c:/embedded/tools/bin/../lib/gcc/arm-none-eabi/5.4.1/../../../../arm-none-eabi/lib\libc_nano.a(lib_a-memcpy-stub.o)
 .data          0x40000090        0x0 c:/embedded/tools/bin/../lib/gcc/arm-none-eabi/5.4.1/../../../../arm-none-eabi/lib\libc_nano.a(lib_a-memmove.o)
 .data          0x40000090        0x0 c:/embedded/tools/bin/../lib/gcc/arm-none-eabi/5.4.1/../../../../arm-none-eabi/lib\libc_nano.a(lib_a-mlock.o)
 .data          0x40000090        0x0 c:/embedded/tools/bin/../lib/gcc/arm-none-eabi/5.4.1/../../../../arm-none-eabi/lib\libc_nano.a(lib_a-nano-reallocr.o)
 .data          0x40000090        0x0 c:/embedded/tools/bin/../lib/gcc/arm-none-eabi/5.4.1/../../../../arm-none-eabi/lib\libc_nano.a(lib_a-readr.o)
 .data          0x40000090        0x0 c:/embedded/tools/bin/../lib/gcc/arm-none-eabi/5.4.1/../../../../arm-none-eabi/lib\libc_nano.a(lib_a-reent.o)
 .data          0x40000090        0x0 c:/embedded/tools/bin/../lib/gcc/arm-none-eabi/5.4.1/../../../../arm-none-eabi/lib\libc_nano.a(lib_a-nano-msizer.o)
 .data          0x40000090        0x0 c:/embedded/tools/bin/../lib/gcc/arm-none-eabi/5.4.1\libgcc.a(_divsi3.o)
 .data          0x40000090        0x0 c:/embedded/tools/bin/../lib/gcc/arm-none-eabi/5.4.1/../../../../arm-none-eabi/lib\libnosys.a(close.o)
 .data          0x40000090        0x0 c:/embedded/tools/bin/../lib/gcc/arm-none-eabi/5.4.1/../../../../arm-none-eabi/lib\libnosys.a(fstat.o)
 .data          0x40000090        0x0 c:/embedded/tools/bin/../lib/gcc/arm-none-eabi/5.4.1/../../../../arm-none-eabi/lib\libnosys.a(isatty.o)
 .data          0x40000090        0x0 c:/embedded/tools/bin/../lib/gcc/arm-none-eabi/5.4.1/../../../../arm-none-eabi/lib\libnosys.a(lseek.o)
 .data          0x40000090        0x0 c:/embedded/tools/bin/../lib/gcc/arm-none-eabi/5.4.1/../../../../arm-none-eabi/lib\libnosys.a(read.o)
 .data          0x40000090        0x0 c:/embedded/tools/bin/../lib/gcc/arm-none-eabi/5.4.1/../../../../arm-none-eabi/lib\libnosys.a(sbrk.o)
 .data          0x40000090        0x0 c:/embedded/tools/bin/../lib/gcc/arm-none-eabi/5.4.1/../../../../arm-none-eabi/lib\libnosys.a(write.o)

.igot.plt       0x40000090        0x0 load address 0x000042a0
 .igot.plt      0x40000090        0x0 main.o

.data.__ctype_ptr__
                0x40000090        0x4 load address 0x000042a0
 .data.__ctype_ptr__
                0x40000090        0x4 c:/embedded/tools/bin/../lib/gcc/arm-none-eabi/5.4.1/../../../../arm-none-eabi/lib\libc_nano.a(lib_a-ctype_.o)
                0x40000090                __ctype_ptr__

.data.impure_data
                0x40000094       0x60 load address 0x000042a4
 .data.impure_data
                0x40000094       0x60 c:/embedded/tools/bin/../lib/gcc/arm-none-eabi/5.4.1/../../../../arm-none-eabi/lib\libc_nano.a(lib_a-impure.o)

.data._impure_ptr
                0x400000f4        0x4 load address 0x00004304
 .data._impure_ptr
                0x400000f4        0x4 c:/embedded/tools/bin/../lib/gcc/arm-none-eabi/5.4.1/../../../../arm-none-eabi/lib\libc_nano.a(lib_a-impure.o)
                0x400000f4                _impure_ptr
                0x400000f8                . = ALIGN (0x4)
                0x400000f8                _edata = .
                [!provide]                PROVIDE (edata, .)

.bss            0x400000f8        0xc load address 0x00004308
                0x400000f8                _bss = .
                0x400000f8                __bss_start = .
                0x400000f8                __bss_start__ = .
 *(.bss)
 .bss           0x400000f8        0x0 main.o
 .bss           0x400000f8        0x0 startup/libea_startup_thumb.a(framework.o)
 .bss           0x400000f8        0x0 startup/libea_startup_thumb.a(startup.o)
 .bss           0x400000f8        0x0 startup/libea_startup_thumb.a(consol.o)
 .bss           0x400000f8        0x0 irq/irq_handler.a(irq_handler.o)
 .bss           0x400000f8        0x0 c:/embedded/tools/bin/../lib/gcc/arm-none-eabi/5.4.1\libgcc.a(_udivsi3.o)
 .bss           0x400000f8        0x0 c:/embedded/tools/bin/../lib/gcc/arm-none-eabi/5.4.1\libgcc.a(_dvmd_tls.o)
 .bss           0x400000f8        0x0 c:/embedded/tools/bin/../lib/gcc/arm-none-eabi/5.4.1\libgcc.a(_aeabi_uldivmod.o)
 .bss           0x400000f8        0x0 c:/embedded/tools/bin/../lib/gcc/arm-none-eabi/5.4.1\libgcc.a(_muldi3.o)
 .bss           0x400000f8        0x0 c:/embedded/tools/bin/../lib/gcc/arm-none-eabi/5.4.1\libgcc.a(_udivmoddi4.o)
 .bss           0x400000f8        0x0 c:/embedded/tools/bin/../lib/gcc/arm-none-eabi/5.4.1\libgcc.a(_clzdi2.o)
 .bss           0x400000f8        0x0 c:/embedded/tools/bin/../lib/gcc/arm-none-eabi/5.4.1\libgcc.a(_clzsi2.o)
 .bss           0x400000f8        0x0 c:/embedded/tools/bin/../lib/gcc/arm-none-eabi/5.4.1/../../../../arm-none-eabi/lib\libc_nano.a(lib_a-atoi.o)
 .bss           0x400000f8        0x0 c:/embedded/tools/bin/../lib/gcc/arm-none-eabi/5.4.1/../../../../arm-none-eabi/lib\libc_nano.a(lib_a-printf.o)
 .bss           0x400000f8        0x0 c:/embedded/tools/bin/../lib/gcc/arm-none-eabi/5.4.1/../../../../arm-none-eabi/lib\libc_nano.a(lib_a-puts.o)
 .bss           0x400000f8        0x0 c:/embedded/tools/bin/../lib/gcc/arm-none-eabi/5.4.1/../../../../arm-none-eabi/lib\libc_nano.a(lib_a-strlen.o)
 .bss           0x400000f8        0x0 c:/embedded/tools/bin/../lib/gcc/arm-none-eabi/5.4.1/../../../../arm-none-eabi/lib\libc_nano.a(lib_a-strtol.o)
 .bss           0x400000f8        0x0 c:/embedded/tools/bin/../lib/gcc/arm-none-eabi/5.4.1/../../../../arm-none-eabi/lib\libc_nano.a(lib_a-wbuf.o)
 .bss           0x400000f8        0x0 c:/embedded/tools/bin/../lib/gcc/arm-none-eabi/5.4.1/../../../../arm-none-eabi/lib\libc_nano.a(lib_a-wsetup.o)
 .bss           0x400000f8        0x0 c:/embedded/tools/bin/../lib/gcc/arm-none-eabi/5.4.1/../../../../arm-none-eabi/lib\libc_nano.a(lib_a-ctype_.o)
 .bss           0x400000f8        0x0 c:/embedded/tools/bin/../lib/gcc/arm-none-eabi/5.4.1/../../../../arm-none-eabi/lib\libc_nano.a(lib_a-fflush.o)
 .bss           0x400000f8        0x0 c:/embedded/tools/bin/../lib/gcc/arm-none-eabi/5.4.1/../../../../arm-none-eabi/lib\libc_nano.a(lib_a-findfp.o)
 .bss           0x400000f8        0x0 c:/embedded/tools/bin/../lib/gcc/arm-none-eabi/5.4.1/../../../../arm-none-eabi/lib\libc_nano.a(lib_a-fwalk.o)
 .bss           0x400000f8        0x0 c:/embedded/tools/bin/../lib/gcc/arm-none-eabi/5.4.1/../../../../arm-none-eabi/lib\libc_nano.a(lib_a-impure.o)
 .bss           0x400000f8        0x0 c:/embedded/tools/bin/../lib/gcc/arm-none-eabi/5.4.1/../../../../arm-none-eabi/lib\libc_nano.a(lib_a-makebuf.o)
 .bss           0x400000f8        0x0 c:/embedded/tools/bin/../lib/gcc/arm-none-eabi/5.4.1/../../../../arm-none-eabi/lib\libc_nano.a(lib_a-memset.o)
 .bss           0x400000f8        0x0 c:/embedded/tools/bin/../lib/gcc/arm-none-eabi/5.4.1/../../../../arm-none-eabi/lib\libc_nano.a(lib_a-nano-freer.o)
 .bss           0x400000f8        0x0 c:/embedded/tools/bin/../lib/gcc/arm-none-eabi/5.4.1/../../../../arm-none-eabi/lib\libc_nano.a(lib_a-nano-mallocr.o)
 .bss           0x400000f8        0x0 c:/embedded/tools/bin/../lib/gcc/arm-none-eabi/5.4.1/../../../../arm-none-eabi/lib\libc_nano.a(lib_a-nano-vfprintf.o)
 .bss           0x400000f8        0x0 c:/embedded/tools/bin/../lib/gcc/arm-none-eabi/5.4.1/../../../../arm-none-eabi/lib\libc_nano.a(lib_a-nano-vfprintf_i.o)
 .bss           0x400000f8        0x0 c:/embedded/tools/bin/../lib/gcc/arm-none-eabi/5.4.1/../../../../arm-none-eabi/lib\libc_nano.a(lib_a-sbrkr.o)
 .bss           0x400000f8        0x0 c:/embedded/tools/bin/../lib/gcc/arm-none-eabi/5.4.1/../../../../arm-none-eabi/lib\libc_nano.a(lib_a-stdio.o)
 .bss           0x400000f8        0x0 c:/embedded/tools/bin/../lib/gcc/arm-none-eabi/5.4.1/../../../../arm-none-eabi/lib\libc_nano.a(lib_a-writer.o)
 .bss           0x400000f8        0x0 c:/embedded/tools/bin/../lib/gcc/arm-none-eabi/5.4.1/../../../../arm-none-eabi/lib\libc_nano.a(lib_a-closer.o)
 .bss           0x400000f8        0x0 c:/embedded/tools/bin/../lib/gcc/arm-none-eabi/5.4.1/../../../../arm-none-eabi/lib\libc_nano.a(lib_a-fstatr.o)
 .bss           0x400000f8        0x0 c:/embedded/tools/bin/../lib/gcc/arm-none-eabi/5.4.1/../../../../arm-none-eabi/lib\libc_nano.a(lib_a-fvwrite.o)
 .bss           0x400000f8        0x0 c:/embedded/tools/bin/../lib/gcc/arm-none-eabi/5.4.1/../../../../arm-none-eabi/lib\libc_nano.a(lib_a-isattyr.o)
 .bss           0x400000f8        0x0 c:/embedded/tools/bin/../lib/gcc/arm-none-eabi/5.4.1/../../../../arm-none-eabi/lib\libc_nano.a(lib_a-lseekr.o)
 .bss           0x400000f8        0x0 c:/embedded/tools/bin/../lib/gcc/arm-none-eabi/5.4.1/../../../../arm-none-eabi/lib\libc_nano.a(lib_a-memchr-stub.o)
 .bss           0x400000f8        0x0 c:/embedded/tools/bin/../lib/gcc/arm-none-eabi/5.4.1/../../../../arm-none-eabi/lib\libc_nano.a(lib_a-memcpy-stub.o)
 .bss           0x400000f8        0x0 c:/embedded/tools/bin/../lib/gcc/arm-none-eabi/5.4.1/../../../../arm-none-eabi/lib\libc_nano.a(lib_a-memmove.o)
 .bss           0x400000f8        0x0 c:/embedded/tools/bin/../lib/gcc/arm-none-eabi/5.4.1/../../../../arm-none-eabi/lib\libc_nano.a(lib_a-mlock.o)
 .bss           0x400000f8        0x0 c:/embedded/tools/bin/../lib/gcc/arm-none-eabi/5.4.1/../../../../arm-none-eabi/lib\libc_nano.a(lib_a-nano-reallocr.o)
 .bss           0x400000f8        0x0 c:/embedded/tools/bin/../lib/gcc/arm-none-eabi/5.4.1/../../../../arm-none-eabi/lib\libc_nano.a(lib_a-readr.o)
 .bss           0x400000f8        0x0 c:/embedded/tools/bin/../lib/gcc/arm-none-eabi/5.4.1/../../../../arm-none-eabi/lib\libc_nano.a(lib_a-reent.o)
 .bss           0x400000f8        0x0 c:/embedded/tools/bin/../lib/gcc/arm-none-eabi/5.4.1/../../../../arm-none-eabi/lib\libc_nano.a(lib_a-nano-msizer.o)
 .bss           0x400000f8        0x0 c:/embedded/tools/bin/../lib/gcc/arm-none-eabi/5.4.1\libgcc.a(_divsi3.o)
 .bss           0x400000f8        0x0 c:/embedded/tools/bin/../lib/gcc/arm-none-eabi/5.4.1/../../../../arm-none-eabi/lib\libnosys.a(close.o)
 .bss           0x400000f8        0x0 c:/embedded/tools/bin/../lib/gcc/arm-none-eabi/5.4.1/../../../../arm-none-eabi/lib\libnosys.a(fstat.o)
 .bss           0x400000f8        0x0 c:/embedded/tools/bin/../lib/gcc/arm-none-eabi/5.4.1/../../../../arm-none-eabi/lib\libnosys.a(isatty.o)
 .bss           0x400000f8        0x0 c:/embedded/tools/bin/../lib/gcc/arm-none-eabi/5.4.1/../../../../arm-none-eabi/lib\libnosys.a(lseek.o)
 .bss           0x400000f8        0x0 c:/embedded/tools/bin/../lib/gcc/arm-none-eabi/5.4.1/../../../../arm-none-eabi/lib\libnosys.a(read.o)
 .bss           0x400000f8        0x0 c:/embedded/tools/bin/../lib/gcc/arm-none-eabi/5.4.1/../../../../arm-none-eabi/lib\libnosys.a(sbrk.o)
 .bss           0x400000f8        0x0 c:/embedded/tools/bin/../lib/gcc/arm-none-eabi/5.4.1/../../../../arm-none-eabi/lib\libnosys.a(write.o)
 *(COMMON)
 COMMON         0x400000f8        0x8 startup/libea_startup_thumb.a(framework.o)
                0x400000f8                pHeapEnd
                0x400000fc                pHeapStart
 COMMON         0x40000100        0x4 c:/embedded/tools/bin/../lib/gcc/arm-none-eabi/5.4.1/../../../../arm-none-eabi/lib\libc_nano.a(lib_a-reent.o)
                0x40000100                errno
                0x40000104                . = ALIGN (0x4)
                0x40000104                . = ALIGN (0x4)
                0x40000104                __bss_end = .
                0x40000104                __bss_end__ = .
                0x40000104                _end = .
                0x40000104                PROVIDE (end, .)

.bss.__malloc_sbrk_start
                0x40000104        0x4 load address 0x00004314
 .bss.__malloc_sbrk_start
                0x40000104        0x4 c:/embedded/tools/bin/../lib/gcc/arm-none-eabi/5.4.1/../../../../arm-none-eabi/lib\libc_nano.a(lib_a-nano-mallocr.o)
                0x40000104                __malloc_sbrk_start

.bss.__malloc_free_list
                0x40000108        0x4 load address 0x00004318
 .bss.__malloc_free_list
                0x40000108        0x4 c:/embedded/tools/bin/../lib/gcc/arm-none-eabi/5.4.1/../../../../arm-none-eabi/lib\libc_nano.a(lib_a-nano-mallocr.o)
                0x40000108                __malloc_free_list

.bss.heap_end.4167
                0x4000010c        0x4 load address 0x0000431c
 .bss.heap_end.4167
                0x4000010c        0x4 c:/embedded/tools/bin/../lib/gcc/arm-none-eabi/5.4.1/../../../../arm-none-eabi/lib\libnosys.a(sbrk.o)

.stab           0x00000000      0x444
 *(.stab)
 .stab          0x00000000      0x3b4 startup/libea_startup_thumb.a(startup.o)
 .stab          0x000003b4       0x18 c:/embedded/tools/bin/../lib/gcc/arm-none-eabi/5.4.1/../../../../arm-none-eabi/lib\libnosys.a(close.o)
                                 0x24 (size before relaxing)
 .stab          0x000003cc       0x18 c:/embedded/tools/bin/../lib/gcc/arm-none-eabi/5.4.1/../../../../arm-none-eabi/lib\libnosys.a(fstat.o)
                                 0x24 (size before relaxing)
 .stab          0x000003e4       0x18 c:/embedded/tools/bin/../lib/gcc/arm-none-eabi/5.4.1/../../../../arm-none-eabi/lib\libnosys.a(isatty.o)
                                 0x24 (size before relaxing)
 .stab          0x000003fc       0x18 c:/embedded/tools/bin/../lib/gcc/arm-none-eabi/5.4.1/../../../../arm-none-eabi/lib\libnosys.a(lseek.o)
                                 0x24 (size before relaxing)
 .stab          0x00000414       0x18 c:/embedded/tools/bin/../lib/gcc/arm-none-eabi/5.4.1/../../../../arm-none-eabi/lib\libnosys.a(read.o)
                                 0x24 (size before relaxing)
 .stab          0x0000042c       0x18 c:/embedded/tools/bin/../lib/gcc/arm-none-eabi/5.4.1/../../../../arm-none-eabi/lib\libnosys.a(write.o)
                                 0x24 (size before relaxing)

.stabstr        0x00000000      0x193
 *(.stabstr)
 .stabstr       0x00000000      0x193 startup/libea_startup_thumb.a(startup.o)

.stab.excl
 *(.stab.excl)

.stab.exclstr
 *(.stab.exclstr)

.stab.index
 *(.stab.index)

.stab.indexstr
 *(.stab.indexstr)

.comment        0x00000000       0x6e
 *(.comment)
 .comment       0x00000000       0x6e main.o
                                 0x6f (size before relaxing)
 .comment       0x0000006e       0x6f startup/libea_startup_thumb.a(framework.o)
 .comment       0x0000006e       0x6f startup/libea_startup_thumb.a(consol.o)
 .comment       0x0000006e       0x6f irq/irq_handler.a(irq_handler.o)

.ARM.attributes
                0x00000000       0x2e
 .ARM.attributes
                0x00000000       0x30 main.o
 .ARM.attributes
                0x00000030       0x30 startup/libea_startup_thumb.a(framework.o)
 .ARM.attributes
                0x00000060       0x20 startup/libea_startup_thumb.a(startup.o)
 .ARM.attributes
                0x00000080       0x30 startup/libea_startup_thumb.a(consol.o)
 .ARM.attributes
                0x000000b0       0x30 irq/irq_handler.a(irq_handler.o)
 .ARM.attributes
                0x000000e0       0x18 c:/embedded/tools/bin/../lib/gcc/arm-none-eabi/5.4.1\libgcc.a(_udivsi3.o)
 .ARM.attributes
                0x000000f8       0x18 c:/embedded/tools/bin/../lib/gcc/arm-none-eabi/5.4.1\libgcc.a(_dvmd_tls.o)
 .ARM.attributes
                0x00000110       0x18 c:/embedded/tools/bin/../lib/gcc/arm-none-eabi/5.4.1\libgcc.a(_aeabi_uldivmod.o)
 .ARM.attributes
                0x00000128       0x30 c:/embedded/tools/bin/../lib/gcc/arm-none-eabi/5.4.1\libgcc.a(_muldi3.o)
 .ARM.attributes
                0x00000158       0x30 c:/embedded/tools/bin/../lib/gcc/arm-none-eabi/5.4.1\libgcc.a(_udivmoddi4.o)
 .ARM.attributes
                0x00000188       0x18 c:/embedded/tools/bin/../lib/gcc/arm-none-eabi/5.4.1\libgcc.a(_clzdi2.o)
 .ARM.attributes
                0x000001a0       0x18 c:/embedded/tools/bin/../lib/gcc/arm-none-eabi/5.4.1\libgcc.a(_clzsi2.o)
 .ARM.attributes
                0x000001b8       0x30 c:/embedded/tools/bin/../lib/gcc/arm-none-eabi/5.4.1/../../../../arm-none-eabi/lib\libc_nano.a(lib_a-atoi.o)
 .ARM.attributes
                0x000001e8       0x30 c:/embedded/tools/bin/../lib/gcc/arm-none-eabi/5.4.1/../../../../arm-none-eabi/lib\libc_nano.a(lib_a-printf.o)
 .ARM.attributes
                0x00000218       0x30 c:/embedded/tools/bin/../lib/gcc/arm-none-eabi/5.4.1/../../../../arm-none-eabi/lib\libc_nano.a(lib_a-puts.o)
 .ARM.attributes
                0x00000248       0x1c c:/embedded/tools/bin/../lib/gcc/arm-none-eabi/5.4.1/../../../../arm-none-eabi/lib\libc_nano.a(lib_a-strlen.o)
 .ARM.attributes
                0x00000264       0x30 c:/embedded/tools/bin/../lib/gcc/arm-none-eabi/5.4.1/../../../../arm-none-eabi/lib\libc_nano.a(lib_a-strtol.o)
 .ARM.attributes
                0x00000294       0x30 c:/embedded/tools/bin/../lib/gcc/arm-none-eabi/5.4.1/../../../../arm-none-eabi/lib\libc_nano.a(lib_a-wbuf.o)
 .ARM.attributes
                0x000002c4       0x30 c:/embedded/tools/bin/../lib/gcc/arm-none-eabi/5.4.1/../../../../arm-none-eabi/lib\libc_nano.a(lib_a-wsetup.o)
 .ARM.attributes
                0x000002f4       0x30 c:/embedded/tools/bin/../lib/gcc/arm-none-eabi/5.4.1/../../../../arm-none-eabi/lib\libc_nano.a(lib_a-ctype_.o)
 .ARM.attributes
                0x00000324       0x30 c:/embedded/tools/bin/../lib/gcc/arm-none-eabi/5.4.1/../../../../arm-none-eabi/lib\libc_nano.a(lib_a-fflush.o)
 .ARM.attributes
                0x00000354       0x30 c:/embedded/tools/bin/../lib/gcc/arm-none-eabi/5.4.1/../../../../arm-none-eabi/lib\libc_nano.a(lib_a-findfp.o)
 .ARM.attributes
                0x00000384       0x30 c:/embedded/tools/bin/../lib/gcc/arm-none-eabi/5.4.1/../../../../arm-none-eabi/lib\libc_nano.a(lib_a-fwalk.o)
 .ARM.attributes
                0x000003b4       0x30 c:/embedded/tools/bin/../lib/gcc/arm-none-eabi/5.4.1/../../../../arm-none-eabi/lib\libc_nano.a(lib_a-impure.o)
 .ARM.attributes
                0x000003e4       0x30 c:/embedded/tools/bin/../lib/gcc/arm-none-eabi/5.4.1/../../../../arm-none-eabi/lib\libc_nano.a(lib_a-makebuf.o)
 .ARM.attributes
                0x00000414       0x30 c:/embedded/tools/bin/../lib/gcc/arm-none-eabi/5.4.1/../../../../arm-none-eabi/lib\libc_nano.a(lib_a-memset.o)
 .ARM.attributes
                0x00000444       0x30 c:/embedded/tools/bin/../lib/gcc/arm-none-eabi/5.4.1/../../../../arm-none-eabi/lib\libc_nano.a(lib_a-nano-freer.o)
 .ARM.attributes
                0x00000474       0x30 c:/embedded/tools/bin/../lib/gcc/arm-none-eabi/5.4.1/../../../../arm-none-eabi/lib\libc_nano.a(lib_a-nano-mallocr.o)
 .ARM.attributes
                0x000004a4       0x30 c:/embedded/tools/bin/../lib/gcc/arm-none-eabi/5.4.1/../../../../arm-none-eabi/lib\libc_nano.a(lib_a-nano-vfprintf.o)
 .ARM.attributes
                0x000004d4       0x30 c:/embedded/tools/bin/../lib/gcc/arm-none-eabi/5.4.1/../../../../arm-none-eabi/lib\libc_nano.a(lib_a-nano-vfprintf_i.o)
 .ARM.attributes
                0x00000504       0x30 c:/embedded/tools/bin/../lib/gcc/arm-none-eabi/5.4.1/../../../../arm-none-eabi/lib\libc_nano.a(lib_a-sbrkr.o)
 .ARM.attributes
                0x00000534       0x30 c:/embedded/tools/bin/../lib/gcc/arm-none-eabi/5.4.1/../../../../arm-none-eabi/lib\libc_nano.a(lib_a-stdio.o)
 .ARM.attributes
                0x00000564       0x30 c:/embedded/tools/bin/../lib/gcc/arm-none-eabi/5.4.1/../../../../arm-none-eabi/lib\libc_nano.a(lib_a-writer.o)
 .ARM.attributes
                0x00000594       0x30 c:/embedded/tools/bin/../lib/gcc/arm-none-eabi/5.4.1/../../../../arm-none-eabi/lib\libc_nano.a(lib_a-closer.o)
 .ARM.attributes
                0x000005c4       0x30 c:/embedded/tools/bin/../lib/gcc/arm-none-eabi/5.4.1/../../../../arm-none-eabi/lib\libc_nano.a(lib_a-fstatr.o)
 .ARM.attributes
                0x000005f4       0x30 c:/embedded/tools/bin/../lib/gcc/arm-none-eabi/5.4.1/../../../../arm-none-eabi/lib\libc_nano.a(lib_a-fvwrite.o)
 .ARM.attributes
                0x00000624       0x30 c:/embedded/tools/bin/../lib/gcc/arm-none-eabi/5.4.1/../../../../arm-none-eabi/lib\libc_nano.a(lib_a-isattyr.o)
 .ARM.attributes
                0x00000654       0x30 c:/embedded/tools/bin/../lib/gcc/arm-none-eabi/5.4.1/../../../../arm-none-eabi/lib\libc_nano.a(lib_a-lseekr.o)
 .ARM.attributes
                0x00000684       0x30 c:/embedded/tools/bin/../lib/gcc/arm-none-eabi/5.4.1/../../../../arm-none-eabi/lib\libc_nano.a(lib_a-memchr-stub.o)
 .ARM.attributes
                0x000006b4       0x30 c:/embedded/tools/bin/../lib/gcc/arm-none-eabi/5.4.1/../../../../arm-none-eabi/lib\libc_nano.a(lib_a-memcpy-stub.o)
 .ARM.attributes
                0x000006e4       0x30 c:/embedded/tools/bin/../lib/gcc/arm-none-eabi/5.4.1/../../../../arm-none-eabi/lib\libc_nano.a(lib_a-memmove.o)
 .ARM.attributes
                0x00000714       0x30 c:/embedded/tools/bin/../lib/gcc/arm-none-eabi/5.4.1/../../../../arm-none-eabi/lib\libc_nano.a(lib_a-mlock.o)
 .ARM.attributes
                0x00000744       0x30 c:/embedded/tools/bin/../lib/gcc/arm-none-eabi/5.4.1/../../../../arm-none-eabi/lib\libc_nano.a(lib_a-nano-reallocr.o)
 .ARM.attributes
                0x00000774       0x30 c:/embedded/tools/bin/../lib/gcc/arm-none-eabi/5.4.1/../../../../arm-none-eabi/lib\libc_nano.a(lib_a-readr.o)
 .ARM.attributes
                0x000007a4       0x30 c:/embedded/tools/bin/../lib/gcc/arm-none-eabi/5.4.1/../../../../arm-none-eabi/lib\libc_nano.a(lib_a-reent.o)
 .ARM.attributes
                0x000007d4       0x30 c:/embedded/tools/bin/../lib/gcc/arm-none-eabi/5.4.1/../../../../arm-none-eabi/lib\libc_nano.a(lib_a-nano-msizer.o)
 .ARM.attributes
                0x00000804       0x18 c:/embedded/tools/bin/../lib/gcc/arm-none-eabi/5.4.1\libgcc.a(_divsi3.o)
 .ARM.attributes
                0x0000081c       0x30 c:/embedded/tools/bin/../lib/gcc/arm-none-eabi/5.4.1/../../../../arm-none-eabi/lib\libnosys.a(close.o)
 .ARM.attributes
                0x0000084c       0x30 c:/embedded/tools/bin/../lib/gcc/arm-none-eabi/5.4.1/../../../../arm-none-eabi/lib\libnosys.a(fstat.o)
 .ARM.attributes
                0x0000087c       0x30 c:/embedded/tools/bin/../lib/gcc/arm-none-eabi/5.4.1/../../../../arm-none-eabi/lib\libnosys.a(isatty.o)
 .ARM.attributes
                0x000008ac       0x30 c:/embedded/tools/bin/../lib/gcc/arm-none-eabi/5.4.1/../../../../arm-none-eabi/lib\libnosys.a(lseek.o)
 .ARM.attributes
                0x000008dc       0x30 c:/embedded/tools/bin/../lib/gcc/arm-none-eabi/5.4.1/../../../../arm-none-eabi/lib\libnosys.a(read.o)
 .ARM.attributes
                0x0000090c       0x30 c:/embedded/tools/bin/../lib/gcc/arm-none-eabi/5.4.1/../../../../arm-none-eabi/lib\libnosys.a(sbrk.o)
 .ARM.attributes
                0x0000093c       0x30 c:/embedded/tools/bin/../lib/gcc/arm-none-eabi/5.4.1/../../../../arm-none-eabi/lib\libnosys.a(write.o)

.debug
 *(.debug)

.line
 *(.line)

.debug_srcinfo
 *(.debug_srcinfo)

.debug_sfnames
 *(.debug_sfnames)

.debug_aranges
 *(.debug_aranges)

.debug_pubnames
 *(.debug_pubnames)

.debug_info
 *(.debug_info .gnu.linkonce.wi.*)

.debug_abbrev
 *(.debug_abbrev)

.debug_line
 *(.debug_line)

.debug_frame    0x00000000      0xba8
 *(.debug_frame)
 .debug_frame   0x00000000       0x20 c:/embedded/tools/bin/../lib/gcc/arm-none-eabi/5.4.1\libgcc.a(_udivsi3.o)
 .debug_frame   0x00000020       0x2c c:/embedded/tools/bin/../lib/gcc/arm-none-eabi/5.4.1\libgcc.a(_aeabi_uldivmod.o)
 .debug_frame   0x0000004c       0x2c c:/embedded/tools/bin/../lib/gcc/arm-none-eabi/5.4.1\libgcc.a(_muldi3.o)
 .debug_frame   0x00000078       0x48 c:/embedded/tools/bin/../lib/gcc/arm-none-eabi/5.4.1\libgcc.a(_udivmoddi4.o)
 .debug_frame   0x000000c0       0x48 c:/embedded/tools/bin/../lib/gcc/arm-none-eabi/5.4.1/../../../../arm-none-eabi/lib\libc_nano.a(lib_a-atoi.o)
 .debug_frame   0x00000108       0x74 c:/embedded/tools/bin/../lib/gcc/arm-none-eabi/5.4.1/../../../../arm-none-eabi/lib\libc_nano.a(lib_a-printf.o)
 .debug_frame   0x0000017c       0x44 c:/embedded/tools/bin/../lib/gcc/arm-none-eabi/5.4.1/../../../../arm-none-eabi/lib\libc_nano.a(lib_a-puts.o)
 .debug_frame   0x000001c0       0x58 c:/embedded/tools/bin/../lib/gcc/arm-none-eabi/5.4.1/../../../../arm-none-eabi/lib\libc_nano.a(lib_a-strtol.o)
 .debug_frame   0x00000218       0x4c c:/embedded/tools/bin/../lib/gcc/arm-none-eabi/5.4.1/../../../../arm-none-eabi/lib\libc_nano.a(lib_a-wbuf.o)
 .debug_frame   0x00000264       0x34 c:/embedded/tools/bin/../lib/gcc/arm-none-eabi/5.4.1/../../../../arm-none-eabi/lib\libc_nano.a(lib_a-wsetup.o)
 .debug_frame   0x00000298       0x84 c:/embedded/tools/bin/../lib/gcc/arm-none-eabi/5.4.1/../../../../arm-none-eabi/lib\libc_nano.a(lib_a-fflush.o)
 .debug_frame   0x0000031c      0x160 c:/embedded/tools/bin/../lib/gcc/arm-none-eabi/5.4.1/../../../../arm-none-eabi/lib\libc_nano.a(lib_a-findfp.o)
 .debug_frame   0x0000047c       0x68 c:/embedded/tools/bin/../lib/gcc/arm-none-eabi/5.4.1/../../../../arm-none-eabi/lib\libc_nano.a(lib_a-fwalk.o)
 .debug_frame   0x000004e4       0x60 c:/embedded/tools/bin/../lib/gcc/arm-none-eabi/5.4.1/../../../../arm-none-eabi/lib\libc_nano.a(lib_a-makebuf.o)
 .debug_frame   0x00000544       0x20 c:/embedded/tools/bin/../lib/gcc/arm-none-eabi/5.4.1/../../../../arm-none-eabi/lib\libc_nano.a(lib_a-memset.o)
 .debug_frame   0x00000564       0x34 c:/embedded/tools/bin/../lib/gcc/arm-none-eabi/5.4.1/../../../../arm-none-eabi/lib\libc_nano.a(lib_a-nano-freer.o)
 .debug_frame   0x00000598       0x34 c:/embedded/tools/bin/../lib/gcc/arm-none-eabi/5.4.1/../../../../arm-none-eabi/lib\libc_nano.a(lib_a-nano-mallocr.o)
 .debug_frame   0x000005cc       0xc4 c:/embedded/tools/bin/../lib/gcc/arm-none-eabi/5.4.1/../../../../arm-none-eabi/lib\libc_nano.a(lib_a-nano-vfprintf.o)
 .debug_frame   0x00000690       0x7c c:/embedded/tools/bin/../lib/gcc/arm-none-eabi/5.4.1/../../../../arm-none-eabi/lib\libc_nano.a(lib_a-nano-vfprintf_i.o)
 .debug_frame   0x0000070c       0x34 c:/embedded/tools/bin/../lib/gcc/arm-none-eabi/5.4.1/../../../../arm-none-eabi/lib\libc_nano.a(lib_a-sbrkr.o)
 .debug_frame   0x00000740       0x9c c:/embedded/tools/bin/../lib/gcc/arm-none-eabi/5.4.1/../../../../arm-none-eabi/lib\libc_nano.a(lib_a-stdio.o)
 .debug_frame   0x000007dc       0x34 c:/embedded/tools/bin/../lib/gcc/arm-none-eabi/5.4.1/../../../../arm-none-eabi/lib\libc_nano.a(lib_a-writer.o)
 .debug_frame   0x00000810       0x34 c:/embedded/tools/bin/../lib/gcc/arm-none-eabi/5.4.1/../../../../arm-none-eabi/lib\libc_nano.a(lib_a-closer.o)
 .debug_frame   0x00000844       0x34 c:/embedded/tools/bin/../lib/gcc/arm-none-eabi/5.4.1/../../../../arm-none-eabi/lib\libc_nano.a(lib_a-fstatr.o)
 .debug_frame   0x00000878       0x48 c:/embedded/tools/bin/../lib/gcc/arm-none-eabi/5.4.1/../../../../arm-none-eabi/lib\libc_nano.a(lib_a-fvwrite.o)
 .debug_frame   0x000008c0       0x34 c:/embedded/tools/bin/../lib/gcc/arm-none-eabi/5.4.1/../../../../arm-none-eabi/lib\libc_nano.a(lib_a-isattyr.o)
 .debug_frame   0x000008f4       0x34 c:/embedded/tools/bin/../lib/gcc/arm-none-eabi/5.4.1/../../../../arm-none-eabi/lib\libc_nano.a(lib_a-lseekr.o)
 .debug_frame   0x00000928       0x20 c:/embedded/tools/bin/../lib/gcc/arm-none-eabi/5.4.1/../../../../arm-none-eabi/lib\libc_nano.a(lib_a-memchr-stub.o)
 .debug_frame   0x00000948       0x20 c:/embedded/tools/bin/../lib/gcc/arm-none-eabi/5.4.1/../../../../arm-none-eabi/lib\libc_nano.a(lib_a-memcpy-stub.o)
 .debug_frame   0x00000968       0x20 c:/embedded/tools/bin/../lib/gcc/arm-none-eabi/5.4.1/../../../../arm-none-eabi/lib\libc_nano.a(lib_a-memmove.o)
 .debug_frame   0x00000988       0x30 c:/embedded/tools/bin/../lib/gcc/arm-none-eabi/5.4.1/../../../../arm-none-eabi/lib\libc_nano.a(lib_a-mlock.o)
 .debug_frame   0x000009b8       0x38 c:/embedded/tools/bin/../lib/gcc/arm-none-eabi/5.4.1/../../../../arm-none-eabi/lib\libc_nano.a(lib_a-nano-reallocr.o)
 .debug_frame   0x000009f0       0x34 c:/embedded/tools/bin/../lib/gcc/arm-none-eabi/5.4.1/../../../../arm-none-eabi/lib\libc_nano.a(lib_a-readr.o)
 .debug_frame   0x00000a24       0x64 c:/embedded/tools/bin/../lib/gcc/arm-none-eabi/5.4.1/../../../../arm-none-eabi/lib\libc_nano.a(lib_a-reent.o)
 .debug_frame   0x00000a88       0x20 c:/embedded/tools/bin/../lib/gcc/arm-none-eabi/5.4.1/../../../../arm-none-eabi/lib\libc_nano.a(lib_a-nano-msizer.o)
 .debug_frame   0x00000aa8       0x20 c:/embedded/tools/bin/../lib/gcc/arm-none-eabi/5.4.1\libgcc.a(_divsi3.o)
 .debug_frame   0x00000ac8       0x20 c:/embedded/tools/bin/../lib/gcc/arm-none-eabi/5.4.1/../../../../arm-none-eabi/lib\libnosys.a(close.o)
 .debug_frame   0x00000ae8       0x20 c:/embedded/tools/bin/../lib/gcc/arm-none-eabi/5.4.1/../../../../arm-none-eabi/lib\libnosys.a(fstat.o)
 .debug_frame   0x00000b08       0x20 c:/embedded/tools/bin/../lib/gcc/arm-none-eabi/5.4.1/../../../../arm-none-eabi/lib\libnosys.a(isatty.o)
 .debug_frame   0x00000b28       0x20 c:/embedded/tools/bin/../lib/gcc/arm-none-eabi/5.4.1/../../../../arm-none-eabi/lib\libnosys.a(lseek.o)
 .debug_frame   0x00000b48       0x20 c:/embedded/tools/bin/../lib/gcc/arm-none-eabi/5.4.1/../../../../arm-none-eabi/lib\libnosys.a(read.o)
 .debug_frame   0x00000b68       0x20 c:/embedded/tools/bin/../lib/gcc/arm-none-eabi/5.4.1/../../../../arm-none-eabi/lib\libnosys.a(sbrk.o)
 .debug_frame   0x00000b88       0x20 c:/embedded/tools/bin/../lib/gcc/arm-none-eabi/5.4.1/../../../../arm-none-eabi/lib\libnosys.a(write.o)

.debug_str
 *(.debug_str)

.debug_loc
 *(.debug_loc)

.debug_macinfo
 *(.debug_macinfo)

.debug_weaknames
 *(.debug_weaknames)

.debug_funcnames
 *(.debug_funcnames)

.debug_typenames
 *(.debug_typenames)

.debug_varnames
 *(.debug_varnames)
OUTPUT(MiniDemoGameboard.elf elf32-littlearm)

Cross Reference Table

Symbol                                            File
IRQ_Test                                          irq/irq_handler.a(irq_handler.o)
                                                  main.o
__aeabi_idiv                                      c:/embedded/tools/bin/../lib/gcc/arm-none-eabi/5.4.1\libgcc.a(_divsi3.o)
                                                  c:/embedded/tools/bin/../lib/gcc/arm-none-eabi/5.4.1/../../../../arm-none-eabi/lib\libc_nano.a(lib_a-fvwrite.o)
__aeabi_idiv0                                     c:/embedded/tools/bin/../lib/gcc/arm-none-eabi/5.4.1\libgcc.a(_dvmd_tls.o)
                                                  c:/embedded/tools/bin/../lib/gcc/arm-none-eabi/5.4.1\libgcc.a(_divsi3.o)
                                                  c:/embedded/tools/bin/../lib/gcc/arm-none-eabi/5.4.1\libgcc.a(_udivsi3.o)
__aeabi_idivmod                                   c:/embedded/tools/bin/../lib/gcc/arm-none-eabi/5.4.1\libgcc.a(_divsi3.o)
__aeabi_ldiv0                                     c:/embedded/tools/bin/../lib/gcc/arm-none-eabi/5.4.1\libgcc.a(_dvmd_tls.o)
                                                  c:/embedded/tools/bin/../lib/gcc/arm-none-eabi/5.4.1\libgcc.a(_aeabi_uldivmod.o)
__aeabi_lmul                                      c:/embedded/tools/bin/../lib/gcc/arm-none-eabi/5.4.1\libgcc.a(_muldi3.o)
                                                  main.o
__aeabi_uidiv                                     c:/embedded/tools/bin/../lib/gcc/arm-none-eabi/5.4.1\libgcc.a(_udivsi3.o)
                                                  c:/embedded/tools/bin/../lib/gcc/arm-none-eabi/5.4.1/../../../../arm-none-eabi/lib\libc_nano.a(lib_a-nano-vfprintf_i.o)
                                                  c:/embedded/tools/bin/../lib/gcc/arm-none-eabi/5.4.1/../../../../arm-none-eabi/lib\libc_nano.a(lib_a-strtol.o)
                                                  startup/libea_startup_thumb.a(consol.o)
__aeabi_uidivmod                                  c:/embedded/tools/bin/../lib/gcc/arm-none-eabi/5.4.1\libgcc.a(_udivsi3.o)
                                                  c:/embedded/tools/bin/../lib/gcc/arm-none-eabi/5.4.1/../../../../arm-none-eabi/lib\libc_nano.a(lib_a-nano-vfprintf_i.o)
                                                  c:/embedded/tools/bin/../lib/gcc/arm-none-eabi/5.4.1/../../../../arm-none-eabi/lib\libc_nano.a(lib_a-strtol.o)
                                                  startup/libea_startup_thumb.a(consol.o)
__aeabi_uldivmod                                  c:/embedded/tools/bin/../lib/gcc/arm-none-eabi/5.4.1\libgcc.a(_aeabi_uldivmod.o)
                                                  main.o
__bss_end__                                       startup/libea_startup_thumb.a(startup.o)
__bss_start__                                     startup/libea_startup_thumb.a(startup.o)
__clzdi2                                          c:/embedded/tools/bin/../lib/gcc/arm-none-eabi/5.4.1\libgcc.a(_clzdi2.o)
                                                  c:/embedded/tools/bin/../lib/gcc/arm-none-eabi/5.4.1\libgcc.a(_udivmoddi4.o)
__clzsi2                                          c:/embedded/tools/bin/../lib/gcc/arm-none-eabi/5.4.1\libgcc.a(_clzsi2.o)
                                                  c:/embedded/tools/bin/../lib/gcc/arm-none-eabi/5.4.1\libgcc.a(_clzdi2.o)
__ctype_ptr__                                     c:/embedded/tools/bin/../lib/gcc/arm-none-eabi/5.4.1/../../../../arm-none-eabi/lib\libc_nano.a(lib_a-ctype_.o)
                                                  c:/embedded/tools/bin/../lib/gcc/arm-none-eabi/5.4.1/../../../../arm-none-eabi/lib\libc_nano.a(lib_a-strtol.o)
__divsi3                                          c:/embedded/tools/bin/../lib/gcc/arm-none-eabi/5.4.1\libgcc.a(_divsi3.o)
__fp_lock_all                                     c:/embedded/tools/bin/../lib/gcc/arm-none-eabi/5.4.1/../../../../arm-none-eabi/lib\libc_nano.a(lib_a-findfp.o)
__fp_unlock_all                                   c:/embedded/tools/bin/../lib/gcc/arm-none-eabi/5.4.1/../../../../arm-none-eabi/lib\libc_nano.a(lib_a-findfp.o)
__malloc_free_list                                c:/embedded/tools/bin/../lib/gcc/arm-none-eabi/5.4.1/../../../../arm-none-eabi/lib\libc_nano.a(lib_a-nano-mallocr.o)
                                                  c:/embedded/tools/bin/../lib/gcc/arm-none-eabi/5.4.1/../../../../arm-none-eabi/lib\libc_nano.a(lib_a-nano-freer.o)
__malloc_lock                                     c:/embedded/tools/bin/../lib/gcc/arm-none-eabi/5.4.1/../../../../arm-none-eabi/lib\libc_nano.a(lib_a-mlock.o)
                                                  c:/embedded/tools/bin/../lib/gcc/arm-none-eabi/5.4.1/../../../../arm-none-eabi/lib\libc_nano.a(lib_a-nano-mallocr.o)
                                                  c:/embedded/tools/bin/../lib/gcc/arm-none-eabi/5.4.1/../../../../arm-none-eabi/lib\libc_nano.a(lib_a-nano-freer.o)
__malloc_sbrk_start                               c:/embedded/tools/bin/../lib/gcc/arm-none-eabi/5.4.1/../../../../arm-none-eabi/lib\libc_nano.a(lib_a-nano-mallocr.o)
__malloc_unlock                                   c:/embedded/tools/bin/../lib/gcc/arm-none-eabi/5.4.1/../../../../arm-none-eabi/lib\libc_nano.a(lib_a-mlock.o)
                                                  c:/embedded/tools/bin/../lib/gcc/arm-none-eabi/5.4.1/../../../../arm-none-eabi/lib\libc_nano.a(lib_a-nano-mallocr.o)
                                                  c:/embedded/tools/bin/../lib/gcc/arm-none-eabi/5.4.1/../../../../arm-none-eabi/lib\libc_nano.a(lib_a-nano-freer.o)
__muldi3                                          c:/embedded/tools/bin/../lib/gcc/arm-none-eabi/5.4.1\libgcc.a(_muldi3.o)
__sclose                                          c:/embedded/tools/bin/../lib/gcc/arm-none-eabi/5.4.1/../../../../arm-none-eabi/lib\libc_nano.a(lib_a-stdio.o)
                                                  c:/embedded/tools/bin/../lib/gcc/arm-none-eabi/5.4.1/../../../../arm-none-eabi/lib\libc_nano.a(lib_a-findfp.o)
__seofread                                        c:/embedded/tools/bin/../lib/gcc/arm-none-eabi/5.4.1/../../../../arm-none-eabi/lib\libc_nano.a(lib_a-stdio.o)
__sf_fake_stderr                                  c:/embedded/tools/bin/../lib/gcc/arm-none-eabi/5.4.1/../../../../arm-none-eabi/lib\libc_nano.a(lib_a-findfp.o)
                                                  c:/embedded/tools/bin/../lib/gcc/arm-none-eabi/5.4.1/../../../../arm-none-eabi/lib\libc_nano.a(lib_a-nano-vfprintf.o)
                                                  c:/embedded/tools/bin/../lib/gcc/arm-none-eabi/5.4.1/../../../../arm-none-eabi/lib\libc_nano.a(lib_a-impure.o)
                                                  c:/embedded/tools/bin/../lib/gcc/arm-none-eabi/5.4.1/../../../../arm-none-eabi/lib\libc_nano.a(lib_a-fflush.o)
                                                  c:/embedded/tools/bin/../lib/gcc/arm-none-eabi/5.4.1/../../../../arm-none-eabi/lib\libc_nano.a(lib_a-wsetup.o)
                                                  c:/embedded/tools/bin/../lib/gcc/arm-none-eabi/5.4.1/../../../../arm-none-eabi/lib\libc_nano.a(lib_a-wbuf.o)
                                                  c:/embedded/tools/bin/../lib/gcc/arm-none-eabi/5.4.1/../../../../arm-none-eabi/lib\libc_nano.a(lib_a-puts.o)
__sf_fake_stdin                                   c:/embedded/tools/bin/../lib/gcc/arm-none-eabi/5.4.1/../../../../arm-none-eabi/lib\libc_nano.a(lib_a-findfp.o)
                                                  c:/embedded/tools/bin/../lib/gcc/arm-none-eabi/5.4.1/../../../../arm-none-eabi/lib\libc_nano.a(lib_a-nano-vfprintf.o)
                                                  c:/embedded/tools/bin/../lib/gcc/arm-none-eabi/5.4.1/../../../../arm-none-eabi/lib\libc_nano.a(lib_a-impure.o)
                                                  c:/embedded/tools/bin/../lib/gcc/arm-none-eabi/5.4.1/../../../../arm-none-eabi/lib\libc_nano.a(lib_a-fflush.o)
                                                  c:/embedded/tools/bin/../lib/gcc/arm-none-eabi/5.4.1/../../../../arm-none-eabi/lib\libc_nano.a(lib_a-wsetup.o)
                                                  c:/embedded/tools/bin/../lib/gcc/arm-none-eabi/5.4.1/../../../../arm-none-eabi/lib\libc_nano.a(lib_a-wbuf.o)
                                                  c:/embedded/tools/bin/../lib/gcc/arm-none-eabi/5.4.1/../../../../arm-none-eabi/lib\libc_nano.a(lib_a-puts.o)
__sf_fake_stdout                                  c:/embedded/tools/bin/../lib/gcc/arm-none-eabi/5.4.1/../../../../arm-none-eabi/lib\libc_nano.a(lib_a-findfp.o)
                                                  c:/embedded/tools/bin/../lib/gcc/arm-none-eabi/5.4.1/../../../../arm-none-eabi/lib\libc_nano.a(lib_a-nano-vfprintf.o)
                                                  c:/embedded/tools/bin/../lib/gcc/arm-none-eabi/5.4.1/../../../../arm-none-eabi/lib\libc_nano.a(lib_a-impure.o)
                                                  c:/embedded/tools/bin/../lib/gcc/arm-none-eabi/5.4.1/../../../../arm-none-eabi/lib\libc_nano.a(lib_a-fflush.o)
                                                  c:/embedded/tools/bin/../lib/gcc/arm-none-eabi/5.4.1/../../../../arm-none-eabi/lib\libc_nano.a(lib_a-wsetup.o)
                                                  c:/embedded/tools/bin/../lib/gcc/arm-none-eabi/5.4.1/../../../../arm-none-eabi/lib\libc_nano.a(lib_a-wbuf.o)
                                                  c:/embedded/tools/bin/../lib/gcc/arm-none-eabi/5.4.1/../../../../arm-none-eabi/lib\libc_nano.a(lib_a-puts.o)
__sflush_r                                        c:/embedded/tools/bin/../lib/gcc/arm-none-eabi/5.4.1/../../../../arm-none-eabi/lib\libc_nano.a(lib_a-fflush.o)
__sfmoreglue                                      c:/embedded/tools/bin/../lib/gcc/arm-none-eabi/5.4.1/../../../../arm-none-eabi/lib\libc_nano.a(lib_a-findfp.o)
__sfp                                             c:/embedded/tools/bin/../lib/gcc/arm-none-eabi/5.4.1/../../../../arm-none-eabi/lib\libc_nano.a(lib_a-findfp.o)
__sfp_lock_acquire                                c:/embedded/tools/bin/../lib/gcc/arm-none-eabi/5.4.1/../../../../arm-none-eabi/lib\libc_nano.a(lib_a-findfp.o)
__sfp_lock_release                                c:/embedded/tools/bin/../lib/gcc/arm-none-eabi/5.4.1/../../../../arm-none-eabi/lib\libc_nano.a(lib_a-findfp.o)
__sfputs_r                                        c:/embedded/tools/bin/../lib/gcc/arm-none-eabi/5.4.1/../../../../arm-none-eabi/lib\libc_nano.a(lib_a-nano-vfprintf.o)
__sfvwrite_r                                      c:/embedded/tools/bin/../lib/gcc/arm-none-eabi/5.4.1/../../../../arm-none-eabi/lib\libc_nano.a(lib_a-fvwrite.o)
                                                  c:/embedded/tools/bin/../lib/gcc/arm-none-eabi/5.4.1/../../../../arm-none-eabi/lib\libc_nano.a(lib_a-nano-vfprintf.o)
__sinit                                           c:/embedded/tools/bin/../lib/gcc/arm-none-eabi/5.4.1/../../../../arm-none-eabi/lib\libc_nano.a(lib_a-findfp.o)
                                                  c:/embedded/tools/bin/../lib/gcc/arm-none-eabi/5.4.1/../../../../arm-none-eabi/lib\libc_nano.a(lib_a-nano-vfprintf.o)
                                                  c:/embedded/tools/bin/../lib/gcc/arm-none-eabi/5.4.1/../../../../arm-none-eabi/lib\libc_nano.a(lib_a-fflush.o)
                                                  c:/embedded/tools/bin/../lib/gcc/arm-none-eabi/5.4.1/../../../../arm-none-eabi/lib\libc_nano.a(lib_a-wsetup.o)
                                                  c:/embedded/tools/bin/../lib/gcc/arm-none-eabi/5.4.1/../../../../arm-none-eabi/lib\libc_nano.a(lib_a-wbuf.o)
                                                  c:/embedded/tools/bin/../lib/gcc/arm-none-eabi/5.4.1/../../../../arm-none-eabi/lib\libc_nano.a(lib_a-puts.o)
                                                  c:/embedded/tools/bin/../lib/gcc/arm-none-eabi/5.4.1/../../../../arm-none-eabi/lib\libc_nano.a(lib_a-printf.o)
__sinit_lock_acquire                              c:/embedded/tools/bin/../lib/gcc/arm-none-eabi/5.4.1/../../../../arm-none-eabi/lib\libc_nano.a(lib_a-findfp.o)
__sinit_lock_release                              c:/embedded/tools/bin/../lib/gcc/arm-none-eabi/5.4.1/../../../../arm-none-eabi/lib\libc_nano.a(lib_a-findfp.o)
__smakebuf_r                                      c:/embedded/tools/bin/../lib/gcc/arm-none-eabi/5.4.1/../../../../arm-none-eabi/lib\libc_nano.a(lib_a-makebuf.o)
                                                  c:/embedded/tools/bin/../lib/gcc/arm-none-eabi/5.4.1/../../../../arm-none-eabi/lib\libc_nano.a(lib_a-wsetup.o)
__sprint_r                                        c:/embedded/tools/bin/../lib/gcc/arm-none-eabi/5.4.1/../../../../arm-none-eabi/lib\libc_nano.a(lib_a-nano-vfprintf.o)
__sread                                           c:/embedded/tools/bin/../lib/gcc/arm-none-eabi/5.4.1/../../../../arm-none-eabi/lib\libc_nano.a(lib_a-stdio.o)
                                                  c:/embedded/tools/bin/../lib/gcc/arm-none-eabi/5.4.1/../../../../arm-none-eabi/lib\libc_nano.a(lib_a-findfp.o)
__sseek                                           c:/embedded/tools/bin/../lib/gcc/arm-none-eabi/5.4.1/../../../../arm-none-eabi/lib\libc_nano.a(lib_a-stdio.o)
                                                  c:/embedded/tools/bin/../lib/gcc/arm-none-eabi/5.4.1/../../../../arm-none-eabi/lib\libc_nano.a(lib_a-findfp.o)
__swbuf                                           c:/embedded/tools/bin/../lib/gcc/arm-none-eabi/5.4.1/../../../../arm-none-eabi/lib\libc_nano.a(lib_a-wbuf.o)
__swbuf_r                                         c:/embedded/tools/bin/../lib/gcc/arm-none-eabi/5.4.1/../../../../arm-none-eabi/lib\libc_nano.a(lib_a-wbuf.o)
                                                  c:/embedded/tools/bin/../lib/gcc/arm-none-eabi/5.4.1/../../../../arm-none-eabi/lib\libc_nano.a(lib_a-nano-vfprintf.o)
                                                  c:/embedded/tools/bin/../lib/gcc/arm-none-eabi/5.4.1/../../../../arm-none-eabi/lib\libc_nano.a(lib_a-puts.o)
__swhatbuf_r                                      c:/embedded/tools/bin/../lib/gcc/arm-none-eabi/5.4.1/../../../../arm-none-eabi/lib\libc_nano.a(lib_a-makebuf.o)
__swrite                                          c:/embedded/tools/bin/../lib/gcc/arm-none-eabi/5.4.1/../../../../arm-none-eabi/lib\libc_nano.a(lib_a-stdio.o)
                                                  c:/embedded/tools/bin/../lib/gcc/arm-none-eabi/5.4.1/../../../../arm-none-eabi/lib\libc_nano.a(lib_a-findfp.o)
__swsetup_r                                       c:/embedded/tools/bin/../lib/gcc/arm-none-eabi/5.4.1/../../../../arm-none-eabi/lib\libc_nano.a(lib_a-wsetup.o)
                                                  c:/embedded/tools/bin/../lib/gcc/arm-none-eabi/5.4.1/../../../../arm-none-eabi/lib\libc_nano.a(lib_a-fvwrite.o)
                                                  c:/embedded/tools/bin/../lib/gcc/arm-none-eabi/5.4.1/../../../../arm-none-eabi/lib\libc_nano.a(lib_a-nano-vfprintf.o)
                                                  c:/embedded/tools/bin/../lib/gcc/arm-none-eabi/5.4.1/../../../../arm-none-eabi/lib\libc_nano.a(lib_a-wbuf.o)
                                                  c:/embedded/tools/bin/../lib/gcc/arm-none-eabi/5.4.1/../../../../arm-none-eabi/lib\libc_nano.a(lib_a-puts.o)
__udivmoddi4                                      c:/embedded/tools/bin/../lib/gcc/arm-none-eabi/5.4.1\libgcc.a(_udivmoddi4.o)
                                                  c:/embedded/tools/bin/../lib/gcc/arm-none-eabi/5.4.1\libgcc.a(_aeabi_uldivmod.o)
__udivsi3                                         c:/embedded/tools/bin/../lib/gcc/arm-none-eabi/5.4.1\libgcc.a(_udivsi3.o)
_atoi_r                                           c:/embedded/tools/bin/../lib/gcc/arm-none-eabi/5.4.1/../../../../arm-none-eabi/lib\libc_nano.a(lib_a-atoi.o)
_cleanup                                          c:/embedded/tools/bin/../lib/gcc/arm-none-eabi/5.4.1/../../../../arm-none-eabi/lib\libc_nano.a(lib_a-findfp.o)
_cleanup_r                                        c:/embedded/tools/bin/../lib/gcc/arm-none-eabi/5.4.1/../../../../arm-none-eabi/lib\libc_nano.a(lib_a-findfp.o)
                                                  c:/embedded/tools/bin/../lib/gcc/arm-none-eabi/5.4.1/../../../../arm-none-eabi/lib\libc_nano.a(lib_a-makebuf.o)
_close                                            c:/embedded/tools/bin/../lib/gcc/arm-none-eabi/5.4.1/../../../../arm-none-eabi/lib\libnosys.a(close.o)
                                                  c:/embedded/tools/bin/../lib/gcc/arm-none-eabi/5.4.1/../../../../arm-none-eabi/lib\libc_nano.a(lib_a-closer.o)
_close_r                                          c:/embedded/tools/bin/../lib/gcc/arm-none-eabi/5.4.1/../../../../arm-none-eabi/lib\libc_nano.a(lib_a-closer.o)
                                                  c:/embedded/tools/bin/../lib/gcc/arm-none-eabi/5.4.1/../../../../arm-none-eabi/lib\libc_nano.a(lib_a-stdio.o)
_ctype_                                           c:/embedded/tools/bin/../lib/gcc/arm-none-eabi/5.4.1/../../../../arm-none-eabi/lib\libc_nano.a(lib_a-ctype_.o)
_data                                             startup/libea_startup_thumb.a(startup.o)
_edata                                            startup/libea_startup_thumb.a(startup.o)
_etext                                            startup/libea_startup_thumb.a(startup.o)
_fflush_r                                         c:/embedded/tools/bin/../lib/gcc/arm-none-eabi/5.4.1/../../../../arm-none-eabi/lib\libc_nano.a(lib_a-fflush.o)
                                                  c:/embedded/tools/bin/../lib/gcc/arm-none-eabi/5.4.1/../../../../arm-none-eabi/lib\libc_nano.a(lib_a-fvwrite.o)
                                                  c:/embedded/tools/bin/../lib/gcc/arm-none-eabi/5.4.1/../../../../arm-none-eabi/lib\libc_nano.a(lib_a-findfp.o)
                                                  c:/embedded/tools/bin/../lib/gcc/arm-none-eabi/5.4.1/../../../../arm-none-eabi/lib\libc_nano.a(lib_a-wbuf.o)
_free_r                                           c:/embedded/tools/bin/../lib/gcc/arm-none-eabi/5.4.1/../../../../arm-none-eabi/lib\libc_nano.a(lib_a-nano-freer.o)
                                                  c:/embedded/tools/bin/../lib/gcc/arm-none-eabi/5.4.1/../../../../arm-none-eabi/lib\libc_nano.a(lib_a-reent.o)
                                                  c:/embedded/tools/bin/../lib/gcc/arm-none-eabi/5.4.1/../../../../arm-none-eabi/lib\libc_nano.a(lib_a-nano-reallocr.o)
                                                  c:/embedded/tools/bin/../lib/gcc/arm-none-eabi/5.4.1/../../../../arm-none-eabi/lib\libc_nano.a(lib_a-fvwrite.o)
                                                  c:/embedded/tools/bin/../lib/gcc/arm-none-eabi/5.4.1/../../../../arm-none-eabi/lib\libc_nano.a(lib_a-fflush.o)
                                                  c:/embedded/tools/bin/../lib/gcc/arm-none-eabi/5.4.1/../../../../arm-none-eabi/lib\libc_nano.a(lib_a-wsetup.o)
_fstat                                            c:/embedded/tools/bin/../lib/gcc/arm-none-eabi/5.4.1/../../../../arm-none-eabi/lib\libnosys.a(fstat.o)
                                                  c:/embedded/tools/bin/../lib/gcc/arm-none-eabi/5.4.1/../../../../arm-none-eabi/lib\libc_nano.a(lib_a-fstatr.o)
_fstat_r                                          c:/embedded/tools/bin/../lib/gcc/arm-none-eabi/5.4.1/../../../../arm-none-eabi/lib\libc_nano.a(lib_a-fstatr.o)
                                                  c:/embedded/tools/bin/../lib/gcc/arm-none-eabi/5.4.1/../../../../arm-none-eabi/lib\libc_nano.a(lib_a-makebuf.o)
_fwalk                                            c:/embedded/tools/bin/../lib/gcc/arm-none-eabi/5.4.1/../../../../arm-none-eabi/lib\libc_nano.a(lib_a-fwalk.o)
                                                  c:/embedded/tools/bin/../lib/gcc/arm-none-eabi/5.4.1/../../../../arm-none-eabi/lib\libc_nano.a(lib_a-findfp.o)
_fwalk_reent                                      c:/embedded/tools/bin/../lib/gcc/arm-none-eabi/5.4.1/../../../../arm-none-eabi/lib\libc_nano.a(lib_a-fwalk.o)
                                                  c:/embedded/tools/bin/../lib/gcc/arm-none-eabi/5.4.1/../../../../arm-none-eabi/lib\libc_nano.a(lib_a-findfp.o)
                                                  c:/embedded/tools/bin/../lib/gcc/arm-none-eabi/5.4.1/../../../../arm-none-eabi/lib\libc_nano.a(lib_a-fflush.o)
_global_impure_ptr                                c:/embedded/tools/bin/../lib/gcc/arm-none-eabi/5.4.1/../../../../arm-none-eabi/lib\libc_nano.a(lib_a-impure.o)
                                                  c:/embedded/tools/bin/../lib/gcc/arm-none-eabi/5.4.1/../../../../arm-none-eabi/lib\libc_nano.a(lib_a-findfp.o)
                                                  c:/embedded/tools/bin/../lib/gcc/arm-none-eabi/5.4.1/../../../../arm-none-eabi/lib\libc_nano.a(lib_a-fflush.o)
_impure_ptr                                       c:/embedded/tools/bin/../lib/gcc/arm-none-eabi/5.4.1/../../../../arm-none-eabi/lib\libc_nano.a(lib_a-impure.o)
                                                  c:/embedded/tools/bin/../lib/gcc/arm-none-eabi/5.4.1/../../../../arm-none-eabi/lib\libc_nano.a(lib_a-reent.o)
                                                  c:/embedded/tools/bin/../lib/gcc/arm-none-eabi/5.4.1/../../../../arm-none-eabi/lib\libc_nano.a(lib_a-nano-vfprintf.o)
                                                  c:/embedded/tools/bin/../lib/gcc/arm-none-eabi/5.4.1/../../../../arm-none-eabi/lib\libc_nano.a(lib_a-findfp.o)
                                                  c:/embedded/tools/bin/../lib/gcc/arm-none-eabi/5.4.1/../../../../arm-none-eabi/lib\libc_nano.a(lib_a-fflush.o)
                                                  c:/embedded/tools/bin/../lib/gcc/arm-none-eabi/5.4.1/../../../../arm-none-eabi/lib\libc_nano.a(lib_a-wsetup.o)
                                                  c:/embedded/tools/bin/../lib/gcc/arm-none-eabi/5.4.1/../../../../arm-none-eabi/lib\libc_nano.a(lib_a-wbuf.o)
                                                  c:/embedded/tools/bin/../lib/gcc/arm-none-eabi/5.4.1/../../../../arm-none-eabi/lib\libc_nano.a(lib_a-strtol.o)
                                                  c:/embedded/tools/bin/../lib/gcc/arm-none-eabi/5.4.1/../../../../arm-none-eabi/lib\libc_nano.a(lib_a-puts.o)
                                                  c:/embedded/tools/bin/../lib/gcc/arm-none-eabi/5.4.1/../../../../arm-none-eabi/lib\libc_nano.a(lib_a-printf.o)
_iprintf_r                                        c:/embedded/tools/bin/../lib/gcc/arm-none-eabi/5.4.1/../../../../arm-none-eabi/lib\libc_nano.a(lib_a-printf.o)
_isatty                                           c:/embedded/tools/bin/../lib/gcc/arm-none-eabi/5.4.1/../../../../arm-none-eabi/lib\libnosys.a(isatty.o)
                                                  c:/embedded/tools/bin/../lib/gcc/arm-none-eabi/5.4.1/../../../../arm-none-eabi/lib\libc_nano.a(lib_a-isattyr.o)
_isatty_r                                         c:/embedded/tools/bin/../lib/gcc/arm-none-eabi/5.4.1/../../../../arm-none-eabi/lib\libc_nano.a(lib_a-isattyr.o)
                                                  c:/embedded/tools/bin/../lib/gcc/arm-none-eabi/5.4.1/../../../../arm-none-eabi/lib\libc_nano.a(lib_a-makebuf.o)
_lseek                                            c:/embedded/tools/bin/../lib/gcc/arm-none-eabi/5.4.1/../../../../arm-none-eabi/lib\libnosys.a(lseek.o)
                                                  c:/embedded/tools/bin/../lib/gcc/arm-none-eabi/5.4.1/../../../../arm-none-eabi/lib\libc_nano.a(lib_a-lseekr.o)
_lseek_r                                          c:/embedded/tools/bin/../lib/gcc/arm-none-eabi/5.4.1/../../../../arm-none-eabi/lib\libc_nano.a(lib_a-lseekr.o)
                                                  c:/embedded/tools/bin/../lib/gcc/arm-none-eabi/5.4.1/../../../../arm-none-eabi/lib\libc_nano.a(lib_a-stdio.o)
_malloc_r                                         c:/embedded/tools/bin/../lib/gcc/arm-none-eabi/5.4.1/../../../../arm-none-eabi/lib\libc_nano.a(lib_a-nano-mallocr.o)
                                                  c:/embedded/tools/bin/../lib/gcc/arm-none-eabi/5.4.1/../../../../arm-none-eabi/lib\libc_nano.a(lib_a-nano-reallocr.o)
                                                  c:/embedded/tools/bin/../lib/gcc/arm-none-eabi/5.4.1/../../../../arm-none-eabi/lib\libc_nano.a(lib_a-fvwrite.o)
                                                  c:/embedded/tools/bin/../lib/gcc/arm-none-eabi/5.4.1/../../../../arm-none-eabi/lib\libc_nano.a(lib_a-makebuf.o)
                                                  c:/embedded/tools/bin/../lib/gcc/arm-none-eabi/5.4.1/../../../../arm-none-eabi/lib\libc_nano.a(lib_a-findfp.o)
_malloc_usable_size_r                             c:/embedded/tools/bin/../lib/gcc/arm-none-eabi/5.4.1/../../../../arm-none-eabi/lib\libc_nano.a(lib_a-nano-msizer.o)
                                                  c:/embedded/tools/bin/../lib/gcc/arm-none-eabi/5.4.1/../../../../arm-none-eabi/lib\libc_nano.a(lib_a-nano-reallocr.o)
_printf_common                                    c:/embedded/tools/bin/../lib/gcc/arm-none-eabi/5.4.1/../../../../arm-none-eabi/lib\libc_nano.a(lib_a-nano-vfprintf_i.o)
_printf_float                                     c:/embedded/tools/bin/../lib/gcc/arm-none-eabi/5.4.1/../../../../arm-none-eabi/lib\libc_nano.a(lib_a-nano-vfprintf.o)
_printf_i                                         c:/embedded/tools/bin/../lib/gcc/arm-none-eabi/5.4.1/../../../../arm-none-eabi/lib\libc_nano.a(lib_a-nano-vfprintf_i.o)
                                                  c:/embedded/tools/bin/../lib/gcc/arm-none-eabi/5.4.1/../../../../arm-none-eabi/lib\libc_nano.a(lib_a-nano-vfprintf.o)
_printf_r                                         c:/embedded/tools/bin/../lib/gcc/arm-none-eabi/5.4.1/../../../../arm-none-eabi/lib\libc_nano.a(lib_a-printf.o)
_puts_r                                           c:/embedded/tools/bin/../lib/gcc/arm-none-eabi/5.4.1/../../../../arm-none-eabi/lib\libc_nano.a(lib_a-puts.o)
_read                                             c:/embedded/tools/bin/../lib/gcc/arm-none-eabi/5.4.1/../../../../arm-none-eabi/lib\libnosys.a(read.o)
                                                  c:/embedded/tools/bin/../lib/gcc/arm-none-eabi/5.4.1/../../../../arm-none-eabi/lib\libc_nano.a(lib_a-readr.o)
_read_r                                           c:/embedded/tools/bin/../lib/gcc/arm-none-eabi/5.4.1/../../../../arm-none-eabi/lib\libc_nano.a(lib_a-readr.o)
                                                  c:/embedded/tools/bin/../lib/gcc/arm-none-eabi/5.4.1/../../../../arm-none-eabi/lib\libc_nano.a(lib_a-stdio.o)
_realloc_r                                        c:/embedded/tools/bin/../lib/gcc/arm-none-eabi/5.4.1/../../../../arm-none-eabi/lib\libc_nano.a(lib_a-nano-reallocr.o)
                                                  c:/embedded/tools/bin/../lib/gcc/arm-none-eabi/5.4.1/../../../../arm-none-eabi/lib\libc_nano.a(lib_a-fvwrite.o)
_reclaim_reent                                    c:/embedded/tools/bin/../lib/gcc/arm-none-eabi/5.4.1/../../../../arm-none-eabi/lib\libc_nano.a(lib_a-reent.o)
_sbrk                                             c:/embedded/tools/bin/../lib/gcc/arm-none-eabi/5.4.1/../../../../arm-none-eabi/lib\libnosys.a(sbrk.o)